******************************************************************************
                  TI ARM Linker Unix v16.9.0                   
******************************************************************************
>> Linked Mon Dec 19 20:17:36 2016

OUTPUT FILE NAME:   <cc3200_quadcopter.out>
ENTRY POINT SYMBOL: "_c_int00"  address: 2000cdf5


MEMORY CONFIGURATION

         name            origin    length      used     unused   attr    fill
----------------------  --------  ---------  --------  --------  ----  --------
  SRAM_CODE             20004000   00013000  0000cd16  000062ea  RW X
  SRAM_DATA             20017000   00019000  0000ba0d  0000d5f3  RW X


SEGMENT ALLOCATION MAP

run origin  load origin   length   init length attrs members
----------  ----------- ---------- ----------- ----- -------
20004000    20004000    0000cd20   0000cd20    r-x
  20004000    20004000    0000030c   0000030c    r-- .resetVecs
  20004310    20004310    0000a682   0000a682    r-x .text
  2000e994    2000e994    000021c0   000021c0    r-- .const
  20010b58    20010b58    000001c8   000001c8    r-- .cinit
20017000    20017000    00009a10   00000000    rw-
  20017000    20017000    00009619   00000000    rw- .bss
  2002061c    2002061c    000003f4   00000000    rw- .data
2002e000    2002e000    00002000   00000000    rw-
  2002e000    2002e000    00002000   00000000    rw- .stack


SECTION ALLOCATION MAP

 output                                  attributes/
section   page    origin      length       input sections
--------  ----  ----------  ----------   ----------------
.init_array 
*          0    20004000    00000000     UNINITIALIZED

.text      0    20004310    0000a682     
                  20004310    000005ec     simplelink.a : driver.obj (.text:_SlDrvMsgRead)
                  200048fc    00000544     ti_rtos.a : osi_tirtos.obj (.text)
                  20004e40    00000430     sysbios.aem4 : BIOS.obj (.text:ti_sysbios_family_arm_m3_Hwi_excDumpRegs__I)
                  20005270    00000388     task_wifi.obj (.text)
                  200055f8    0000033c     ti.targets.arm.rtsarm.aem4 : System.oem4 (.text:xdc_runtime_System_doPrint__I)
                  20005934    00000324     rtsv7M4_T_le_eabi.lib : trgdrv.obj (.text)
                  20005c58    00000314     sysbios.aem4 : BIOS.obj (.text:ti_sysbios_knl_Semaphore_pend__E)
                  20005f6c    00000004     ti.targets.arm.rtsarm.aem4 : LoggerBuf.oem4 (.text:LoggerBuf_instanceStartup)
                  20005f70    00000258     sysbios.aem4 : BIOS.obj (.text:ti_sysbios_heaps_HeapMem_free__E)
                  200061c8    00000248     simplelink.a : driver.obj (.text:_SlDrvRxHdrRead)
                  20006410    00000240     sysbios.aem4 : BIOS.obj (.text:ti_sysbios_heaps_HeapMem_alloc__E)
                  20006650    00000224                  : BIOS.obj (.text:ti_sysbios_knl_Task_Instance_finalize__E)
                  20006874    00000004     app_pem4.oem4 (.text:ti_sysbios_BIOS_RtsGateProxy_enter__E)
                  20006878    00000200     sysbios.aem4 : BIOS.obj (.text:ti_sysbios_knl_Task_sleep__E)
                  20006a78    000001fc                  : BIOS.obj (.text:ti_sysbios_family_arm_m3_Hwi_excHandlerMax__I)
                  20006c74    000001d0     simplelink.a : driver.obj (.text:_SlDrvReleasePoolObj)
                  20006e44    000001cc                  : driver.obj (.text:_SlDrvMsgWrite)
                  20007010    000001c8     sysbios.aem4 : BIOS.obj (.text:ti_sysbios_knl_Task_Instance_init__E)
                  200071d8    0000019c                  : BIOS.obj (.text:ti_sysbios_knl_Task_Module_startup__E)
                  20007374    00000190     simplelink.a : driver.obj (.text:_SlDrvWaitForPoolObj)
                  20007504    0000018c     rom_pin_mux_config.obj (.text)
                  20007690    00000174     simplelink.a : driver.obj (.text:_SlDrvDriverCBInit)
                  20007804    00000004     app_pem4.oem4 (.text:ti_sysbios_BIOS_RtsGateProxy_leave__E)
                  20007808    00000174     sysbios.aem4 : BIOS.obj (.text:ti_sysbios_family_arm_m3_Hwi_excBusFault__I)
                  2000797c    00000170     simplelink.a : driver.obj (.text:_SlFindAndSetActiveObj)
                  20007aec    00000004     app_pem4.oem4 (.text:ti_sysbios_family_arm_m3_Hwi_delete)
                  20007af0    00000164     sysbios.aem4 : BIOS.obj (.text:ti_sysbios_family_arm_m3_Hwi_excUsageFault__I)
                  20007c54    00000004     app_pem4.oem4 (.text:ti_sysbios_family_arm_m3_TaskSupport_Module__startupDone__S)
                  20007c58    00000158     sysbios.aem4 : BIOS.obj (.text:ti_sysbios_knl_Mailbox_Instance_init__E)
                  20007db0    00000150     simplelink.a : cc_pal.obj (.text:spi_Open)
                  20007f00    0000014c     sysbios.aem4 : BIOS.obj (.text:ti_sysbios_family_arm_m3_Hwi_dispatchC__I)
                  2000804c    00000004     app_pem4.oem4 (.text:ti_sysbios_heaps_HeapMem_Module_GateProxy_enter__E)
                  20008050    00000148     sysbios.aem4 : BIOS.obj (.text:ti_sysbios_family_arm_m3_Hwi_excMemFault__I)
                  20008198    00000140                  : BIOS.obj (.text:ti_sysbios_knl_Semaphore_post__E)
                  200082d8    0000013c                  : BIOS.obj (.text:ti_sysbios_heaps_HeapMem_Instance_init__E)
                  20008414    00000004     app_pem4.oem4 (.text:ti_sysbios_heaps_HeapMem_Module_GateProxy_leave__E)
                  20008418    0000013c     sysbios.aem4 : BIOS.obj (.text:ti_sysbios_knl_Clock_workFunc__E)
                  20008554    00000138     simplelink.a : socket.obj (.text:sl_Accept)
                  2000868c    00000134     driverlib.a : prcm.obj (.text:PRCMCC3200MCUInit)
                  200087c0    00000130     ti.targets.arm.rtsarm.aem4 : LoggerBuf.oem4 (.text:xdc_runtime_LoggerBuf_write8__E)
                  200088f0    00000128     simplelink.a : driver.obj (.text:_SlDrvDataReadOp)
                  20008a18    00000120     ti.targets.arm.rtsarm.aem4 : Error.oem4 (.text:xdc_runtime_Error_policyDefault__E)
                  20008b38    0000011c     sysbios.aem4 : BIOS.obj (.text:ti_sysbios_knl_Swi_run__I)
                  20008c54    0000010c     BatteryMonitor.obj (.text)
                  20008d60    00000108     simplelink.a : socket.obj (.text:sl_Send)
                  20008e68    00000104                  : driver.obj (.text:_SlDrvDataWriteOp)
                  20008f6c    00000104     ti.targets.arm.rtsarm.aem4 : Core-mem.oem4 (.text:xdc_runtime_Core_createObject__I)
                  20009070    000000fe     simplelink.a : netapp.obj (.text:_SlDrvNetAppEventHandler)
                  2000916e    00000002     rtsv7M4_T_le_eabi.lib : i_div0.obj (.text)
                  20009170    000000fc     ti.targets.arm.rtsarm.aem4 : Startup.oem4 (.text:xdc_runtime_Startup_startMods__I)
                  2000926c    000000fa     rtsv7M4_T_le_eabi.lib : fs_add_t2.obj (.text)
                  20009366    000000f8     app_pem4.oem4 (.text:xdc_runtime_System_printfExtend__I)
                  2000945e    00000002     app_pem4.oem4 (.text:ti_sysbios_BIOS_nullFunc__I)
                  20009460    000000f4     simplelink.a : driver.obj (.text:_SlDrvDriverCBDeinit)
                  20009554    000000f0     driverlib.a : udma.obj (.text:uDMAChannelTransferSet)
                  20009644    000000dc     simplelink.a : cc_pal.obj (.text:spi_Read)
                  20009720    000000d8                  : driver.obj (.text:_SlDrvClassifyRxMsg)
                  200097f8    000000d4                  : device.obj (.text:sl_Stop)
                  200098cc    000000d4     ti.targets.arm.rtsarm.aem4 : LoggerBuf.oem4 (.text:xdc_runtime_LoggerBuf_write4__E)
                  200099a0    000000d0     sysbios.aem4 : m3_Hwi_asm.obj (.text:ti_sysbios_family_arm_m3_Hwi_dispatch__I)
                  20009a70    000000cc                  : BIOS.obj (.text:ti_sysbios_knl_Task_schedule__I)
                  20009b3c    000000cc     ti.targets.arm.rtsarm.aem4 : Core-smem.oem4 (.text:xdc_runtime_Core_constructObject__I)
                  20009c08    000000c8     simplelink.a : netapp.obj (.text:_sl_HandleAsync_DnsGetHostByService)
                  20009cd0    000000c4                  : driver.obj (.text:_SlRemoveFromList)
                  20009d94    00000004     app_pem4.oem4 (.text:ti_sysbios_knl_Clock_TimerProxy_getMaxTicks__E)
                  20009d98    000000c4     sysbios.aem4 : BIOS.obj (.text:ti_sysbios_family_arm_m3_Hwi_Module_startup__E)
                  20009e5c    00000004     app_pem4.oem4 (.text:ti_sysbios_knl_Mailbox_delete)
                  20009e60    000000c0     sysbios.aem4 : BIOS.obj (.text:ti_sysbios_knl_Task_exit__E)
                  20009f20    000000bc     simplelink.a : driver.obj (.text:_SlDrvMsgReadCmdCtx)
                  20009fdc    000000bc                  : device.obj (.text:sl_Start)
                  2000a098    000000bc     sysbios.aem4 : BIOS.obj (.text:ti_sysbios_family_arm_m3_Hwi_excDebugMon__I)
                  2000a154    00000004     app_pem4.oem4 (.text:ti_sysbios_knl_Queue_destruct)
                  2000a158    000000bc     sysbios.aem4 : BIOS.obj (.text:ti_sysbios_family_arm_m3_Hwi_excHardFault__I)
                  2000a214    00000004     app_pem4.oem4 (.text:ti_sysbios_knl_Semaphore_delete)
                  2000a218    000000bc     sysbios.aem4 : BIOS.obj (.text:ti_sysbios_knl_Task_startCore__E)
                  2000a2d4    000000b8     simplelink.a : driver.obj (.text:_SlAsyncEventGenericHandler)
                  2000a38c    00000004     app_pem4.oem4 (.text:ti_sysbios_knl_Semaphore_destruct)
                  2000a390    000000b4     sysbios.aem4 : BIOS.obj (.text:ti_sysbios_gates_GateMutex_enter__E)
                  2000a444    00000004     app_pem4.oem4 (.text:ti_sysbios_knl_Task_delete)
                  2000a448    000000b4     sysbios.aem4 : BIOS.obj (.text:ti_sysbios_knl_Task_checkStacks__E)
                  2000a4fc    00000004     ti.targets.arm.rtsarm.aem4 : Error.oem4 (.text:xdc_runtime_Error_getSite__E)
                  2000a500    000000b4     sysbios.aem4 : BIOS.obj (.text:ti_sysbios_knl_Task_yield__E)
                  2000a5b4    00000004     app_pem4.oem4 (.text:xdc_runtime_LoggerBuf_Module_GateProxy_enter__E)
                  2000a5b8    000000b0     sysbios.aem4 : BIOS.obj (.text:ti_sysbios_knl_Task_postInit__I)
                  2000a668    000000ac                  : BIOS.obj (.text:ti_sysbios_knl_Swi_post__E)
                  2000a714    000000a8     driverlib.a : interrupt.obj (.text:IntEnable)
                  2000a7bc    00000004     app_pem4.oem4 (.text:xdc_runtime_LoggerBuf_Module_GateProxy_leave__E)
                  2000a7c0    000000a8     sysbios.aem4 : BIOS.obj (.text:ti_sysbios_knl_Task_blockI__E)
                  2000a868    000000a0     driverlib.a : spi.obj (.text:SPIConfigSetExpClk)
                  2000a908    000000a0     auto_init.aem4 : auto_init.oem4 (.text)
                  2000a9a8    000000a0     sysbios.aem4 : BIOS.obj (.text:ti_sysbios_family_arm_m3_Hwi_Instance_init__E)
                  2000aa48    0000009c     simplelink.a : driver.obj (.text:_SlDrvMsgReadSpawnCtx)
                  2000aae4    0000009c     rtsv7M4_T_le_eabi.lib : memcpy_t2.obj (.text)
                  2000ab80    0000009c     sysbios.aem4 : BIOS.obj (.text:ti_sysbios_knl_Semaphore_Instance_init__E)
                  2000ac1c    0000009a     ti.targets.arm.rtsarm.aem4 : Text.oem4 (.text:xdc_runtime_Text_putSite__E)
                  2000acb6    00000002     app_pem4.oem4 (.text:xdc_runtime_Startup_reset__I)
                  2000acb8    00000098     sysbios.aem4 : BIOS.obj (.text:ti_sysbios_knl_Mailbox_post__E)
                  2000ad50    00000094     driverlib.a : prcm.obj (.text:PRCMPeripheralClockGet)
                  2000ade4    00000094     ti.targets.arm.rtsarm.aem4 : Text.oem4 (.text:xdc_runtime_Text_putMod__E)
                  2000ae78    00000092     rtsv7M4_T_le_eabi.lib : fs_div_t2.obj (.text)
                  2000af0a    00000006     driverlib.a : utils.obj (.text:UtilsDelay)
                  2000af10    00000090     sysbios.aem4 : BIOS.obj (.text:ti_sysbios_knl_Task_unblockI__E)
                  2000afa0    0000008c     simplelink.a : cc_pal.obj (.text:SetupDMAReceive)
                  2000b02c    0000008c                  : cc_pal.obj (.text:SetupDMASend)
                  2000b0b8    0000008c                  : netapp.obj (.text:_sl_HandleAsync_DnsGetHostByName)
                  2000b144    0000008c                  : netapp.obj (.text:_sl_HandleAsync_PingResponse)
                  2000b1d0    0000008c                  : cc_pal.obj (.text:spi_Write)
                  2000b25c    00000004     app_pem4.oem4 (.text:xdc_runtime_System_Module_GateProxy_enter__E)
                  2000b260    0000008c     sysbios.aem4 : BIOS.obj (.text:ti_sysbios_knl_Mailbox_pend__E)
                  2000b2ec    00000088     driverlib.a : pin.obj (.text:PinConfigSet)
                  2000b374    00000088     simplelink.a : socket.obj (.text:sl_Bind)
                  2000b3fc    00000004     app_pem4.oem4 (.text:xdc_runtime_System_Module_GateProxy_leave__E)
                  2000b400    00000088     sysbios.aem4 : BIOS.obj (.text:ti_sysbios_family_arm_m3_Hwi_initNVIC__E)
                  2000b488    00000088                  : BIOS.obj (.text:ti_sysbios_knl_Mailbox_Module_startup__E)
                  2000b510    00000084     simplelink.a : cc_pal.obj (.text:NwpPowerOnPreamble)
                  2000b594    00000080                  : driver.obj (.text:_SlDrvCmdOp)
                  2000b614    00000080                  : cc_pal.obj (.text:spi_Read_CPU)
                  2000b694    00000080                  : cc_pal.obj (.text:spi_Write_CPU)
                  2000b714    00000080     ti.targets.arm.rtsarm.aem4 : LoggerBuf.oem4 (.text:xdc_runtime_LoggerBuf_setFilterLevel__E)
                  2000b794    0000007c     simplelink.a : device.obj (.text:_sl_HandleAsync_InitComplete)
                  2000b810    0000007a     rtsv7M4_T_le_eabi.lib : fs_mul_t2.obj (.text)
                  2000b88a    0000007a                           : memset_t2.obj (.text)
                  2000b904    00000078     simplelink.a : socket.obj (.text:_sl_HandleAsync_Connect)
                  2000b97c    00000078                  : cc_pal.obj (.text:spi_Close)
                  2000b9f4    00000074                  : socket.obj (.text:sl_Recv)
                  2000ba68    00000074     sysbios.aem4 : BIOS.obj (.text:ti_sysbios_family_arm_m3_Hwi_postInit__I)
                  2000badc    00000004     ti.targets.arm.rtsarm.aem4 : System.oem4 (.text:xdc_runtime_System_aprintf_va__F)
                  2000bae0    00000070     sysbios.aem4 : BIOS.obj (.text:ti_sysbios_knl_Mailbox_Instance_finalize__E)
                  2000bb50    00000070     ti.targets.arm.rtsarm.aem4 : Memory.oem4 (.text:xdc_runtime_Memory_alloc__E)
                  2000bbc0    0000006c     simplelink.a : driver.obj (.text:_SlDrvCmdSend)
                  2000bc2c    0000006c     ti.targets.arm.rtsarm.aem4 : Error.oem4 (.text:xdc_runtime_Error_print__E)
                  2000bc98    0000006c                                : LoggerBuf.oem4 (.text:xdc_runtime_LoggerBuf_getFilterLevel__E)
                  2000bd04    00000068     simplelink.a : netapp.obj (.text:_sl_NetAppSendTokenValue)
                  2000bd6c    00000068     rtsv7M4_T_le_eabi.lib : copy_decompress_lzss.obj (.text:decompress:lzss)
                  2000bdd4    00000068                           : trgmsg.obj (.text)
                  2000be3c    00000068     simplelink.a : socket.obj (.text:sl_SetSockOpt)
                  2000bea4    00000068                  : wlan.obj (.text:sl_WlanSet)
                  2000bf0c    00000066     ti.targets.arm.rtsarm.aem4 : Core-mem.oem4 (.text:xdc_runtime_Core_deleteObject__I)
                  2000bf72    00000002     --HOLE-- [fill = 0]
                  2000bf74    00000064     app_pem4.oem4 (.text:ti_sysbios_family_arm_m3_Hwi_create)
                  2000bfd8    00000064     sysbios.aem4 : BIOS.obj (.text:ti_sysbios_family_arm_m3_TimestampProvider_get64__E)
                  2000c03c    00000064     app_pem4.oem4 (.text:ti_sysbios_knl_Mailbox_create)
                  2000c0a0    00000064     driverlib.a : udma.obj (.text:uDMAChannelAttributeDisable)
                  2000c104    00000064                 : udma.obj (.text:uDMAChannelAttributeEnable)
                  2000c168    00000060     rtsv7M4_T_le_eabi.lib : fs_cmp_t2.obj (.text:__aeabi_cfcmple)
                  2000c1c8    00000060     simplelink.a : socket.obj (.text:_sl_HandleAsync_Accept)
                  2000c228    00000060     main.obj (.text)
                  2000c288    00000060     sysbios.aem4 : BIOS.obj (.text:ti_sysbios_knl_Clock_logTick__E)
                  2000c2e8    00000060     ti.targets.arm.rtsarm.aem4 : System.oem4 (.text:xdc_runtime_System_formatNum__I)
                  2000c348    0000005c     simplelink.a : socket.obj (.text:sl_Socket)
                  2000c3a4    00000004     ti.targets.arm.rtsarm.aem4 : System.oem4 (.text:xdc_runtime_System_printf_va__F)
                  2000c3a8    0000005c     sysbios.aem4 : BIOS.obj (.text:ti_sysbios_knl_Swi_restoreHwi__E)
                  2000c404    00000004     --HOLE-- [fill = 0]
                  2000c408    0000005c                  : BIOS.obj (.text:ti_sysbios_knl_Swi_schedule__I)
                  2000c464    0000005c     app_pem4.oem4 (.text:ti_sysbios_knl_Task_create)
                  2000c4c0    0000005c     app_pem4.oem4 (.text:xdc_runtime_LoggerBuf_Object__create__S)
                  2000c51c    0000005b     ti.targets.arm.rtsarm.aem4 : Text.oem4 (.text:xdc_runtime_Text_putLab__E)
                  2000c577    00000001     --HOLE-- [fill = 0]
                  2000c578    00000058     driverlib.a : interrupt.obj (.text:IntPendClear)
                  2000c5d0    00000058                 : prcm.obj (.text:PRCMPeripheralReset)
                  2000c628    00000058     sysbios.aem4 : BIOS.obj (.text:ti_sysbios_family_arm_m3_Timer_setPeriod__E)
                  2000c680    00000054     simplelink.a : socket.obj (.text:_sl_HandleAsync_Select)
                  2000c6d4    00000054     rtsv7M4_T_le_eabi.lib : exit.obj (.text)
                  2000c728    00000054     sysbios.aem4 : BIOS.obj (.text:ti_sysbios_family_arm_m3_Timer_start__E)
                  2000c77c    00000050     simplelink.a : device.obj (.text:_sl_HandleAsync_Stop)
                  2000c7cc    00000050     ti.targets.arm.rtsarm.aem4 : Startup.oem4 (.text:xdc_runtime_Startup_exec__E)
                  2000c81c    00000050                                : Text.oem4 (.text:xdc_runtime_Text_visitRope2__I)
                  2000c86c    0000004c     driverlib.a : spi.obj (.text:SPIIntEnable)
                  2000c8b8    0000004c     simplelink.a : driver.obj (.text:_SlDrvProtectAsyncRespSetting)
                  2000c904    0000004c                  : driver.obj (.text:_SlDrvRxIrqHandler)
                  2000c950    0000004c                  : socket.obj (.text:_sl_BuildAddress)
                  2000c99c    0000004c     rtsv7M4_T_le_eabi.lib : cpy_tbl.obj (.text)
                  2000c9e8    0000004c     sysbios.aem4 : m3_TaskSupport_asm.obj (.text:ti_sysbios_family_arm_m3_TaskSupport_buildTaskStack)
                  2000ca34    00000004     --HOLE-- [fill = 0]
                  2000ca38    0000004c                  : BIOS.obj (.text:ti_sysbios_heaps_HeapMem_getStats__E)
                  2000ca84    00000004     --HOLE-- [fill = 0]
                  2000ca88    0000004c                  : BIOS.obj (.text:ti_sysbios_knl_Swi_runLoop__I)
                  2000cad4    00000004     --HOLE-- [fill = 0]
                  2000cad8    0000004c                  : BIOS.obj (.text:ti_sysbios_knl_Task_allBlockedFunction__I)
                  2000cb24    0000004c     driverlib.a : udma.obj (.text:uDMAChannelAssign)
                  2000cb70    00000048                 : spi.obj (.text:SPIIntClear)
                  2000cbb8    00000048     sysbios.aem4 : BIOS.obj (.text:ti_sysbios_family_arm_m3_Hwi_disableInterrupt__E)
                  2000cc00    00000048                  : BIOS.obj (.text:ti_sysbios_family_arm_m3_Hwi_enableInterrupt__E)
                  2000cc48    00000048                  : BIOS.obj (.text:ti_sysbios_family_arm_m3_Hwi_excReserved__I)
                  2000cc90    00000048                  : m3_Hwi_asm_switch.obj (.text:ti_sysbios_family_arm_m3_Hwi_initStacks__E)
                  2000ccd8    00000048                  : BIOS.obj (.text:ti_sysbios_family_arm_m3_Timer_initDevice__I)
                  2000cd20    00000048     ti.targets.arm.rtsarm.aem4 : Assert.oem4 (.text:xdc_runtime_Assert_raise__I)
                  2000cd68    00000046                                : Core-params.oem4 (.text:xdc_runtime_Core_assignParams__I)
                  2000cdae    00000002     --HOLE-- [fill = 0]
                  2000cdb0    00000044     driverlib.a : spi.obj (.text:SPIDmaMaskGet)
                  2000cdf4    00000044     boot.aem4 : boot.oem4 (.text)
                  2000ce38    00000044     simplelink.a : cc_pal.obj (.text:cc_SetupTransfer)
                  2000ce7c    00000004     --HOLE-- [fill = 0]
                  2000ce80    00000044     sysbios.aem4 : BIOS.obj (.text:ti_sysbios_family_arm_m3_Hwi_getStackInfo__E)
                  2000cec4    00000004     --HOLE-- [fill = 0]
                  2000cec8    00000044                  : BIOS.obj (.text:ti_sysbios_knl_Mailbox_postInit__I)
                  2000cf0c    00000044     ti.targets.arm.rtsarm.aem4 : Error.oem4 (.text:xdc_runtime_Error_setX__E)
                  2000cf50    00000044                                : LoggerBuf.oem4 (.text:xdc_runtime_LoggerBuf_filterOutEvent__I)
                  2000cf94    00000044                                : SysMin.oem4 (.text:xdc_runtime_SysMin_flush__E)
                  2000cfd8    00000040     driverlib.a : pin.obj (.text:PinModeSet)
                  2000d018    00000040     rtsv7M4_T_le_eabi.lib : u_divt2.obj (.text)
                  2000d058    00000040     sysbios.aem4 : BIOS.obj (.text:ti_sysbios_family_arm_m3_Timer_Module_startup__E)
                  2000d098    0000003c     simplelink.a : netapp.obj (.text:CopyPingResultsToReport)
                  2000d0d4    0000003c     driverlib.a : prcm.obj (.text:PRCMPeripheralClkEnable)
                  2000d110    0000003c     simplelink.a : socket.obj (.text:_sl_TruncatePayloadByProtocol)
                  2000d14c    0000003c                  : socket.obj (.text:sl_Htons)
                  2000d188    0000003c                  : socket.obj (.text:sl_Listen)
                  2000d1c4    00000004     --HOLE-- [fill = 0]
                  2000d1c8    0000003c     sysbios.aem4 : BIOS.obj (.text:ti_sysbios_family_arm_m3_Hwi_excSvCall__I)
                  2000d204    00000004     --HOLE-- [fill = 0]
                  2000d208    0000003c                  : BIOS.obj (.text:ti_sysbios_family_arm_m3_TaskSupport_start__E)
                  2000d244    00000004     --HOLE-- [fill = 0]
                  2000d248    0000003c                  : BIOS.obj (.text:ti_sysbios_heaps_HeapMem_init__I)
                  2000d284    00000004     --HOLE-- [fill = 0]
                  2000d288    0000003c                  : BIOS.obj (.text:ti_sysbios_knl_Swi_startup__E)
                  2000d2c4    0000003c     driverlib.a : udma.obj (.text:uDMAChannelControlSet)
                  2000d300    0000003c     ti.targets.arm.rtsarm.aem4 : Text.oem4 (.text:xdc_runtime_Text_xprintf__I)
                  2000d33c    0000003a                                : LoggerBuf.oem4 (.text:xdc_runtime_LoggerBuf_Instance_init__E)
                  2000d376    00000038     driverlib.a : adc.obj (.text:ADCChannelEnable)
                  2000d3ae    00000002     --HOLE-- [fill = 0]
                  2000d3b0    00000038     simplelink.a : cc_pal.obj (.text:NwpPowerOff)
                  2000d3e8    00000038     rtsv7M4_T_le_eabi.lib : fs_toi_t2.obj (.text)
                  2000d420    00000038     sysbios.aem4 : BIOS.obj (.text:ti_sysbios_family_arm_m3_Hwi_excNoIsr__I)
                  2000d458    00000038                  : BIOS.obj (.text:ti_sysbios_knl_Task_processVitalTaskFlag__I)
                  2000d490    00000038     ti.targets.arm.rtsarm.aem4 : SysMin.oem4 (.text:xdc_runtime_SysMin_putch__E)
                  2000d4c8    00000038                                : System.oem4 (.text:xdc_runtime_System_atexit__E)
                  2000d500    00000036     driverlib.a : gpio.obj (.text:GPIODirModeSet)
                  2000d536    00000002     --HOLE-- [fill = 0]
                  2000d538    00000034                 : prcm.obj (.text:PRCMPeripheralStatusGet)
                  2000d56c    00000034                 : spi.obj (.text:SPIFIFOLevelSet)
                  2000d5a0    00000034     rtsv7M4_T_le_eabi.lib : fs_tou_t2.obj (.text)
                  2000d5d4    00000004     --HOLE-- [fill = 0]
                  2000d5d8    00000034     sysbios.aem4 : BIOS.obj (.text:ti_sysbios_family_arm_m3_Hwi_excNmi__I)
                  2000d60c    00000004     --HOLE-- [fill = 0]
                  2000d610    00000034                  : BIOS.obj (.text:ti_sysbios_family_arm_m3_Timer_periodicStub__I)
                  2000d644    00000004     --HOLE-- [fill = 0]
                  2000d648    00000034                  : BIOS.obj (.text:ti_sysbios_hal_Hwi_checkStack)
                  2000d67c    00000034     app_pem4.oem4 (.text:ti_sysbios_knl_Semaphore_create)
                  2000d6b0    00000034     ti.targets.arm.rtsarm.aem4 : Core-label.oem4 (.text:xdc_runtime_Core_assignLabel__I)
                  2000d6e4    00000033                                : Text.oem4 (.text:xdc_runtime_Text_printVisFxn__I)
                  2000d717    00000001     --HOLE-- [fill = 0]
                  2000d718    00000032     sysbios.aem4 : BIOS.obj (.text:ti_sysbios_hal_Hwi_initStack)
                  2000d74a    00000006     ti.targets.arm.rtsarm.aem4 : System.oem4 (.text:xdc_runtime_System_Module_startup__E)
                  2000d750    00000032     sysbios.aem4 : BIOS.obj (.text:ti_sysbios_knl_Semaphore_pendTimeout__I)
                  2000d782    00000030     driverlib.a : pin.obj (.text:PinTypeGPIO)
                  2000d7b2    00000030     simplelink.a : device.obj (.text:_SlDrvDeviceEventHandler)
                  2000d7e2    00000002     --HOLE-- [fill = 0]
                  2000d7e4    00000030                  : socket.obj (.text:sl_Close)
                  2000d814    00000030                  : wlan.obj (.text:sl_WlanSetMode)
                  2000d844    00000030     app_pem4.oem4 (.text:ti_sysbios_BIOS_atExitFunc__I)
                  2000d874    00000030     app_pem4.oem4 (.text:ti_sysbios_gates_GateHwi_Object__create__S)
                  2000d8a4    00000030     app_pem4.oem4 (.text:ti_sysbios_gates_GateMutex_Object__create__S)
                  2000d8d4    00000030     app_pem4.oem4 (.text:ti_sysbios_heaps_HeapMem_Object__create__S)
                  2000d904    00000030     app_pem4.oem4 (.text:ti_sysbios_knl_Semaphore_construct)
                  2000d934    00000030     ti.targets.arm.rtsarm.aem4 : SysMin.oem4 (.text:xdc_runtime_SysMin_abort__E)
                  2000d964    00000030                                : System.oem4 (.text:xdc_runtime_System_processAtExit__E)
                  2000d994    0000002e     app_pem4.oem4 (.text:malloc)
                  2000d9c2    00000002     --HOLE-- [fill = 0]
                  2000d9c4    0000002c     simplelink.a : cc_pal.obj (.text:DmaSpiSwIntHandler)
                  2000d9f0    0000002c                  : cc_pal.obj (.text:NwpPowerOn)
                  2000da1c    0000002c     driverlib.a : prcm.obj (.text:PRCMSysResetCauseGet)
                  2000da48    0000002c     app_pem4.oem4 (.text:ti_sysbios_knl_Clock_doTick__I)
                  2000da74    0000002c     app_pem4.oem4 (.text:ti_sysbios_knl_Queue_construct)
                  2000daa0    0000002c     sysbios.aem4 : BIOS.obj (.text:ti_sysbios_knl_Task_restore__E)
                  2000dacc    0000002c     ti.targets.arm.rtsarm.aem4 : Text.oem4 (.text:xdc_runtime_Text_cordText__E)
                  2000daf8    0000002a                                : System.oem4 (.text:xdc_runtime_System_putchar__I)
                  2000db22    00000002     --HOLE-- [fill = 0]
                  2000db24    00000028     driverlib.a : prcm.obj (.text:PRCMPeripheralClkDisable)
                  2000db4c    00000028     simplelink.a : netapp.obj (.text:sl_NetAppStart)
                  2000db74    00000004     --HOLE-- [fill = 0]
                  2000db78    00000028     sysbios.aem4 : BIOS.obj (.text:ti_sysbios_family_arm_m3_Hwi_Instance_finalize__E)
                  2000dba0    00000028                  : BIOS.obj (.text:ti_sysbios_knl_Swi_Module_startup__E)
                  2000dbc8    00000028     ti.targets.arm.rtsarm.aem4 : LoggerBuf.oem4 (.text:xdc_runtime_LoggerBuf_Module_startup__E)
                  2000dbf0    00000026     simplelink.a : cc_pal.obj (.text:NwpRegisterInterruptHandler)
                  2000dc16    00000026     ti.targets.arm.rtsarm.aem4 : System.oem4 (.text:xdc_runtime_System_avprintf__E)
                  2000dc3c    00000024     simplelink.a : driver.obj (.text:_SlDrvProtectionObjLockWaitForever)
                  2000dc60    00000024     rtsv7M4_T_le_eabi.lib : u_tofs_t2.obj (.text)
                  2000dc84    00000024     app_pem4.oem4 (.text:ti_sysbios_BIOS_errorRaiseHook__I)
                  2000dca8    00000024     app_pem4.oem4 (.text:ti_sysbios_BIOS_registerRTSLock__I)
                  2000dccc    00000024     app_pem4.oem4 (.text:ti_sysbios_BIOS_removeRTSLock__I)
                  2000dcf0    00000024     app_pem4.oem4 (.text:ti_sysbios_BIOS_startFunc__I)
                  2000dd14    00000004     --HOLE-- [fill = 0]
                  2000dd18    00000024     sysbios.aem4 : BIOS.obj (.text:ti_sysbios_family_arm_m3_Hwi_doTaskRestore__I)
                  2000dd3c    00000004     --HOLE-- [fill = 0]
                  2000dd40    00000024                  : BIOS.obj (.text:ti_sysbios_family_arm_m3_Timer_startup__E)
                  2000dd64    00000024     app_pem4.oem4 (.text:ti_sysbios_gates_GateMutex_Object__delete__S)
                  2000dd88    00000024     sysbios.aem4 : BIOS.obj (.text:ti_sysbios_knl_Clock_Module_startup__E)
                  2000ddac    00000024     app_pem4.oem4 (.text:ti_sysbios_knl_Semaphore_Object__delete__S)
                  2000ddd0    00000024     ti.targets.arm.rtsarm.aem4 : System.oem4 (.text:xdc_runtime_System_vprintf__E)
                  2000ddf4    00000022     driverlib.a : spi.obj (.text:SPIReset)
                  2000de16    00000022                 : spi.obj (.text:SPIWordCountSet)
                  2000de38    00000022     app_pem4.oem4 (.text:xdc_runtime_SysMin_output__I)
                  2000de5a    00000020     driverlib.a : gpio.obj (.text:GPIOPinWrite)
                  2000de7a    00000002     --HOLE-- [fill = 0]
                  2000de7c    00000020     simplelink.a : driver.obj (.text:_SlDrvProtectionObjUnLock)
                  2000de9c    00000020     app_pem4.oem4 (.text:ti_sysbios_BIOS_rtsLock__I)
                  2000debc    00000020     app_pem4.oem4 (.text:ti_sysbios_family_arm_m3_Hwi_Object__delete__S)
                  2000dedc    00000020     sysbios.aem4 : m3_Hwi_asm.obj (.text:ti_sysbios_family_arm_m3_Hwi_excHandlerAsm__I)
                  2000defc    00000004     --HOLE-- [fill = 0]
                  2000df00    00000020                  : BIOS.obj (.text:ti_sysbios_family_arm_m3_Hwi_excHandler__I)
                  2000df20    00000020                  : BIOS.obj (.text:ti_sysbios_family_arm_m3_TimestampProvider_Module_startup__E)
                  2000df40    00000020     app_pem4.oem4 (.text:ti_sysbios_gates_GateHwi_Object__delete__S)
                  2000df60    00000020     app_pem4.oem4 (.text:ti_sysbios_heaps_HeapMem_Object__delete__S)
                  2000df80    00000020     sysbios.aem4 : BIOS.obj (.text:ti_sysbios_knl_Idle_run__E)
                  2000dfa0    00000020     app_pem4.oem4 (.text:ti_sysbios_knl_Mailbox_Object__delete__S)
                  2000dfc0    00000020     app_pem4.oem4 (.text:ti_sysbios_knl_Semaphore_Object__destruct__S)
                  2000dfe0    00000020     app_pem4.oem4 (.text:ti_sysbios_knl_Task_Object__delete__S)
                  2000e000    00000020     app_pem4.oem4 (.text:xdc_runtime_LoggerBuf_Object__delete__S)
                  2000e020    00000020     ti.targets.arm.rtsarm.aem4 : LoggerBuf.oem4 (.text:xdc_runtime_LoggerBuf_reset__E)
                  2000e040    00000020                                : Registry.oem4 (.text:xdc_runtime_Registry_findById__E)
                  2000e060    00000020                                : SysMin.oem4 (.text:xdc_runtime_SysMin_Module_startup__E)
                  2000e080    0000001e     simplelink.a : cc_pal.obj (.text:cc_UDMAChannelSelect)
                  2000e09e    0000001e     sysbios.aem4 : m3_Hwi_asm_switch.obj (.text:ti_sysbios_family_xxx_Hwi_switchAndRunFunc)
                  2000e0bc    0000001c     driverlib.a : adc.obj (.text:ADCFIFOLvlGet)
                  2000e0d8    0000001c     simplelink.a : driver.obj (.text:_SlDrvObjLockWaitForever)
                  2000e0f4    0000001c                  : driver.obj (.text:_SlDrvSyncObjWaitForever)
                  2000e110    0000001c     sysbios.aem4 : BIOS.obj (.text:ti_sysbios_family_arm_m3_Hwi_setPriority__E)
                  2000e12c    00000004     --HOLE-- [fill = 0]
                  2000e130    0000001c                  : BIOS.obj (.text:ti_sysbios_gates_GateMutex_Instance_init__E)
                  2000e14c    0000001c     app_pem4.oem4 (.text:ti_sysbios_knl_Queue_Object__destruct__S)
                  2000e168    0000001c     sysbios.aem4 : BIOS.obj (.text:ti_sysbios_knl_Task_enter__I)
                  2000e184    0000001c     driverlib.a : udma.obj (.text:uDMAChannelEnable)
                  2000e1a0    0000001c     ti.targets.arm.rtsarm.aem4 : Error.oem4 (.text:xdc_runtime_Error_raiseX__E)
                  2000e1bc    0000001c                                : Memory.oem4 (.text:xdc_runtime_Memory_valloc__E)
                  2000e1d8    0000001c                                : SysMin.oem4 (.text:xdc_runtime_SysMin_exit__E)
                  2000e1f4    0000001c                                : System.oem4 (.text:xdc_runtime_System_abort__E)
                  2000e210    0000001a     driverlib.a : pin.obj (.text:PinTypeSPI)
                  2000e22a    0000001a                 : spi.obj (.text:SPIDmaDisable)
                  2000e244    0000001a                 : spi.obj (.text:SPIDmaEnable)
                  2000e25e    0000001a                 : spi.obj (.text:SPIFIFODisable)
                  2000e278    0000001a                 : spi.obj (.text:SPIFIFOEnable)
                  2000e292    0000001a     app_pem4.oem4 (.text:ti_sysbios_family_arm_m3_Hwi_Handle__label__S)
                  2000e2ac    0000001a     sysbios.aem4 : m3_Hwi_asm.obj (.text:ti_sysbios_family_arm_m3_Hwi_pendSV__I)
                  2000e2c6    0000001a     app_pem4.oem4 (.text:ti_sysbios_gates_GateHwi_Handle__label__S)
                  2000e2e0    0000001a     app_pem4.oem4 (.text:ti_sysbios_gates_GateMutex_Handle__label__S)
                  2000e2fa    0000001a     app_pem4.oem4 (.text:ti_sysbios_heaps_HeapMem_Handle__label__S)
                  2000e314    0000001a     app_pem4.oem4 (.text:ti_sysbios_knl_Swi_Handle__label__S)
                  2000e32e    0000001a     app_pem4.oem4 (.text:ti_sysbios_knl_Task_Handle__label__S)
                  2000e348    0000001a     sysbios.aem4 : BIOS.obj (.text:ti_sysbios_knl_Task_sleepTimeout__I)
                  2000e362    0000001a     app_pem4.oem4 (.text:xdc_runtime_LoggerBuf_Handle__label__S)
                  2000e37c    0000001a     app_pem4.oem4 (.text:xdc_runtime_System_aprintf__E)
                  2000e396    0000001a     app_pem4.oem4 (.text:xdc_runtime_System_printf__E)
                  2000e3b0    00000018     driverlib.a : adc.obj (.text:ADCFIFORead)
                  2000e3c8    00000018                 : spi.obj (.text:SPICSDisable)
                  2000e3e0    00000018                 : spi.obj (.text:SPICSEnable)
                  2000e3f8    00000018                 : spi.obj (.text:SPIDisable)
                  2000e410    00000018                 : spi.obj (.text:SPIEnable)
                  2000e428    00000018     simplelink.a : driver.obj (.text:_SlDrvObjUnLock)
                  2000e440    00000018                  : driver.obj (.text:_SlDrvSyncObjSignal)
                  2000e458    00000018                  : device.obj (.text:_sl_GetStartResponseConvert)
                  2000e470    00000018     app_pem4.oem4 (.text:free)
                  2000e488    00000018     rtsv7M4_T_le_eabi.lib : args_main.obj (.text)
                  2000e4a0    00000018     app_pem4.oem4 (.text:ti_sysbios_BIOS_rtsUnlock__I)
                  2000e4b8    00000018     app_pem4.oem4 (.text:ti_sysbios_family_arm_m3_Hwi_Module__startupDone__F)
                  2000e4d0    00000018     app_pem4.oem4 (.text:ti_sysbios_family_arm_m3_Timer_Module__startupDone__F)
                  2000e4e8    00000018     sysbios.aem4 : BIOS.obj (.text:ti_sysbios_gates_GateMutex_leave__E)
                  2000e500    00000018     ti.targets.arm.rtsarm.aem4 : Error.oem4 (.text:xdc_runtime_Error_check__E)
                  2000e518    00000018                                : System.oem4 (.text:xdc_runtime_System_exit__E)
                  2000e530    00000018                                : Text.oem4 (.text:xdc_runtime_Text_ropeText__E)
                  2000e548    00000016     driverlib.a : prcm.obj (.text:PRCMHIBRegRead)
                  2000e55e    00000016                 : prcm.obj (.text:PRCMHIBRegWrite)
                  2000e574    00000016     simplelink.a : driver.obj (.text:_SlDrvMemZero)
                  2000e58a    00000016     app_pem4.oem4 (.text:ti_sysbios_BIOS_exitFunc__I)
                  2000e5a0    00000014     driverlib.a : adc.obj (.text:ADCEnable)
                  2000e5b4    00000014                 : cpu.obj (.text:CPUcpsie)
                  2000e5c8    00000014                 : pin.obj (.text:PinTypeADC)
                  2000e5dc    00000014     rtsv7M4_T_le_eabi.lib : _lock.obj (.text)
                  2000e5f0    00000014                           : strcpy.obj (.text)
                  2000e604    00000014                           : strlen.obj (.text)
                  2000e618    00000014     app_pem4.oem4 (.text:ti_sysbios_family_arm_m3_Hwi_Object__get__S)
                  2000e62c    00000004     --HOLE-- [fill = 0]
                  2000e630    00000014     sysbios.aem4 : BIOS.obj (.text:ti_sysbios_family_arm_m3_Hwi_switchFromBootStack__E)
                  2000e644    00000014     app_pem4.oem4 (.text:ti_sysbios_heaps_HeapMem_Object__get__S)
                  2000e658    00000014     app_pem4.oem4 (.text:ti_sysbios_knl_Swi_Object__get__S)
                  2000e66c    00000014     app_pem4.oem4 (.text:xdc_runtime_LoggerBuf_Object__get__S)
                  2000e680    00000012     sysbios.aem4 : BIOS.obj (.text:ti_sysbios_hal_Hwi_Module_startup__E)
                  2000e692    00000006     --HOLE-- [fill = 0]
                  2000e698    00000012                  : BIOS.obj (.text:ti_sysbios_hal_Timer_Module_startup__E)
                  2000e6aa    00000012     ti.targets.arm.rtsarm.aem4 : LoggerBuf.oem4 (.text:xdc_runtime_LoggerBuf_Instance_finalize__E)
                  2000e6bc    00000012                                : LoggerBuf.oem4 (.text:xdc_runtime_LoggerBuf_write1__E)
                  2000e6ce    00000012                                : LoggerBuf.oem4 (.text:xdc_runtime_LoggerBuf_write2__E)
                  2000e6e0    00000012     app_pem4.oem4 (.text:xdc_runtime_Startup_exec__I)
                  2000e6f2    00000006     --HOLE-- [fill = 0]
                  2000e6f8    00000010     sysbios.aem4 : BIOS.obj (.text:ti_sysbios_BIOS_setThreadType__E)
                  2000e708    00000010                  : BIOS.obj (.text:ti_sysbios_BIOS_start__E)
                  2000e718    00000010                  : BIOS.obj (.text:ti_sysbios_family_arm_m3_Hwi_getHandle__E)
                  2000e728    00000010                  : m3_TaskSupport_asm.obj (.text:ti_sysbios_family_arm_m3_TaskSupport_glue)
                  2000e738    00000010                  : m3_TaskSupport_asm.obj (.text:ti_sysbios_family_arm_m3_TaskSupport_swap__E)
                  2000e748    00000010                  : BIOS.obj (.text:ti_sysbios_gates_GateMutex_Instance_finalize__E)
                  2000e758    00000010     app_pem4.oem4 (.text:ti_sysbios_knl_Mailbox_Object__get__S)
                  2000e768    00000010     sysbios.aem4 : BIOS.obj (.text:ti_sysbios_knl_Semaphore_Instance_finalize__E)
                  2000e778    00000010                  : BIOS.obj (.text:ti_sysbios_knl_Swi_disable__E)
                  2000e788    00000010     app_pem4.oem4 (.text:ti_sysbios_knl_Task_Object__get__S)
                  2000e798    00000010     sysbios.aem4 : BIOS.obj (.text:ti_sysbios_knl_Task_disable__E)
                  2000e7a8    00000010     ti.targets.arm.rtsarm.aem4 : Gate.oem4 (.text:xdc_runtime_Gate_leaveSystem__E)
                  2000e7b8    00000010                                : LoggerBuf.oem4 (.text:xdc_runtime_LoggerBuf_write0__E)
                  2000e7c8    00000010                                : Memory.oem4 (.text:xdc_runtime_Memory_free__E)
                  2000e7d8    00000010                                : SysMin.oem4 (.text:xdc_runtime_SysMin_ready__E)
                  2000e7e8    00000010                                : System.oem4 (.text:xdc_runtime_System_vsnprintf__E)
                  2000e7f8    00000010     app_pem4.oem4 (.text:xdc_runtime_Text_visitRope__I)
                  2000e808    0000000e     simplelink.a : driver.obj (.text:_SlDrvResetCmdExt)
                  2000e816    0000000e     rtsv7M4_T_le_eabi.lib : copy_decompress_none.obj (.text:decompress:none)
                  2000e824    00000004     --HOLE-- [fill = 0]
                  2000e828    0000000e     sysbios.aem4 : BIOS.obj (.text:ti_sysbios_knl_Idle_loop__E)
                  2000e836    00000002     --HOLE-- [fill = 0]
                  2000e838    0000000e                  : BIOS.obj (.text:ti_sysbios_knl_Queue_empty__E)
                  2000e846    00000002     --HOLE-- [fill = 0]
                  2000e848    0000000c     simplelink.a : cc_pal.obj (.text:NwpMaskInterrupt)
                  2000e854    0000000c                  : cc_pal.obj (.text:NwpUnMaskInterrupt)
                  2000e860    0000000c     rtsv7M4_T_le_eabi.lib : copy_zero_init.obj (.text:decompress:ZI)
                  2000e86c    0000000c     app_pem4.oem4 (.text:ti_sysbios_family_arm_m3_Hwi_Params__init__S)
                  2000e878    0000000c     sysbios.aem4 : BIOS.obj (.text:ti_sysbios_family_arm_m3_Hwi_disableFxn__E)
                  2000e884    00000004     --HOLE-- [fill = 0]
                  2000e888    0000000c                  : BIOS.obj (.text:ti_sysbios_family_arm_m3_TaskSupport_checkStack__E)
                  2000e894    00000004     --HOLE-- [fill = 0]
                  2000e898    0000000c                  : BIOS.obj (.text:ti_sysbios_family_arm_m3_TaskSupport_getStackAlignment__E)
                  2000e8a4    00000004     --HOLE-- [fill = 0]
                  2000e8a8    0000000c                  : BIOS.obj (.text:ti_sysbios_gates_GateHwi_enter__E)
                  2000e8b4    0000000c     app_pem4.oem4 (.text:ti_sysbios_knl_Queue_Object__get__S)
                  2000e8c0    0000000c     app_pem4.oem4 (.text:ti_sysbios_knl_Semaphore_Params__init__S)
                  2000e8cc    0000000c     app_pem4.oem4 (.text:ti_sysbios_knl_Task_Params__init__S)
                  2000e8d8    0000000c     ti.targets.arm.rtsarm.aem4 : Error.oem4 (.text:xdc_runtime_Error_init__E)
                  2000e8e4    0000000c                                : Gate.oem4 (.text:xdc_runtime_Gate_enterSystem__E)
                  2000e8f0    0000000c                                : Memory.oem4 (.text:xdc_runtime_Memory_calloc__E)
                  2000e8fc    0000000c                                : Memory.oem4 (.text:xdc_runtime_Memory_getMaxDefaultTypeAlign__E)
                  2000e908    0000000a     driverlib.a : interrupt.obj (.text:IntMasterEnable)
                  2000e912    0000000a     app_pem4.oem4 (.text:xdc_runtime_IHeap_alloc)
                  2000e91c    0000000a     app_pem4.oem4 (.text:xdc_runtime_IHeap_free)
                  2000e926    0000000a     ti.targets.arm.rtsarm.aem4 : LoggerBuf.oem4 (.text:xdc_runtime_LoggerBuf_disable__E)
                  2000e930    0000000a                                : LoggerBuf.oem4 (.text:xdc_runtime_LoggerBuf_enable__E)
                  2000e93a    00000006     --HOLE-- [fill = 0]
                  2000e940    00000008     sysbios.aem4 : BIOS.obj (.text:ti_sysbios_family_arm_m3_Hwi_doSwiRestore__I)
                  2000e948    00000008                  : BIOS.obj (.text:ti_sysbios_family_arm_m3_Hwi_startup__E)
                  2000e950    00000006                  : BIOS.obj (.text:ti_sysbios_family_arm_m3_Hwi_restoreFxn__E)
                  2000e956    00000002     --HOLE-- [fill = 0]
                  2000e958    00000006                  : BIOS.obj (.text:ti_sysbios_gates_GateHwi_leave__E)
                  2000e95e    00000002     --HOLE-- [fill = 0]
                  2000e960    00000006                  : BIOS.obj (.text:ti_sysbios_heaps_HeapMem_isBlocking__E)
                  2000e966    00000002     --HOLE-- [fill = 0]
                  2000e968    00000006                  : BIOS.obj (.text:ti_sysbios_knl_Queue_Instance_init__E)
                  2000e96e    00000002     --HOLE-- [fill = 0]
                  2000e970    00000004                  : BIOS.obj (.text:ti_sysbios_family_arm_m3_Timer_getMaxTicks__E)
                  2000e974    00000004     --HOLE-- [fill = 0]
                  2000e978    00000004                  : BIOS.obj (.text:ti_sysbios_gates_GateHwi_query__E)
                  2000e97c    00000004     --HOLE-- [fill = 0]
                  2000e980    00000004                  : BIOS.obj (.text:ti_sysbios_gates_GateMutex_query__E)
                  2000e984    00000004     --HOLE-- [fill = 0]
                  2000e988    00000004                  : BIOS.obj (.text:ti_sysbios_knl_Task_startup__E)
                  2000e98c    00000004     --HOLE-- [fill = 0]
                  2000e990    00000002                  : BIOS.obj (.text:ti_sysbios_gates_GateHwi_Instance_init__E)

.const     0    2000e994    000021c0     
                  2000e994    0000178e     app_pem4.oem4 (.const:xdc_runtime_Text_charTab__A)
                  20010122    00000002     app_pem4.oem4 (.const:ti_sysbios_family_arm_m3_Hwi_Module__id__C)
                  20010124    00000100     driverlib.a : pin.obj (.const:g_ulPinToPadMap)
                  20010224    000000b8     app_pem4.oem4 (.const:xdc_runtime_Text_nodeTab__A)
                  200102dc    000000a8     driverlib.a : prcm.obj (.const:PRCM_PeriphRegsList)
                  20010384    00000048     app_pem4.oem4 (.const:.string)
                  200103cc    0000003c     simplelink.a : driver.obj (.const:OpcodeTranslateTable)
                  20010408    0000003c     app_pem4.oem4 (.const:ti_sysbios_knl_Task_Object__PARAMS__C)
                  20010444    0000003c     app_pem4.oem4 (.const:xdc_runtime_LoggerBuf_Module__FXNS__C)
                  20010480    00000038     simplelink.a : driver.obj (.const:_SlActionLookupTable)
                  200104b8    00000034     app_pem4.oem4 (.const:ti_sysbios_knl_Mailbox_Object__PARAMS__C)
                  200104ec    00000030     app_pem4.oem4 (.const:ti_sysbios_family_arm_m3_Hwi_Object__PARAMS__C)
                  2001051c    00000030     app_pem4.oem4 (.const:xdc_runtime_Startup_sfxnTab__A)
                  2001054c    00000028     app_pem4.oem4 (.const:ti_sysbios_heaps_HeapMem_Module__FXNS__C)
                  20010574    00000024     app_pem4.oem4 (.const:ti_sysbios_gates_GateHwi_Module__FXNS__C)
                  20010598    00000024     app_pem4.oem4 (.const:ti_sysbios_gates_GateMutex_Module__FXNS__C)
                  200105bc    00000024     app_pem4.oem4 (.const:ti_sysbios_heaps_HeapMem_Object__PARAMS__C)
                  200105e0    00000024     app_pem4.oem4 (.const:ti_sysbios_knl_Semaphore_Object__PARAMS__C)
                  20010604    00000024     app_pem4.oem4 (.const:xdc_runtime_LoggerBuf_Object__PARAMS__C)
                  20010628    00000020     simplelink.a : driver.obj (.const:RxMsgClassLUT)
                  20010648    00000020     app_pem4.oem4 (.const:ti_sysbios_family_arm_m3_Hwi_Object__DESC__C)
                  20010668    00000020     app_pem4.oem4 (.const:ti_sysbios_gates_GateHwi_Object__DESC__C)
                  20010688    00000020     app_pem4.oem4 (.const:ti_sysbios_gates_GateMutex_Object__DESC__C)
                  200106a8    00000020     app_pem4.oem4 (.const:ti_sysbios_heaps_HeapMem_Object__DESC__C)
                  200106c8    00000020     app_pem4.oem4 (.const:ti_sysbios_knl_Mailbox_Object__DESC__C)
                  200106e8    00000020     app_pem4.oem4 (.const:ti_sysbios_knl_Queue_Object__DESC__C)
                  20010708    00000020     app_pem4.oem4 (.const:ti_sysbios_knl_Semaphore_Object__DESC__C)
                  20010728    00000020     app_pem4.oem4 (.const:ti_sysbios_knl_Task_Object__DESC__C)
                  20010748    00000020     app_pem4.oem4 (.const:xdc_runtime_LoggerBuf_Object__DESC__C)
                  20010768    00000018     driverlib.a : interrupt.obj (.const:g_pulEnRegs)
                  20010780    00000018                 : interrupt.obj (.const:g_pulUnpendRegs)
                  20010798    00000018                 : spi.obj (.const:g_ulSPIDmaMaskMap)
                  200107b0    00000018     app_pem4.oem4 (.const:ti_sysbios_gates_GateHwi_Object__PARAMS__C)
                  200107c8    00000018     app_pem4.oem4 (.const:ti_sysbios_gates_GateMutex_Object__PARAMS__C)
                  200107e0    00000018     app_pem4.oem4 (.const:ti_sysbios_knl_Queue_Object__PARAMS__C)
                  200107f8    00000018     app_pem4.oem4 (.const:xdc_runtime_Startup_sfxnRts__A)
                  20010810    00000011     ti.targets.arm.rtsarm.aem4 : System.oem4 (.const:.string)
                  20010821    00000010     simplelink.a : socket.obj (.const:.string:_SlPayloadByProtocolLUT)
                  20010831    00000001     app_pem4.oem4 (.const:xdc_runtime_Error_policy__C)
                  20010832    00000002     app_pem4.oem4 (.const:ti_sysbios_family_arm_m3_Hwi_Module__loggerDefined__C)
                  20010834    0000000c     app_pem4.oem4 (.const:xdc_runtime_Startup_firstFxns__A)
                  20010840    00000008     simplelink.a : device.obj (.const:.string:StartResponseLUT)
                  20010848    00000008                  : driver.obj (.const:g_H2NCnysPattern)
                  20010850    00000008                  : driver.obj (.const:g_H2NSyncPattern)
                  20010858    00000008     app_pem4.oem4 (.const:ti_sysbios_family_arm_m3_Hwi_excHookFuncs__A)
                  20010860    00000008     app_pem4.oem4 (.const:ti_sysbios_knl_Idle_funcList__C)
                  20010868    00000008     app_pem4.oem4 (.const:xdc_runtime_Startup_firstFxns__C)
                  20010870    00000008     app_pem4.oem4 (.const:xdc_runtime_Startup_lastFxns__C)
                  20010878    00000004     simplelink.a : socket.obj (.const:$P$T0$1)
                  2001087c    00000004                  : socket.obj (.const:_SlAcceptCmdCtrl)
                  20010880    00000004                  : socket.obj (.const:_SlListenCmdCtrl)
                  20010884    00000004                  : netapp.obj (.const:_SlNetAppSendTokenValueCmdCtrl)
                  20010888    00000004                  : netapp.obj (.const:_SlNetAppStartCtrl)
                  2001088c    00000004                  : socket.obj (.const:_SlRecvCmdCtrl)
                  20010890    00000004                  : socket.obj (.const:_SlSendCmdCtrl)
                  20010894    00000004                  : socket.obj (.const:_SlSetSockOptCmdCtrl)
                  20010898    00000004                  : socket.obj (.const:_SlSockCloseCmdCtrl)
                  2001089c    00000004                  : socket.obj (.const:_SlSockSocketCmdCtrl)
                  200108a0    00000004                  : device.obj (.const:_SlStopCmdCtrl)
                  200108a4    00000004                  : wlan.obj (.const:_SlWlanCfgSetCmdCtrl)
                  200108a8    00000004                  : wlan.obj (.const:_SlWlanSetModeCmdCtrl)
                  200108ac    00000004     app_pem4.oem4 (.const:ti_sysbios_family_arm_m3_Hwi_E_NMI__C)
                  200108b0    00000004     app_pem4.oem4 (.const:ti_sysbios_family_arm_m3_Hwi_E_alreadyDefined__C)
                  200108b4    00000004     app_pem4.oem4 (.const:ti_sysbios_family_arm_m3_Hwi_E_busFault__C)
                  200108b8    00000004     app_pem4.oem4 (.const:ti_sysbios_family_arm_m3_Hwi_E_debugMon__C)
                  200108bc    00000004     app_pem4.oem4 (.const:ti_sysbios_family_arm_m3_Hwi_E_hardFault__C)
                  200108c0    00000004     app_pem4.oem4 (.const:ti_sysbios_family_arm_m3_Hwi_E_memFault__C)
                  200108c4    00000004     app_pem4.oem4 (.const:ti_sysbios_family_arm_m3_Hwi_E_noIsr__C)
                  200108c8    00000004     app_pem4.oem4 (.const:ti_sysbios_family_arm_m3_Hwi_E_reserved__C)
                  200108cc    00000004     app_pem4.oem4 (.const:ti_sysbios_family_arm_m3_Hwi_E_svCall__C)
                  200108d0    00000004     app_pem4.oem4 (.const:ti_sysbios_family_arm_m3_Hwi_E_usageFault__C)
                  200108d4    00000004     app_pem4.oem4 (.const:ti_sysbios_family_arm_m3_Hwi_LD_end__C)
                  200108d8    00000004     app_pem4.oem4 (.const:ti_sysbios_family_arm_m3_Hwi_LM_begin__C)
                  200108dc    00000004     app_pem4.oem4 (.const:ti_sysbios_family_arm_m3_Hwi_Module__diagsEnabled__C)
                  200108e0    00000004     app_pem4.oem4 (.const:ti_sysbios_family_arm_m3_Hwi_Module__diagsIncluded__C)
                  200108e4    00000004     app_pem4.oem4 (.const:ti_sysbios_family_arm_m3_Hwi_Module__diagsMask__C)
                  200108e8    00000004     app_pem4.oem4 (.const:ti_sysbios_family_arm_m3_Hwi_Module__loggerFxn1__C)
                  200108ec    00000004     app_pem4.oem4 (.const:ti_sysbios_family_arm_m3_Hwi_Module__loggerFxn8__C)
                  200108f0    00000004     app_pem4.oem4 (.const:ti_sysbios_family_arm_m3_Hwi_Module__loggerObj__C)
                  200108f4    00000004     app_pem4.oem4 (.const:ti_sysbios_family_arm_m3_Hwi_NUM_INTERRUPTS__C)
                  200108f8    00000004     app_pem4.oem4 (.const:ti_sysbios_family_arm_m3_Hwi_Object__count__C)
                  200108fc    00000004     app_pem4.oem4 (.const:ti_sysbios_family_arm_m3_Hwi_ccr__C)
                  20010900    00000004     app_pem4.oem4 (.const:ti_sysbios_family_arm_m3_Hwi_excHandlerFunc__C)
                  20010904    00000004     app_pem4.oem4 (.const:ti_sysbios_family_arm_m3_Hwi_excHookFuncs__C)
                  20010908    00000004     app_pem4.oem4 (.const:ti_sysbios_family_arm_m3_Hwi_nullIsrFunc__C)
                  2001090c    00000004     app_pem4.oem4 (.const:ti_sysbios_family_arm_m3_Hwi_priGroup__C)
                  20010910    00000004     app_pem4.oem4 (.const:ti_sysbios_family_arm_m3_TaskSupport_stackAlignment__C)
                  20010914    00000004     app_pem4.oem4 (.const:ti_sysbios_family_arm_m3_Timer_E_cannotSupport__C)
                  20010918    00000004     app_pem4.oem4 (.const:ti_sysbios_family_arm_m3_Timer_startupNeeded__C)
                  2001091c    00000004     app_pem4.oem4 (.const:ti_sysbios_gates_GateMutex_A_badContext__C)
                  20010920    00000004     app_pem4.oem4 (.const:ti_sysbios_gates_GateMutex_Instance_State_sem__O)
                  20010924    00000004     app_pem4.oem4 (.const:ti_sysbios_gates_GateMutex_Module__diagsEnabled__C)
                  20010928    00000004     app_pem4.oem4 (.const:ti_sysbios_gates_GateMutex_Module__diagsIncluded__C)
                  2001092c    00000004     app_pem4.oem4 (.const:ti_sysbios_gates_GateMutex_Module__diagsMask__C)
                  20010930    00000004     app_pem4.oem4 (.const:ti_sysbios_hal_Hwi_E_stackOverflow__C)
                  20010934    00000004     app_pem4.oem4 (.const:ti_sysbios_heaps_HeapMem_A_align__C)
                  20010938    00000004     app_pem4.oem4 (.const:ti_sysbios_heaps_HeapMem_A_heapSize__C)
                  2001093c    00000004     app_pem4.oem4 (.const:ti_sysbios_heaps_HeapMem_A_invalidFree__C)
                  20010940    00000004     app_pem4.oem4 (.const:ti_sysbios_heaps_HeapMem_A_zeroBlock__C)
                  20010944    00000004     app_pem4.oem4 (.const:ti_sysbios_heaps_HeapMem_E_memory__C)
                  20010948    00000004     app_pem4.oem4 (.const:ti_sysbios_heaps_HeapMem_Module__diagsEnabled__C)
                  2001094c    00000004     app_pem4.oem4 (.const:ti_sysbios_heaps_HeapMem_Module__diagsIncluded__C)
                  20010950    00000004     app_pem4.oem4 (.const:ti_sysbios_heaps_HeapMem_Module__diagsMask__C)
                  20010954    00000004     app_pem4.oem4 (.const:ti_sysbios_heaps_HeapMem_Module__gateObj__C)
                  20010958    00000004     app_pem4.oem4 (.const:ti_sysbios_heaps_HeapMem_Object__count__C)
                  2001095c    00000004     app_pem4.oem4 (.const:ti_sysbios_heaps_HeapMem_reqAlign__C)
                  20010960    00000004     app_pem4.oem4 (.const:ti_sysbios_knl_Clock_LM_begin__C)
                  20010964    00000004     app_pem4.oem4 (.const:ti_sysbios_knl_Clock_LM_tick__C)
                  20010968    00000004     app_pem4.oem4 (.const:ti_sysbios_knl_Clock_LW_delayed__C)
                  2001096c    00000004     app_pem4.oem4 (.const:ti_sysbios_knl_Clock_Module_State_clockQ__O)
                  20010970    00000004     app_pem4.oem4 (.const:ti_sysbios_knl_Clock_Module__diagsEnabled__C)
                  20010974    00000004     app_pem4.oem4 (.const:ti_sysbios_knl_Clock_Module__diagsIncluded__C)
                  20010978    00000004     app_pem4.oem4 (.const:ti_sysbios_knl_Clock_Module__diagsMask__C)
                  2001097c    00000004     app_pem4.oem4 (.const:ti_sysbios_knl_Clock_Module__loggerFxn1__C)
                  20010980    00000004     app_pem4.oem4 (.const:ti_sysbios_knl_Clock_Module__loggerFxn2__C)
                  20010984    00000004     app_pem4.oem4 (.const:ti_sysbios_knl_Clock_Module__loggerObj__C)
                  20010988    00000004     app_pem4.oem4 (.const:ti_sysbios_knl_Clock_tickPeriod__C)
                  2001098c    00000004     app_pem4.oem4 (.const:ti_sysbios_knl_Idle_funcList__A)
                  20010990    00000004     app_pem4.oem4 (.const:ti_sysbios_knl_Mailbox_A_invalidBufSize__C)
                  20010994    00000004     app_pem4.oem4 (.const:ti_sysbios_knl_Mailbox_Instance_State_dataQue__O)
                  20010998    00000004     app_pem4.oem4 (.const:ti_sysbios_knl_Mailbox_Instance_State_dataSem__O)
                  2001099c    00000004     app_pem4.oem4 (.const:ti_sysbios_knl_Mailbox_Instance_State_freeQue__O)
                  200109a0    00000004     app_pem4.oem4 (.const:ti_sysbios_knl_Mailbox_Instance_State_freeSem__O)
                  200109a4    00000004     app_pem4.oem4 (.const:ti_sysbios_knl_Mailbox_Module__diagsEnabled__C)
                  200109a8    00000004     app_pem4.oem4 (.const:ti_sysbios_knl_Mailbox_Module__diagsIncluded__C)
                  200109ac    00000004     app_pem4.oem4 (.const:ti_sysbios_knl_Mailbox_Module__diagsMask__C)
                  200109b0    00000004     app_pem4.oem4 (.const:ti_sysbios_knl_Mailbox_Object__count__C)
                  200109b4    00000004     app_pem4.oem4 (.const:ti_sysbios_knl_Mailbox_maxTypeAlign__C)
                  200109b8    00000004     app_pem4.oem4 (.const:ti_sysbios_knl_Semaphore_A_badContext__C)
                  200109bc    00000004     app_pem4.oem4 (.const:ti_sysbios_knl_Semaphore_A_noEvents__C)
                  200109c0    00000004     app_pem4.oem4 (.const:ti_sysbios_knl_Semaphore_A_overflow__C)
                  200109c4    00000004     app_pem4.oem4 (.const:ti_sysbios_knl_Semaphore_A_pendTaskDisabled__C)
                  200109c8    00000004     app_pem4.oem4 (.const:ti_sysbios_knl_Semaphore_Instance_State_pendQ__O)
                  200109cc    00000004     app_pem4.oem4 (.const:ti_sysbios_knl_Semaphore_LM_pend__C)
                  200109d0    00000004     app_pem4.oem4 (.const:ti_sysbios_knl_Semaphore_LM_post__C)
                  200109d4    00000004     app_pem4.oem4 (.const:ti_sysbios_knl_Semaphore_Module__diagsEnabled__C)
                  200109d8    00000004     app_pem4.oem4 (.const:ti_sysbios_knl_Semaphore_Module__diagsIncluded__C)
                  200109dc    00000004     app_pem4.oem4 (.const:ti_sysbios_knl_Semaphore_Module__diagsMask__C)
                  200109e0    00000004     app_pem4.oem4 (.const:ti_sysbios_knl_Semaphore_Module__loggerFxn2__C)
                  200109e4    00000004     app_pem4.oem4 (.const:ti_sysbios_knl_Semaphore_Module__loggerFxn4__C)
                  200109e8    00000004     app_pem4.oem4 (.const:ti_sysbios_knl_Semaphore_Module__loggerObj__C)
                  200109ec    00000004     app_pem4.oem4 (.const:ti_sysbios_knl_Swi_LD_end__C)
                  200109f0    00000004     app_pem4.oem4 (.const:ti_sysbios_knl_Swi_LM_begin__C)
                  200109f4    00000004     app_pem4.oem4 (.const:ti_sysbios_knl_Swi_LM_post__C)
                  200109f8    00000004     app_pem4.oem4 (.const:ti_sysbios_knl_Swi_Module__diagsEnabled__C)
                  200109fc    00000004     app_pem4.oem4 (.const:ti_sysbios_knl_Swi_Module__diagsIncluded__C)
                  20010a00    00000004     app_pem4.oem4 (.const:ti_sysbios_knl_Swi_Module__diagsMask__C)
                  20010a04    00000004     app_pem4.oem4 (.const:ti_sysbios_knl_Swi_Module__loggerFxn1__C)
                  20010a08    00000004     app_pem4.oem4 (.const:ti_sysbios_knl_Swi_Module__loggerFxn4__C)
                  20010a0c    00000004     app_pem4.oem4 (.const:ti_sysbios_knl_Swi_Module__loggerObj__C)
                  20010a10    00000004     app_pem4.oem4 (.const:ti_sysbios_knl_Swi_Object__count__C)
                  20010a14    00000004     app_pem4.oem4 (.const:ti_sysbios_knl_Task_A_badPriority__C)
                  20010a18    00000004     app_pem4.oem4 (.const:ti_sysbios_knl_Task_A_badTaskState__C)
                  20010a1c    00000004     app_pem4.oem4 (.const:ti_sysbios_knl_Task_A_badThreadType__C)
                  20010a20    00000004     app_pem4.oem4 (.const:ti_sysbios_knl_Task_A_badTimeout__C)
                  20010a24    00000004     app_pem4.oem4 (.const:ti_sysbios_knl_Task_A_noPendElem__C)
                  20010a28    00000004     app_pem4.oem4 (.const:ti_sysbios_knl_Task_A_sleepTaskDisabled__C)
                  20010a2c    00000004     app_pem4.oem4 (.const:ti_sysbios_knl_Task_E_spOutOfBounds__C)
                  20010a30    00000004     app_pem4.oem4 (.const:ti_sysbios_knl_Task_E_stackOverflow__C)
                  20010a34    00000004     app_pem4.oem4 (.const:ti_sysbios_knl_Task_LD_block__C)
                  20010a38    00000004     app_pem4.oem4 (.const:ti_sysbios_knl_Task_LD_exit__C)
                  20010a3c    00000004     app_pem4.oem4 (.const:ti_sysbios_knl_Task_LD_ready__C)
                  20010a40    00000004     app_pem4.oem4 (.const:ti_sysbios_knl_Task_LM_sleep__C)
                  20010a44    00000004     app_pem4.oem4 (.const:ti_sysbios_knl_Task_LM_switch__C)
                  20010a48    00000004     app_pem4.oem4 (.const:ti_sysbios_knl_Task_LM_yield__C)
                  20010a4c    00000004     app_pem4.oem4 (.const:ti_sysbios_knl_Task_Module_State_inactiveQ__O)
                  20010a50    00000004     app_pem4.oem4 (.const:ti_sysbios_knl_Task_Module__diagsEnabled__C)
                  20010a54    00000004     app_pem4.oem4 (.const:ti_sysbios_knl_Task_Module__diagsIncluded__C)
                  20010a58    00000004     app_pem4.oem4 (.const:ti_sysbios_knl_Task_Module__diagsMask__C)
                  20010a5c    00000004     app_pem4.oem4 (.const:ti_sysbios_knl_Task_Module__loggerFxn2__C)
                  20010a60    00000004     app_pem4.oem4 (.const:ti_sysbios_knl_Task_Module__loggerFxn4__C)
                  20010a64    00000004     app_pem4.oem4 (.const:ti_sysbios_knl_Task_Module__loggerObj__C)
                  20010a68    00000004     app_pem4.oem4 (.const:ti_sysbios_knl_Task_Object__count__C)
                  20010a6c    00000004     app_pem4.oem4 (.const:ti_sysbios_knl_Task_allBlockedFunc__C)
                  20010a70    00000004     app_pem4.oem4 (.const:ti_sysbios_knl_Task_defaultStackHeap__C)
                  20010a74    00000004     app_pem4.oem4 (.const:ti_sysbios_knl_Task_defaultStackSize__C)
                  20010a78    00000004     app_pem4.oem4 (.const:ti_sysbios_knl_Task_numConstructedTasks__C)
                  20010a7c    00000004     app_pem4.oem4 (.const:xdc_runtime_Assert_E_assertFailed__C)
                  20010a80    00000004     app_pem4.oem4 (.const:xdc_runtime_Core_A_initializedParams__C)
                  20010a84    00000004     app_pem4.oem4 (.const:xdc_runtime_Core_Module__diagsEnabled__C)
                  20010a88    00000004     app_pem4.oem4 (.const:xdc_runtime_Core_Module__diagsIncluded__C)
                  20010a8c    00000004     app_pem4.oem4 (.const:xdc_runtime_Core_Module__diagsMask__C)
                  20010a90    00000004     app_pem4.oem4 (.const:xdc_runtime_Error_E_memory__C)
                  20010a94    00000004     app_pem4.oem4 (.const:xdc_runtime_Error_Module__diagsEnabled__C)
                  20010a98    00000004     app_pem4.oem4 (.const:xdc_runtime_Error_Module__diagsIncluded__C)
                  20010a9c    00000004     app_pem4.oem4 (.const:xdc_runtime_Error_Module__diagsMask__C)
                  20010aa0    00000004     app_pem4.oem4 (.const:xdc_runtime_Error_Module__loggerFxn8__C)
                  20010aa4    00000004     app_pem4.oem4 (.const:xdc_runtime_Error_Module__loggerObj__C)
                  20010aa8    00000004     app_pem4.oem4 (.const:xdc_runtime_Error_policyFxn__C)
                  20010aac    00000004     app_pem4.oem4 (.const:xdc_runtime_Error_raiseHook__C)
                  20010ab0    00000004     app_pem4.oem4 (.const:xdc_runtime_IFilterLogger_Interface__BASE__C)
                  20010ab4    00000004     app_pem4.oem4 (.const:xdc_runtime_IGateProvider_Interface__BASE__C)
                  20010ab8    00000004     app_pem4.oem4 (.const:xdc_runtime_IHeap_Interface__BASE__C)
                  20010abc    00000004     app_pem4.oem4 (.const:xdc_runtime_ILogger_Interface__BASE__C)
                  20010ac0    00000004     app_pem4.oem4 (.const:xdc_runtime_IModule_Interface__BASE__C)
                  20010ac4    00000004     app_pem4.oem4 (.const:xdc_runtime_Log_L_error__C)
                  20010ac8    00000004     app_pem4.oem4 (.const:xdc_runtime_LoggerBuf_E_badLevel__C)
                  20010acc    00000004     app_pem4.oem4 (.const:xdc_runtime_LoggerBuf_Module__gateObj__C)
                  20010ad0    00000004     app_pem4.oem4 (.const:xdc_runtime_LoggerBuf_Object__count__C)
                  20010ad4    00000004     app_pem4.oem4 (.const:xdc_runtime_LoggerBuf_statusLogger__C)
                  20010ad8    00000004     app_pem4.oem4 (.const:xdc_runtime_Memory_defaultHeapInstance__C)
                  20010adc    00000004     app_pem4.oem4 (.const:xdc_runtime_Startup_execImpl__C)
                  20010ae0    00000004     app_pem4.oem4 (.const:xdc_runtime_Startup_maxPasses__C)
                  20010ae4    00000004     app_pem4.oem4 (.const:xdc_runtime_Startup_sfxnRts__C)
                  20010ae8    00000004     app_pem4.oem4 (.const:xdc_runtime_Startup_sfxnTab__C)
                  20010aec    00000004     app_pem4.oem4 (.const:xdc_runtime_SysMin_bufSize__C)
                  20010af0    00000004     app_pem4.oem4 (.const:xdc_runtime_SysMin_outputFunc__C)
                  20010af4    00000004     app_pem4.oem4 (.const:xdc_runtime_System_Module__gateObj__C)
                  20010af8    00000004     app_pem4.oem4 (.const:xdc_runtime_System_abortFxn__C)
                  20010afc    00000004     app_pem4.oem4 (.const:xdc_runtime_System_exitFxn__C)
                  20010b00    00000004     app_pem4.oem4 (.const:xdc_runtime_System_extendFxn__C)
                  20010b04    00000004     app_pem4.oem4 (.const:xdc_runtime_System_maxAtexitHandlers__C)
                  20010b08    00000004     app_pem4.oem4 (.const:xdc_runtime_Text_charTab__C)
                  20010b0c    00000004     app_pem4.oem4 (.const:xdc_runtime_Text_nameEmpty__C)
                  20010b10    00000004     app_pem4.oem4 (.const:xdc_runtime_Text_nameStatic__C)
                  20010b14    00000004     app_pem4.oem4 (.const:xdc_runtime_Text_nameUnknown__C)
                  20010b18    00000004     app_pem4.oem4 (.const:xdc_runtime_Text_nodeTab__C)
                  20010b1c    00000004     app_pem4.oem4 (.const:xdc_runtime_Text_visitRopeFxn__C)
                  20010b20    00000002     app_pem4.oem4 (.const:ti_sysbios_family_arm_m3_Timer_Module__id__C)
                  20010b22    00000002     app_pem4.oem4 (.const:ti_sysbios_family_arm_m3_TimestampProvider_configTimer__C)
                  20010b24    00000002     app_pem4.oem4 (.const:ti_sysbios_gates_GateMutex_Module__id__C)
                  20010b26    00000002     app_pem4.oem4 (.const:ti_sysbios_hal_Hwi_Module__id__C)
                  20010b28    00000002     app_pem4.oem4 (.const:ti_sysbios_heaps_HeapMem_Module__id__C)
                  20010b2a    00000002     app_pem4.oem4 (.const:ti_sysbios_knl_Clock_Module__id__C)
                  20010b2c    00000002     app_pem4.oem4 (.const:ti_sysbios_knl_Clock_Module__loggerDefined__C)
                  20010b2e    00000002     app_pem4.oem4 (.const:ti_sysbios_knl_Mailbox_Module__id__C)
                  20010b30    00000002     app_pem4.oem4 (.const:ti_sysbios_knl_Semaphore_Module__id__C)
                  20010b32    00000002     app_pem4.oem4 (.const:ti_sysbios_knl_Semaphore_Module__loggerDefined__C)
                  20010b34    00000002     app_pem4.oem4 (.const:ti_sysbios_knl_Swi_Module__id__C)
                  20010b36    00000002     app_pem4.oem4 (.const:ti_sysbios_knl_Swi_Module__loggerDefined__C)
                  20010b38    00000002     app_pem4.oem4 (.const:ti_sysbios_knl_Task_Module__id__C)
                  20010b3a    00000002     app_pem4.oem4 (.const:ti_sysbios_knl_Task_Module__loggerDefined__C)
                  20010b3c    00000002     app_pem4.oem4 (.const:ti_sysbios_knl_Task_initStackFlag__C)
                  20010b3e    00000002     app_pem4.oem4 (.const:xdc_runtime_Core_Module__id__C)
                  20010b40    00000002     app_pem4.oem4 (.const:xdc_runtime_Error_Module__loggerDefined__C)
                  20010b42    00000002     app_pem4.oem4 (.const:xdc_runtime_Error_maxDepth__C)
                  20010b44    00000002     app_pem4.oem4 (.const:xdc_runtime_LoggerBuf_Module__id__C)
                  20010b46    00000002     app_pem4.oem4 (.const:xdc_runtime_LoggerBuf_filterByLevel__C)
                  20010b48    00000002     app_pem4.oem4 (.const:xdc_runtime_Memory_Module__id__C)
                  20010b4a    00000002     app_pem4.oem4 (.const:xdc_runtime_SysMin_flushAtExit__C)
                  20010b4c    00000002     app_pem4.oem4 (.const:xdc_runtime_Text_charCnt__C)
                  20010b4e    00000002     app_pem4.oem4 (.const:xdc_runtime_Text_isLoaded__C)
                  20010b50    00000002     app_pem4.oem4 (.const:xdc_runtime_Text_registryModsLastId__C)
                  20010b52    00000002     app_pem4.oem4 (.const:xdc_runtime_Text_unnamedModsLastId__C)

.cinit     0    20010b58    000001c8     
                  20010b58    0000019f     (.cinit..data.load) [load image, compression = lzss]
                  20010cf7    00000001     --HOLE-- [fill = 0]
                  20010cf8    0000000c     (__TI_handler_table)
                  20010d04    00000004     --HOLE-- [fill = 0]
                  20010d08    00000008     (.cinit..bss.load) [load image, compression = zero_init]
                  20010d10    00000010     (__TI_cinit_table)

.bss       0    20017000    00009619     UNINITIALIZED
                  20017000    00008000     (.common:ti_sysbios_heaps_HeapMem_Instance_State_0_buf__A)
                  2001f000    00000800     app_pem4.oem4 (.bss:taskStackSection)
                  2001f800    00000400     (.common:xdc_runtime_LoggerBuf_Instance_State_0_entryArr__A)
                  2001fc00    00000400     (.common:xdc_runtime_SysMin_Module_State_0_outbuf__A)
                  20020000    0000030c     (.common:ti_sysbios_family_arm_m3_Hwi_dispatchTable)
                  2002030c    00000178     (.common:g_StatMem)
                  20020484    00000120     rtsv7M4_T_le_eabi.lib : trgmsg.obj (.bss:_CIOBUF_)
                  200205a4    00000050     (.common:g_ucDinDout)
                  200205f4    00000008                           : trgdrv.obj (.bss:parmbuf)
                  200205fc    00000004     BatteryMonitor.obj (.bss)
                  20020600    00000004     (.common:DMAMsgQ)
                  20020604    00000004     (.common:SimpleLinkSpawnTaskHndl)
                  20020608    00000004     (.common:_clientSocket)
                  2002060c    00000004     (.common:_socketTaskHandle)
                  20020610    00000004     (.common:g_cDummy)
                  20020614    00000004     (.common:simpleLink_mailbox)
                  20020618    00000001     (.common:RxIrqCnt)

.data      0    2002061c    000003f4     UNINITIALIZED
                  2002061c    00000080     app_pem4.oem4 (.data:ti_sysbios_knl_Swi_Module_State_0_readyQ__A)
                  2002069c    00000080     app_pem4.oem4 (.data:ti_sysbios_knl_Task_Module_State_0_readyQ__A)
                  2002071c    0000004c     app_pem4.oem4 (.data:ti_sysbios_knl_Task_Object__table__V)
                  20020768    00000044     app_pem4.oem4 (.data:ti_sysbios_knl_Task_Module__state__V)
                  200207ac    00000038     app_pem4.oem4 (.data:ti_sysbios_gates_GateMutex_Object__table__V)
                  200207e4    00000034     app_pem4.oem4 (.data:ti_sysbios_family_arm_m3_Hwi_Module__state__V)
                  20020818    00000030     app_pem4.oem4 (.data:ti_sysbios_family_arm_m3_Timer_Object__table__V)
                  20020848    00000030     app_pem4.oem4 (.data:ti_sysbios_knl_Swi_Object__table__V)
                  20020878    0000002c     app_pem4.oem4 (.data:ti_sysbios_knl_Clock_Module__state__V)
                  200208a4    00000024     app_pem4.oem4 (.data:ti_sysbios_BIOS_Module__state__V)
                  200208c8    00000024     app_pem4.oem4 (.data:xdc_runtime_LoggerBuf_Object__table__V)
                  200208ec    0000001c     app_pem4.oem4 (.data:ti_sysbios_knl_Swi_Module__state__V)
                  20020908    00000018     app_pem4.oem4 (.data:ti_sysbios_family_arm_m3_Hwi_Object__table__V)
                  20020920    00000018     app_pem4.oem4 (.data:ti_sysbios_heaps_HeapMem_Object__table__V)
                  20020938    00000010     app_pem4.oem4 (.data:xdc_runtime_System_Module_State_0_atexitHandlers__A)
                  20020948    0000000c     rtsv7M4_T_le_eabi.lib : exit.obj (.data:$O1$$)
                  20020954    0000000c     app_pem4.oem4 (.data:ti_sysbios_family_arm_m3_Timer_Module__state__V)
                  20020960    0000000c     app_pem4.oem4 (.data:xdc_runtime_SysMin_Module__state__V)
                  2002096c    00000009     simplelink.a : cc_pal.obj (.data)
                  20020975    00000002     task_wifi.obj (.data)
                  20020977    00000001     --HOLE--
                  20020978    00000009     simplelink.a : driver.obj (.data)
                  20020981    00000001     --HOLE--
                  20020982    00000002     app_pem4.oem4 (.data:ti_sysbios_family_arm_m3_Hwi_Module_State_0_excActive__A)
                  20020984    00000008     rtsv7M4_T_le_eabi.lib : _lock.obj (.data:$O1$$)
                  2002098c    00000008     app_pem4.oem4 (.data:ti_sysbios_family_arm_m3_Hwi_Module__root__V)
                  20020994    00000008     app_pem4.oem4 (.data:ti_sysbios_gates_GateHwi_Module__root__V)
                  2002099c    00000008     app_pem4.oem4 (.data:ti_sysbios_gates_GateMutex_Module__root__V)
                  200209a4    00000008     app_pem4.oem4 (.data:ti_sysbios_heaps_HeapMem_Module__root__V)
                  200209ac    00000008     app_pem4.oem4 (.data:ti_sysbios_knl_Mailbox_Module__root__V)
                  200209b4    00000008     app_pem4.oem4 (.data:ti_sysbios_knl_Queue_Module__root__V)
                  200209bc    00000008     app_pem4.oem4 (.data:ti_sysbios_knl_Semaphore_Module__root__V)
                  200209c4    00000008     app_pem4.oem4 (.data:ti_sysbios_knl_Task_Module__root__V)
                  200209cc    00000008     app_pem4.oem4 (.data:xdc_runtime_LoggerBuf_Module__root__V)
                  200209d4    00000008     app_pem4.oem4 (.data:xdc_runtime_Registry_Module__state__V)
                  200209dc    00000008     app_pem4.oem4 (.data:xdc_runtime_Startup_Module__state__V)
                  200209e4    00000008     app_pem4.oem4 (.data:xdc_runtime_System_Module__state__V)
                  200209ec    00000006     app_pem4.oem4 (.data:xdc_runtime_LoggerBuf_Module__state__V)
                  200209f2    00000002     app_pem4.oem4 (.data:xdc_runtime_Error_Module__state__V)
                  200209f4    00000004     rtsv7M4_T_le_eabi.lib : stkdepth_vars.obj (.data)
                  200209f8    00000004     app_pem4.oem4 (.data:ti_sysbios_family_arm_m3_Hwi_Module_State_0_excContext__A)
                  200209fc    00000004     app_pem4.oem4 (.data:ti_sysbios_family_arm_m3_Hwi_Module_State_0_excStack__A)
                  20020a00    00000004     app_pem4.oem4 (.data:ti_sysbios_family_arm_m3_TimestampProvider_Module__state__V)
                  20020a04    00000004     app_pem4.oem4 (.data:ti_sysbios_gates_GateHwi_Object__table__V)
                  20020a08    00000004     app_pem4.oem4 (.data:ti_sysbios_knl_Task_Module_State_0_idleTask__A)
                  20020a0c    00000004     app_pem4.oem4 (.data:xdc_runtime_Memory_Module__state__V)

.stack     0    2002e000    00002000     UNINITIALIZED
                  2002e000    00002000     --HOLE--

.bootVecs 
*          0    00000000    00000008     DSECT
                  00000000    00000008     boot.aem4 : boot.oem4 (.bootVecs)

.vecs      0    20004000    00000000     DSECT

.resetVecs 
*          0    20004000    0000030c     
                  20004000    0000030c     app_pem4.oem4 (.resetVecs)

xdc.meta   0    00000000    0000010e     COPY SECTION
                  00000000    0000010e     app_pem4.oem4 (xdc.meta)

[...]
20010868  xdc_runtime_Startup_firstFxns__C                            
20010870  xdc_runtime_Startup_lastFxns__C                             
2001087c  _SlAcceptCmdCtrl                                            
20010880  _SlListenCmdCtrl                                            
20010884  _SlNetAppSendTokenValueCmdCtrl                              
20010888  _SlNetAppStartCtrl                                          
2001088c  _SlRecvCmdCtrl                                              
20010890  _SlSendCmdCtrl                                              
20010894  _SlSetSockOptCmdCtrl                                        
20010898  _SlSockCloseCmdCtrl                                         
2001089c  _SlSockSocketCmdCtrl                                        
200108a0  _SlStopCmdCtrl                                              
200108a4  _SlWlanCfgSetCmdCtrl                                        
200108a8  _SlWlanSetModeCmdCtrl                                       
200108ac  ti_sysbios_family_arm_m3_Hwi_E_NMI__C                       
200108b0  ti_sysbios_family_arm_m3_Hwi_E_alreadyDefined__C            
200108b4  ti_sysbios_family_arm_m3_Hwi_E_busFault__C                  
200108b8  ti_sysbios_family_arm_m3_Hwi_E_debugMon__C                  
200108bc  ti_sysbios_family_arm_m3_Hwi_E_hardFault__C                 
200108c0  ti_sysbios_family_arm_m3_Hwi_E_memFault__C                  
200108c4  ti_sysbios_family_arm_m3_Hwi_E_noIsr__C                     
200108c8  ti_sysbios_family_arm_m3_Hwi_E_reserved__C                  
200108cc  ti_sysbios_family_arm_m3_Hwi_E_svCall__C                    
200108d0  ti_sysbios_family_arm_m3_Hwi_E_usageFault__C                
200108d4  ti_sysbios_family_arm_m3_Hwi_LD_end__C                      
200108d8  ti_sysbios_family_arm_m3_Hwi_LM_begin__C                    
200108dc  ti_sysbios_family_arm_m3_Hwi_Module__diagsEnabled__C        
200108e0  ti_sysbios_family_arm_m3_Hwi_Module__diagsIncluded__C       
200108e4  ti_sysbios_family_arm_m3_Hwi_Module__diagsMask__C           
200108e8  ti_sysbios_family_arm_m3_Hwi_Module__loggerFxn1__C          
200108ec  ti_sysbios_family_arm_m3_Hwi_Module__loggerFxn8__C          
200108f0  ti_sysbios_family_arm_m3_Hwi_Module__loggerObj__C           
200108f4  ti_sysbios_family_arm_m3_Hwi_NUM_INTERRUPTS__C              
200108f8  ti_sysbios_family_arm_m3_Hwi_Object__count__C               
200108fc  ti_sysbios_family_arm_m3_Hwi_ccr__C                         
20010900  ti_sysbios_family_arm_m3_Hwi_excHandlerFunc__C              
20010904  ti_sysbios_family_arm_m3_Hwi_excHookFuncs__C                
20010908  ti_sysbios_family_arm_m3_Hwi_nullIsrFunc__C                 
2001090c  ti_sysbios_family_arm_m3_Hwi_priGroup__C                    
20010910  ti_sysbios_family_arm_m3_TaskSupport_stackAlignment__C      
20010914  ti_sysbios_family_arm_m3_Timer_E_cannotSupport__C           
20010918  ti_sysbios_family_arm_m3_Timer_startupNeeded__C             
2001091c  ti_sysbios_gates_GateMutex_A_badContext__C                  
20010920  ti_sysbios_gates_GateMutex_Instance_State_sem__O            
20010924  ti_sysbios_gates_GateMutex_Module__diagsEnabled__C          
20010928  ti_sysbios_gates_GateMutex_Module__diagsIncluded__C         
2001092c  ti_sysbios_gates_GateMutex_Module__diagsMask__C             
20010930  ti_sysbios_hal_Hwi_E_stackOverflow__C                       
20010934  ti_sysbios_heaps_HeapMem_A_align__C                         
20010938  ti_sysbios_heaps_HeapMem_A_heapSize__C                      
2001093c  ti_sysbios_heaps_HeapMem_A_invalidFree__C                   
20010940  ti_sysbios_heaps_HeapMem_A_zeroBlock__C                     
20010944  ti_sysbios_heaps_HeapMem_E_memory__C                        
20010948  ti_sysbios_heaps_HeapMem_Module__diagsEnabled__C            
2001094c  ti_sysbios_heaps_HeapMem_Module__diagsIncluded__C           
20010950  ti_sysbios_heaps_HeapMem_Module__diagsMask__C               
20010954  ti_sysbios_heaps_HeapMem_Module__gateObj__C                 
20010958  ti_sysbios_heaps_HeapMem_Object__count__C                   
2001095c  ti_sysbios_heaps_HeapMem_reqAlign__C                        
20010960  ti_sysbios_knl_Clock_LM_begin__C                            
20010964  ti_sysbios_knl_Clock_LM_tick__C                             
20010968  ti_sysbios_knl_Clock_LW_delayed__C                          
2001096c  ti_sysbios_knl_Clock_Module_State_clockQ__O                 
20010970  ti_sysbios_knl_Clock_Module__diagsEnabled__C                
20010974  ti_sysbios_knl_Clock_Module__diagsIncluded__C               
20010978  ti_sysbios_knl_Clock_Module__diagsMask__C                   
2001097c  ti_sysbios_knl_Clock_Module__loggerFxn1__C                  
20010980  ti_sysbios_knl_Clock_Module__loggerFxn2__C                  
20010984  ti_sysbios_knl_Clock_Module__loggerObj__C                   
20010988  ti_sysbios_knl_Clock_tickPeriod__C                          
2001098c  ti_sysbios_knl_Idle_funcList__A                             
20010990  ti_sysbios_knl_Mailbox_A_invalidBufSize__C                  
20010994  ti_sysbios_knl_Mailbox_Instance_State_dataQue__O            
20010998  ti_sysbios_knl_Mailbox_Instance_State_dataSem__O            
2001099c  ti_sysbios_knl_Mailbox_Instance_State_freeQue__O            
200109a0  ti_sysbios_knl_Mailbox_Instance_State_freeSem__O            
200109a4  ti_sysbios_knl_Mailbox_Module__diagsEnabled__C              
200109a8  ti_sysbios_knl_Mailbox_Module__diagsIncluded__C             
200109ac  ti_sysbios_knl_Mailbox_Module__diagsMask__C                 
200109b0  ti_sysbios_knl_Mailbox_Object__count__C                     
200109b4  ti_sysbios_knl_Mailbox_maxTypeAlign__C                      
200109b8  ti_sysbios_knl_Semaphore_A_badContext__C                    
200109bc  ti_sysbios_knl_Semaphore_A_noEvents__C                      
200109c0  ti_sysbios_knl_Semaphore_A_overflow__C                      
200109c4  ti_sysbios_knl_Semaphore_A_pendTaskDisabled__C              
200109c8  ti_sysbios_knl_Semaphore_Instance_State_pendQ__O            
200109cc  ti_sysbios_knl_Semaphore_LM_pend__C                         
200109d0  ti_sysbios_knl_Semaphore_LM_post__C                         
200109d4  ti_sysbios_knl_Semaphore_Module__diagsEnabled__C            
200109d8  ti_sysbios_knl_Semaphore_Module__diagsIncluded__C           
200109dc  ti_sysbios_knl_Semaphore_Module__diagsMask__C               
200109e0  ti_sysbios_knl_Semaphore_Module__loggerFxn2__C              
200109e4  ti_sysbios_knl_Semaphore_Module__loggerFxn4__C              
200109e8  ti_sysbios_knl_Semaphore_Module__loggerObj__C               
200109ec  ti_sysbios_knl_Swi_LD_end__C                                
200109f0  ti_sysbios_knl_Swi_LM_begin__C                              
200109f4  ti_sysbios_knl_Swi_LM_post__C                               
200109f8  ti_sysbios_knl_Swi_Module__diagsEnabled__C                  
200109fc  ti_sysbios_knl_Swi_Module__diagsIncluded__C                 
20010a00  ti_sysbios_knl_Swi_Module__diagsMask__C                     
20010a04  ti_sysbios_knl_Swi_Module__loggerFxn1__C                    
20010a08  ti_sysbios_knl_Swi_Module__loggerFxn4__C                    
20010a0c  ti_sysbios_knl_Swi_Module__loggerObj__C                     
20010a10  ti_sysbios_knl_Swi_Object__count__C                         
20010a14  ti_sysbios_knl_Task_A_badPriority__C                        
20010a18  ti_sysbios_knl_Task_A_badTaskState__C                       
20010a1c  ti_sysbios_knl_Task_A_badThreadType__C                      
20010a20  ti_sysbios_knl_Task_A_badTimeout__C                         
20010a24  ti_sysbios_knl_Task_A_noPendElem__C                         
20010a28  ti_sysbios_knl_Task_A_sleepTaskDisabled__C                  
20010a2c  ti_sysbios_knl_Task_E_spOutOfBounds__C                      
20010a30  ti_sysbios_knl_Task_E_stackOverflow__C                      
20010a34  ti_sysbios_knl_Task_LD_block__C                             
20010a38  ti_sysbios_knl_Task_LD_exit__C                              
20010a3c  ti_sysbios_knl_Task_LD_ready__C                             
20010a40  ti_sysbios_knl_Task_LM_sleep__C                             
20010a44  ti_sysbios_knl_Task_LM_switch__C                            
20010a48  ti_sysbios_knl_Task_LM_yield__C                             
20010a4c  ti_sysbios_knl_Task_Module_State_inactiveQ__O               
20010a50  ti_sysbios_knl_Task_Module__diagsEnabled__C                 
20010a54  ti_sysbios_knl_Task_Module__diagsIncluded__C                
20010a58  ti_sysbios_knl_Task_Module__diagsMask__C                    
20010a5c  ti_sysbios_knl_Task_Module__loggerFxn2__C                   
20010a60  ti_sysbios_knl_Task_Module__loggerFxn4__C                   
20010a64  ti_sysbios_knl_Task_Module__loggerObj__C                    
20010a68  ti_sysbios_knl_Task_Object__count__C                        
20010a6c  ti_sysbios_knl_Task_allBlockedFunc__C                       
20010a70  ti_sysbios_knl_Task_defaultStackHeap__C                     
20010a74  ti_sysbios_knl_Task_defaultStackSize__C                     
20010a78  ti_sysbios_knl_Task_numConstructedTasks__C                  
20010a7c  xdc_runtime_Assert_E_assertFailed__C                        
20010a80  xdc_runtime_Core_A_initializedParams__C                     
20010a84  xdc_runtime_Core_Module__diagsEnabled__C                    
20010a88  xdc_runtime_Core_Module__diagsIncluded__C                   
20010a8c  xdc_runtime_Core_Module__diagsMask__C                       
20010a90  xdc_runtime_Error_E_memory__C                               
20010a94  xdc_runtime_Error_Module__diagsEnabled__C                   
20010a98  xdc_runtime_Error_Module__diagsIncluded__C                  
20010a9c  xdc_runtime_Error_Module__diagsMask__C                      
20010aa0  xdc_runtime_Error_Module__loggerFxn8__C                     
20010aa4  xdc_runtime_Error_Module__loggerObj__C                      
20010aa8  xdc_runtime_Error_policyFxn__C                              
20010aac  xdc_runtime_Error_raiseHook__C                              
20010ab0  xdc_runtime_IFilterLogger_Interface__BASE__C                
20010ab4  xdc_runtime_IGateProvider_Interface__BASE__C                
20010ab8  xdc_runtime_IHeap_Interface__BASE__C                        
20010abc  xdc_runtime_ILogger_Interface__BASE__C                      
20010ac0  xdc_runtime_IModule_Interface__BASE__C                      
20010ac4  xdc_runtime_Log_L_error__C                                  
20010ac8  xdc_runtime_LoggerBuf_E_badLevel__C                         
20010acc  xdc_runtime_LoggerBuf_Module__gateObj__C                    
20010ad0  xdc_runtime_LoggerBuf_Object__count__C                      
20010ad4  xdc_runtime_LoggerBuf_statusLogger__C                       
20010ad8  xdc_runtime_Memory_defaultHeapInstance__C                   
20010adc  xdc_runtime_Startup_execImpl__C                             
20010ae0  xdc_runtime_Startup_maxPasses__C                            
20010ae4  xdc_runtime_Startup_sfxnRts__C                              
20010ae8  xdc_runtime_Startup_sfxnTab__C                              
20010aec  xdc_runtime_SysMin_bufSize__C                               
20010af0  xdc_runtime_SysMin_outputFunc__C                            
20010af4  xdc_runtime_System_Module__gateObj__C                       
20010af8  xdc_runtime_System_abortFxn__C                              
20010afc  xdc_runtime_System_exitFxn__C                               
20010b00  xdc_runtime_System_extendFxn__C                             
20010b04  xdc_runtime_System_maxAtexitHandlers__C                     
20010b08  xdc_runtime_Text_charTab__C                                 
20010b0c  xdc_runtime_Text_nameEmpty__C                               
20010b10  xdc_runtime_Text_nameStatic__C                              
20010b14  xdc_runtime_Text_nameUnknown__C                             
20010b18  xdc_runtime_Text_nodeTab__C                                 
20010b1c  xdc_runtime_Text_visitRopeFxn__C                            
20010b20  ti_sysbios_family_arm_m3_Timer_Module__id__C                
20010b22  ti_sysbios_family_arm_m3_TimestampProvider_configTimer__C   
20010b24  ti_sysbios_gates_GateMutex_Module__id__C                    
20010b26  ti_sysbios_hal_Hwi_Module__id__C                            
20010b28  ti_sysbios_heaps_HeapMem_Module__id__C                      
20010b2a  ti_sysbios_knl_Clock_Module__id__C                          
20010b2c  ti_sysbios_knl_Clock_Module__loggerDefined__C               
20010b2e  ti_sysbios_knl_Mailbox_Module__id__C                        
20010b30  ti_sysbios_knl_Semaphore_Module__id__C                      
20010b32  ti_sysbios_knl_Semaphore_Module__loggerDefined__C           
20010b34  ti_sysbios_knl_Swi_Module__id__C                            
20010b36  ti_sysbios_knl_Swi_Module__loggerDefined__C                 
20010b38  ti_sysbios_knl_Task_Module__id__C                           
20010b3a  ti_sysbios_knl_Task_Module__loggerDefined__C                
20010b3c  ti_sysbios_knl_Task_initStackFlag__C                        
20010b3e  xdc_runtime_Core_Module__id__C                              
20010b40  xdc_runtime_Error_Module__loggerDefined__C                  
20010b42  xdc_runtime_Error_maxDepth__C                               
20010b44  xdc_runtime_LoggerBuf_Module__id__C                         
20010b46  xdc_runtime_LoggerBuf_filterByLevel__C                      
20010b48  xdc_runtime_Memory_Module__id__C                            
20010b4a  xdc_runtime_SysMin_flushAtExit__C                           
20010b4c  xdc_runtime_Text_charCnt__C                                 
20010b4e  xdc_runtime_Text_isLoaded__C                                
20010b50  xdc_runtime_Text_registryModsLastId__C                      
20010b52  xdc_runtime_Text_unnamedModsLastId__C                       
20010b58  __TI_static_base__                                          
20010cf8  __TI_Handler_Table_Base                                     
20010d04  __TI_Handler_Table_Limit                                    
20010d10  __TI_CINIT_Base                                             
20010d20  __TI_CINIT_Limit                                            
20017000  ti_sysbios_heaps_HeapMem_Instance_State_0_buf__A            
2001f000  ti_sysbios_knl_Task_Instance_State_0_stack__A               
2001f800  xdc_runtime_LoggerBuf_Instance_State_0_entryArr__A          
2001fc00  xdc_runtime_SysMin_Module_State_0_outbuf__A                 
20020000  ti_sysbios_family_arm_m3_Hwi_dispatchTable                  
2002030c  g_StatMem                                                   
20020484  __CIOBUF_                                                   
200205a4  g_ucDinDout                                                 
20020600  DMAMsgQ                                                     
20020604  SimpleLinkSpawnTaskHndl                                     
20020608  _clientSocket                                               
2002060c  _socketTaskHandle                                           
20020610  g_cDummy                                                    
20020614  simpleLink_mailbox                                          
20020618  RxIrqCnt                                                    
2002061c  ti_sysbios_knl_Swi_Module_State_0_readyQ__A                 
2002069c  ti_sysbios_knl_Task_Module_State_0_readyQ__A                
2002071c  TSK_idle                                                    
2002071c  ti_sysbios_knl_Task_Object__table__V                        
20020768  ti_sysbios_knl_Task_Module__state__V                        
200207ac  ti_sysbios_gates_GateMutex_Object__table__V                 
200207e4  ti_sysbios_family_arm_m3_Hwi_Module__state__V               
20020818  ti_sysbios_family_arm_m3_Timer_Object__table__V             
20020848  ti_sysbios_knl_Swi_Object__table__V                         
20020878  ti_sysbios_knl_Clock_Module__state__V                       
200208a4  ti_sysbios_BIOS_Module__state__V                            
200208c8  xdc_runtime_LoggerBuf_Object__table__V                      
200208ec  ti_sysbios_knl_Swi_Module__state__V                         
20020908  ti_sysbios_family_arm_m3_Hwi_Object__table__V               
20020920  ti_sysbios_heaps_HeapMem_Object__table__V                   
20020938  xdc_runtime_System_Module_State_0_atexitHandlers__A         
20020948  __TI_cleanup_ptr                                            
2002094c  __TI_dtors_ptr                                              
20020950  __TI_enable_exit_profile_output                             
20020954  ti_sysbios_family_arm_m3_Timer_Module__state__V             
20020960  xdc_runtime_SysMin_Module__state__V                         
2002096c  g_SpiFd                                                     
20020970  g_pHostIntHdl                                               
20020974  g_ucDMAEnabled                                              
20020975  _apState                                                    
20020976  _socketState                                                
20020978  g_pCB                                                       
2002097c  pPingCallBackFunc                                           
20020980  gFirstCmdMode                                               
20020982  ti_sysbios_family_arm_m3_Hwi_Module_State_0_excActive__A    
20020984  _lock                                                       
20020988  _unlock                                                     
2002098c  ti_sysbios_family_arm_m3_Hwi_Module__root__V                
20020994  ti_sysbios_gates_GateHwi_Module__root__V                    
2002099c  ti_sysbios_gates_GateMutex_Module__root__V                  
200209a4  ti_sysbios_heaps_HeapMem_Module__root__V                    
200209ac  ti_sysbios_knl_Mailbox_Module__root__V                      
200209b4  ti_sysbios_knl_Queue_Module__root__V                        
200209bc  ti_sysbios_knl_Semaphore_Module__root__V                    
200209c4  ti_sysbios_knl_Task_Module__root__V                         
200209cc  xdc_runtime_LoggerBuf_Module__root__V                       
200209d4  xdc_runtime_Registry_Module__state__V                       
200209dc  xdc_runtime_Startup_Module__state__V                        
200209e4  xdc_runtime_System_Module__state__V                         
200209ec  xdc_runtime_LoggerBuf_Module__state__V                      
200209f2  xdc_runtime_Error_Module__state__V                          
200209f4  main_func_sp                                                
200209f8  ti_sysbios_family_arm_m3_Hwi_Module_State_0_excContext__A   
200209fc  ti_sysbios_family_arm_m3_Hwi_Module_State_0_excStack__A     
20020a00  ti_sysbios_family_arm_m3_TimestampProvider_Module__state__V 
20020a04  ti_sysbios_gates_GateHwi_Object__table__V                   
20020a08  ti_sysbios_knl_Task_Module_State_0_idleTask__A              
20020a0c  xdc_runtime_Memory_Module__state__V                         
2002e000  __stack                                                     
20030000  __STACK_END                                                 
e000e000  ti_sysbios_family_arm_m3_Hwi_nvic                           
ffffffff  __TI_pprof_out_hndl                                         
ffffffff  __TI_prof_data_size                                         
ffffffff  __TI_prof_data_start                                        
ffffffff  __binit__                                                   
ffffffff  __c_args__                                                  
ffffffff  binit                                                       
UNDEFED   SHT$$INIT_ARRAY$$Base                                       
UNDEFED   SHT$$INIT_ARRAY$$Limit                                      

[848 symbols]
