******************************************************************************
                  TI ARM Linker PC v5.2.5                      
******************************************************************************
>> Linked Tue Aug 09 23:54:22 2016

OUTPUT FILE NAME:   <wlan_ap.out>
ENTRY POINT SYMBOL: "_c_int00"  address: 2000c029


MEMORY CONFIGURATION

         name            origin    length      used     unused   attr    fill
----------------------  --------  ---------  --------  --------  ----  --------
  SRAM_CODE             20004000   00013000  0000c154  00006eac  RW X
  SRAM_DATA             20017000   00019000  0000ba4a  0000d5b6  RW X


SEGMENT ALLOCATION MAP

run origin  load origin   length   init length attrs members
----------  ----------- ---------- ----------- ----- -------
20004000    20004000    0000c160   0000c160    r-x
  20004000    20004000    0000030c   0000030c    r-- .resetVecs
  20004310    20004310    0000977a   0000977a    r-x .text
  2000da8c    2000da8c    00002376   00002376    r-- .const
  2000fe08    2000fe08    00000358   00000358    r-- .cinit
20017000    20017000    00009a4c   00000000    rw-
  20017000    20017000    00009612   00000000    rw- .bss
  20020614    20020614    00000438   00000000    rw- .data
2002e000    2002e000    00002000   00000000    rw-
  2002e000    2002e000    00002000   00000000    rw- .stack


SECTION ALLOCATION MAP

 output                                  attributes/
section   page    origin      length       input sections
--------  ----  ----------  ----------   ----------------
.init_array 
*          0    20004000    00000000     UNINITIALIZED

.resetVecs 
*          0    20004000    0000030c     
                  20004000    0000030c     app_pem4.oem4 (.resetVecs)

.text      0    20004310    0000977a     
                  20004310    00000590     simplelink.a : driver.obj (.text:_SlDrvMsgRead)
                  200048a0    00000544     ti_rtos.a : osi_tirtos.obj (.text)
                  20004de4    00000004     app_pem4.oem4 (.text:ti_sysbios_BIOS_RtsGateProxy_enter__E)
                  20004de8    00000430     sysbios.aem4 : BIOS.obj (.text:ti_sysbios_family_arm_m3_Hwi_excDumpRegs__I)
                  20005218    0000034c     ti.targets.arm.rtsarm.aem4 : System.oem4 (.text:xdc_runtime_System_doPrint__I)
                  20005564    00000004     app_pem4.oem4 (.text:ti_sysbios_BIOS_RtsGateProxy_leave__E)
                  20005568    00000314     sysbios.aem4 : BIOS.obj (.text:ti_sysbios_knl_Semaphore_pend__E)
                  2000587c    000002d4     rtsv7M4_T_le_eabi.lib : trgdrv.obj (.text)
                  20005b50    00000254     sysbios.aem4 : BIOS.obj (.text:ti_sysbios_heaps_HeapMem_free__E)
                  20005da4    00000004     app_pem4.oem4 (.text:ti_sysbios_family_arm_m3_Hwi_delete)
                  20005da8    00000248     sysbios.aem4 : BIOS.obj (.text:ti_sysbios_heaps_HeapMem_alloc__E)
                  20005ff0    0000022c                  : BIOS.obj (.text:ti_sysbios_knl_Task_Instance_finalize__E)
                  2000621c    00000004     app_pem4.oem4 (.text:ti_sysbios_family_arm_m3_TaskSupport_Module__startupDone__S)
                  20006220    00000200     sysbios.aem4 : BIOS.obj (.text:ti_sysbios_knl_Task_sleep__E)
                  20006420    000001fc     simplelink.a : driver.obj (.text:_SlDrvRxHdrRead)
                  2000661c    00000004     app_pem4.oem4 (.text:ti_sysbios_heaps_HeapMem_Module_GateProxy_enter__E)
                  20006620    000001fc     sysbios.aem4 : BIOS.obj (.text:ti_sysbios_family_arm_m3_Hwi_excHandlerMax__I)
                  2000681c    000001d0     simplelink.a : driver.obj (.text:_SlDrvReleasePoolObj)
                  200069ec    00000004     app_pem4.oem4 (.text:ti_sysbios_heaps_HeapMem_Module_GateProxy_leave__E)
                  200069f0    000001c8     sysbios.aem4 : BIOS.obj (.text:ti_sysbios_knl_Task_Instance_init__E)
                  20006bb8    0000019c     simplelink.a : driver.obj (.text:_SlDrvMsgWrite)
                  20006d54    00000004     app_pem4.oem4 (.text:ti_sysbios_knl_Clock_TimerProxy_getMaxTicks__E)
                  20006d58    0000019c     sysbios.aem4 : BIOS.obj (.text:ti_sysbios_knl_Task_Module_startup__E)
                  20006ef4    00000190     simplelink.a : driver.obj (.text:_SlDrvDriverCBInit)
                  20007084    00000190                  : driver.obj (.text:_SlDrvWaitForPoolObj)
                  20007214    00000004     app_pem4.oem4 (.text:ti_sysbios_knl_Mailbox_delete)
                  20007218    00000174     sysbios.aem4 : BIOS.obj (.text:ti_sysbios_family_arm_m3_Hwi_excBusFault__I)
                  2000738c    00000170     simplelink.a : driver.obj (.text:_SlFindAndSetActiveObj)
                  200074fc    00000004     app_pem4.oem4 (.text:ti_sysbios_knl_Queue_destruct)
                  20007500    00000164     sysbios.aem4 : BIOS.obj (.text:ti_sysbios_family_arm_m3_Hwi_excUsageFault__I)
                  20007664    00000004     app_pem4.oem4 (.text:ti_sysbios_knl_Semaphore_delete)
                  20007668    00000158     sysbios.aem4 : BIOS.obj (.text:ti_sysbios_knl_Mailbox_Instance_init__E)
                  200077c0    00000150     simplelink.a : cc_pal.obj (.text:spi_Open)
                  20007910    00000148     sysbios.aem4 : BIOS.obj (.text:ti_sysbios_family_arm_m3_Hwi_excMemFault__I)
                  20007a58    00000140                  : BIOS.obj (.text:ti_sysbios_knl_Semaphore_post__E)
                  20007b98    0000013c                  : BIOS.obj (.text:ti_sysbios_heaps_HeapMem_Instance_init__E)
                  20007cd4    00000004     app_pem4.oem4 (.text:ti_sysbios_knl_Semaphore_destruct)
                  20007cd8    00000138     sysbios.aem4 : BIOS.obj (.text:ti_sysbios_family_arm_m3_Hwi_dispatchC__I)
                  20007e10    00000138     ti.targets.arm.rtsarm.aem4 : LoggerBuf.oem4 (.text:xdc_runtime_LoggerBuf_write8__E)
                  20007f48    00000134     sysbios.aem4 : BIOS.obj (.text:ti_sysbios_knl_Clock_workFunc__E)
                  2000807c    00000120     simplelink.a : driver.obj (.text:_SlDrvMsgReadCmdCtx)
                  2000819c    00000004     app_pem4.oem4 (.text:ti_sysbios_knl_Task_delete)
                  200081a0    0000011c     sysbios.aem4 : BIOS.obj (.text:ti_sysbios_knl_Swi_run__I)
                  200082bc    00000118     simplelink.a : driver.obj (.text:_SlDrvDriverCBDeinit)
                  200083d4    00000118     ti.targets.arm.rtsarm.aem4 : Error.oem4 (.text:xdc_runtime_Error_policyDefault__E)
                  200084ec    00000114     rom_pin_mux_config.obj (.text)
                  20008600    00000104     simplelink.a : netapp.obj (.text:_SlDrvNetAppEventHandler)
                  20008704    00000100     ti.targets.arm.rtsarm.aem4 : Core-mem.oem4 (.text:xdc_runtime_Core_createObject__I)
                  20008804    000000f8                                : Startup.oem4 (.text:xdc_runtime_Startup_startMods__I)
                  200088fc    000000f8     app_pem4.oem4 (.text:xdc_runtime_System_printfExtend__I)
                  200089f4    000000f0     driverlib.a : udma.obj (.text:uDMAChannelTransferSet)
                  20008ae4    000000e8     simplelink.a : driver.obj (.text:_SlAsyncEventGenericHandler)
                  20008bcc    000000e4                  : device.obj (.text:sl_Stop)
                  20008cb0    000000e0                  : device.obj (.text:sl_Start)
                  20008d90    000000dc                  : driver.obj (.text:_SlDrvClassifyRxMsg)
                  20008e6c    000000dc                  : cc_pal.obj (.text:spi_Read)
                  20008f48    000000d4                  : driver.obj (.text:_SlDrvMsgReadSpawnCtx)
                  2000901c    000000d4     ti.targets.arm.rtsarm.aem4 : LoggerBuf.oem4 (.text:xdc_runtime_LoggerBuf_write4__E)
                  200090f0    000000d0     sysbios.aem4 : BIOS.obj (.text:ti_sysbios_family_arm_m3_Hwi_Module_startup__E)
                  200091c0    000000d0                  : m3_Hwi_asm.obj (.text:ti_sysbios_family_arm_m3_Hwi_dispatch__I)
                  20009290    000000cc     simplelink.a : netapp.obj (.text:_sl_HandleAsync_DnsGetHostByService)
                  2000935c    00000004     ti.targets.arm.rtsarm.aem4 : Error.oem4 (.text:xdc_runtime_Error_getSite__E)
                  20009360    000000cc     sysbios.aem4 : BIOS.obj (.text:ti_sysbios_knl_Task_schedule__I)
                  2000942c    000000cc     ti.targets.arm.rtsarm.aem4 : Core-smem.oem4 (.text:xdc_runtime_Core_constructObject__I)
                  200094f8    000000c4     simplelink.a : driver.obj (.text:_SlRemoveFromList)
                  200095bc    000000c0                  : driver.obj (.text:_SlDrvCmdOp)
                  2000967c    00000004     app_pem4.oem4 (.text:xdc_runtime_LoggerBuf_Module_GateProxy_enter__E)
                  20009680    000000bc     sysbios.aem4 : BIOS.obj (.text:ti_sysbios_family_arm_m3_Hwi_excDebugMon__I)
                  2000973c    00000004     app_pem4.oem4 (.text:xdc_runtime_LoggerBuf_Module_GateProxy_leave__E)
                  20009740    000000bc     sysbios.aem4 : BIOS.obj (.text:ti_sysbios_family_arm_m3_Hwi_excHardFault__I)
                  200097fc    00000004     app_pem4.oem4 (.text:xdc_runtime_System_Module_GateProxy_enter__E)
                  20009800    000000bc     sysbios.aem4 : BIOS.obj (.text:ti_sysbios_knl_Task_startCore__E)
                  200098bc    00000004     app_pem4.oem4 (.text:xdc_runtime_System_Module_GateProxy_leave__E)
                  200098c0    000000b4     sysbios.aem4 : BIOS.obj (.text:ti_sysbios_gates_GateMutex_enter__E)
                  20009974    00000004     ti.targets.arm.rtsarm.aem4 : System.oem4 (.text:xdc_runtime_System_aprintf_va__F)
                  20009978    000000b4     sysbios.aem4 : BIOS.obj (.text:ti_sysbios_knl_Task_checkStacks__E)
                  20009a2c    00000004     ti.targets.arm.rtsarm.aem4 : System.oem4 (.text:xdc_runtime_System_printf_va__F)
                  20009a30    000000b4     sysbios.aem4 : BIOS.obj (.text:ti_sysbios_knl_Task_yield__E)
                  20009ae4    00000002     rtsv7M4_T_le_eabi.lib : i_div0.obj (.text)
                  20009ae6    00000002     app_pem4.oem4 (.text:ti_sysbios_BIOS_nullFunc__I)
                  20009ae8    000000ac     sysbios.aem4 : BIOS.obj (.text:ti_sysbios_knl_Swi_post__E)
                  20009b94    00000002     app_pem4.oem4 (.text:xdc_runtime_Startup_reset__I)
                  20009b96    00000002     --HOLE-- [fill = 0]
                  20009b98    000000a8     sysbios.aem4 : BIOS.obj (.text:ti_sysbios_knl_Task_blockI__E)
                  20009c40    000000a8                  : BIOS.obj (.text:ti_sysbios_knl_Task_postInit__I)
                  20009ce8    000000a0     driverlib.a : spi.obj (.text:SPIConfigSetExpClk)
                  20009d88    000000a0     simplelink.a : driver.obj (.text:_SlDriverHandleError)
                  20009e28    000000a0     auto_init.aem4 : auto_init.oem4 (.text)
                  20009ec8    000000a0     task_wifi.obj (.text)
                  20009f68    000000a0     ti.targets.arm.rtsarm.aem4 : Text.oem4 (.text:xdc_runtime_Text_putMod__E)
                  2000a008    0000009c     rtsv7M4_T_le_eabi.lib : memcpy_t2.obj (.text)
                  2000a0a4    00000004     --HOLE-- [fill = 0]
                  2000a0a8    0000009c     sysbios.aem4 : BIOS.obj (.text:ti_sysbios_knl_Semaphore_Instance_init__E)
                  2000a144    0000009c     ti.targets.arm.rtsarm.aem4 : LoggerBuf.oem4 (.text:xdc_runtime_LoggerBuf_setFilterLevel__E)
                  2000a1e0    0000009a     simplelink.a : device.obj (.text:_SlDrvDeviceEventHandler)
                  2000a27a    00000002     --HOLE-- [fill = 0]
                  2000a27c    0000009a     ti.targets.arm.rtsarm.aem4 : Text.oem4 (.text:xdc_runtime_Text_putSite__E)
                  2000a316    00000002     --HOLE-- [fill = 0]
                  2000a318    00000098     sysbios.aem4 : BIOS.obj (.text:ti_sysbios_knl_Mailbox_post__E)
                  2000a3b0    00000094     driverlib.a : prcm.obj (.text:PRCMPeripheralClockGet)
                  2000a444    00000004     --HOLE-- [fill = 0]
                  2000a448    00000094     sysbios.aem4 : BIOS.obj (.text:ti_sysbios_family_arm_m3_Hwi_Instance_init__E)
                  2000a4dc    00000004     --HOLE-- [fill = 0]
                  2000a4e0    00000094                  : BIOS.obj (.text:ti_sysbios_knl_Task_exit__E)
                  2000a574    00000090     simplelink.a : netapp.obj (.text:_sl_HandleAsync_DnsGetHostByName)
                  2000a604    00000090                  : netapp.obj (.text:_sl_HandleAsync_PingResponse)
                  2000a694    00000004     --HOLE-- [fill = 0]
                  2000a698    00000090     sysbios.aem4 : BIOS.obj (.text:ti_sysbios_knl_Task_unblockI__E)
                  2000a728    0000008c     simplelink.a : cc_pal.obj (.text:SetupDMAReceive)
                  2000a7b4    0000008c                  : cc_pal.obj (.text:SetupDMASend)
                  2000a840    0000008c                  : cc_pal.obj (.text:spi_Write)
                  2000a8cc    00000004     --HOLE-- [fill = 0]
                  2000a8d0    0000008c     sysbios.aem4 : BIOS.obj (.text:ti_sysbios_knl_Mailbox_pend__E)
                  2000a95c    00000088     driverlib.a : pin.obj (.text:PinConfigSet)
                  2000a9e4    00000004     --HOLE-- [fill = 0]
                  2000a9e8    00000088     sysbios.aem4 : BIOS.obj (.text:ti_sysbios_family_arm_m3_Hwi_initNVIC__E)
                  2000aa70    00000088                  : BIOS.obj (.text:ti_sysbios_knl_Mailbox_Module_startup__E)
                  2000aaf8    00000084                  : BIOS.obj (.text:ti_sysbios_family_arm_m3_Hwi_postInit__I)
                  2000ab7c    00000080     simplelink.a : socket.obj (.text:_sl_HandleAsync_Connect)
                  2000abfc    00000080                  : device.obj (.text:_sl_HandleAsync_InitComplete)
                  2000ac7c    00000080                  : cc_pal.obj (.text:spi_Read_CPU)
                  2000acfc    00000080                  : cc_pal.obj (.text:spi_Write_CPU)
                  2000ad7c    0000007c                  : wlan.obj (.text:sl_WlanSet)
                  2000adf8    0000007c     sysbios.aem4 : BIOS.obj (.text:ti_sysbios_family_arm_m3_TimestampProvider_get64__E)
                  2000ae74    0000007a     rtsv7M4_T_le_eabi.lib : memset_t2.obj (.text)
                  2000aeee    00000002     --HOLE-- [fill = 0]
                  2000aef0    00000078     simplelink.a : cc_pal.obj (.text:spi_Close)
                  2000af68    00000074     ti.targets.arm.rtsarm.aem4 : LoggerBuf.oem4 (.text:xdc_runtime_LoggerBuf_getFilterLevel__E)
                  2000afdc    00000004     --HOLE-- [fill = 0]
                  2000afe0    00000070     sysbios.aem4 : BIOS.obj (.text:ti_sysbios_knl_Mailbox_Instance_finalize__E)
                  2000b050    0000006d     ti.targets.arm.rtsarm.aem4 : System.oem4 (.text:xdc_runtime_System_formatNum__I)
                  2000b0bd    00000003     --HOLE-- [fill = 0]
                  2000b0c0    0000006c     simplelink.a : driver.obj (.text:_SlDrvCmdSend)
                  2000b12c    0000006c                  : netapp.obj (.text:_sl_NetAppSendTokenValue)
                  2000b198    0000006c     main.obj (.text)
                  2000b204    00000004     --HOLE-- [fill = 0]
                  2000b208    0000006c     sysbios.aem4 : BIOS.obj (.text:ti_sysbios_knl_Swi_restoreHwi__E)
                  2000b274    0000006c     ti.targets.arm.rtsarm.aem4 : Error.oem4 (.text:xdc_runtime_Error_print__E)
                  2000b2e0    0000006c                                : Memory.oem4 (.text:xdc_runtime_Memory_alloc__E)
                  2000b34c    0000006a     rtsv7M4_T_le_eabi.lib : copy_decompress_rle.obj (.text)
                  2000b3b6    00000002     --HOLE-- [fill = 0]
                  2000b3b8    00000068                           : trgmsg.obj (.text)
                  2000b420    00000066     ti.targets.arm.rtsarm.aem4 : Core-mem.oem4 (.text:xdc_runtime_Core_deleteObject__I)
                  2000b486    00000002     --HOLE-- [fill = 0]
                  2000b488    00000064     simplelink.a : socket.obj (.text:_sl_HandleAsync_Accept)
                  2000b4ec    00000064     app_pem4.oem4 (.text:ti_sysbios_family_arm_m3_Hwi_create)
                  2000b550    00000064     app_pem4.oem4 (.text:ti_sysbios_knl_Mailbox_create)
                  2000b5b4    00000064     driverlib.a : udma.obj (.text:uDMAChannelAttributeDisable)
                  2000b618    00000064                 : udma.obj (.text:uDMAChannelAttributeEnable)
                  2000b67c    00000004     --HOLE-- [fill = 0]
                  2000b680    00000060     sysbios.aem4 : BIOS.obj (.text:ti_sysbios_knl_Clock_logTick__E)
                  2000b6e0    0000005c                  : BIOS.obj (.text:ti_sysbios_knl_Swi_schedule__I)
                  2000b73c    0000005c     app_pem4.oem4 (.text:ti_sysbios_knl_Task_create)
                  2000b798    0000005c     app_pem4.oem4 (.text:xdc_runtime_LoggerBuf_Object__create__S)
                  2000b7f4    0000005b     ti.targets.arm.rtsarm.aem4 : Text.oem4 (.text:xdc_runtime_Text_putLab__E)
                  2000b84f    00000001     --HOLE-- [fill = 0]
                  2000b850    00000058     driverlib.a : interrupt.obj (.text:IntPendClear)
                  2000b8a8    00000058     sysbios.aem4 : BIOS.obj (.text:ti_sysbios_family_arm_m3_Timer_setPeriod__E)
                  2000b900    00000054     simplelink.a : socket.obj (.text:_sl_HandleAsync_Select)
                  2000b954    00000004     --HOLE-- [fill = 0]
                  2000b958    00000054     sysbios.aem4 : BIOS.obj (.text:ti_sysbios_family_arm_m3_Timer_start__E)
                  2000b9ac    00000054     ti.targets.arm.rtsarm.aem4 : Assert.oem4 (.text:xdc_runtime_Assert_raise__I)
                  2000ba00    00000050     simplelink.a : driver.obj (.text:_SlDrvRxIrqHandler)
                  2000ba50    00000050                  : device.obj (.text:_sl_HandleAsync_Stop)
                  2000baa0    00000050     ti.targets.arm.rtsarm.aem4 : Startup.oem4 (.text:xdc_runtime_Startup_exec__E)
                  2000baf0    00000050                                : Text.oem4 (.text:xdc_runtime_Text_visitRope2__I)
                  2000bb40    0000004c     driverlib.a : spi.obj (.text:SPIIntEnable)
                  2000bb8c    0000004c     simplelink.a : driver.obj (.text:_SlDrvProtectAsyncRespSetting)
                  2000bbd8    0000004c     rtsv7M4_T_le_eabi.lib : cpy_tbl.obj (.text)
                  2000bc24    0000004c     sysbios.aem4 : m3_TaskSupport_asm.obj (.text:ti_sysbios_family_arm_m3_TaskSupport_buildTaskStack)
                  2000bc70    0000004c                  : BIOS.obj (.text:ti_sysbios_heaps_HeapMem_getStats__E)
                  2000bcbc    00000004     --HOLE-- [fill = 0]
                  2000bcc0    0000004c                  : BIOS.obj (.text:ti_sysbios_knl_Swi_runLoop__I)
                  2000bd0c    00000004     --HOLE-- [fill = 0]
                  2000bd10    0000004c                  : BIOS.obj (.text:ti_sysbios_knl_Task_allBlockedFunction__I)
                  2000bd5c    0000004c     driverlib.a : udma.obj (.text:uDMAChannelAssign)
                  2000bda8    00000048                 : spi.obj (.text:SPIIntClear)
                  2000bdf0    00000048     sysbios.aem4 : BIOS.obj (.text:ti_sysbios_family_arm_m3_Hwi_disableInterrupt__E)
                  2000be38    00000048                  : BIOS.obj (.text:ti_sysbios_family_arm_m3_Hwi_enableInterrupt__E)
                  2000be80    00000048                  : BIOS.obj (.text:ti_sysbios_family_arm_m3_Hwi_excReserved__I)
                  2000bec8    00000048                  : m3_Hwi_asm_switch.obj (.text:ti_sysbios_family_arm_m3_Hwi_initStacks__E)
                  2000bf10    00000048                  : BIOS.obj (.text:ti_sysbios_family_arm_m3_Timer_initDevice__I)
                  2000bf58    00000046     ti.targets.arm.rtsarm.aem4 : Core-params.oem4 (.text:xdc_runtime_Core_assignParams__I)
                  2000bf9e    00000002     --HOLE-- [fill = 0]
                  2000bfa0    00000044     driverlib.a : spi.obj (.text:SPIDmaMaskGet)
                  2000bfe4    00000044     simplelink.a : driver.obj (.text:_SlDrvHandleHttpServerEvents)
                  2000c028    00000044     boot.aem4 : boot.oem4 (.text)
                  2000c06c    00000044     simplelink.a : cc_pal.obj (.text:cc_SetupTransfer)
                  2000c0b0    00000044     rtsv7M4_T_le_eabi.lib : exit.obj (.text)
                  2000c0f4    00000044     simplelink.a : wlan.obj (.text:sl_WlanSetMode)
                  2000c138    00000044     sysbios.aem4 : BIOS.obj (.text:ti_sysbios_family_arm_m3_Hwi_getStackInfo__E)
                  2000c17c    00000004     --HOLE-- [fill = 0]
                  2000c180    00000044                  : BIOS.obj (.text:ti_sysbios_knl_Mailbox_postInit__I)
                  2000c1c4    00000044     ti.targets.arm.rtsarm.aem4 : Error.oem4 (.text:xdc_runtime_Error_setX__E)
                  2000c208    00000044                                : LoggerBuf.oem4 (.text:xdc_runtime_LoggerBuf_filterOutEvent__I)
                  2000c24c    00000044                                : SysMin.oem4 (.text:xdc_runtime_SysMin_flush__E)
                  2000c290    00000044                                : Text.oem4 (.text:xdc_runtime_Text_xprintf__I)
                  2000c2d4    00000040     driverlib.a : pin.obj (.text:PinModeSet)
                  2000c314    00000040     simplelink.a : driver.obj (.text:_SlDrvHandleNetAppEvents)
                  2000c354    00000040                  : driver.obj (.text:_SlDrvHandleWlanEvents)
                  2000c394    00000040                  : driver.obj (.text:_SlDrvSyncObjWaitTimeout)
                  2000c3d4    00000040     rtsv7M4_T_le_eabi.lib : u_divt2.obj (.text)
                  2000c414    00000040     simplelink.a : netapp.obj (.text:sl_NetAppStart)
                  2000c454    00000004     --HOLE-- [fill = 0]
                  2000c458    00000040     sysbios.aem4 : BIOS.obj (.text:ti_sysbios_family_arm_m3_Timer_Module_startup__E)
                  2000c498    0000003c     simplelink.a : netapp.obj (.text:CopyPingResultsToReport)
                  2000c4d4    0000003c     driverlib.a : prcm.obj (.text:PRCMPeripheralClkEnable)
                  2000c510    0000003c     sysbios.aem4 : BIOS.obj (.text:ti_sysbios_family_arm_m3_Hwi_excSvCall__I)
                  2000c54c    00000004     --HOLE-- [fill = 0]
                  2000c550    0000003c                  : BIOS.obj (.text:ti_sysbios_heaps_HeapMem_init__I)
                  2000c58c    00000004     --HOLE-- [fill = 0]
                  2000c590    0000003c                  : BIOS.obj (.text:ti_sysbios_knl_Swi_startup__E)
                  2000c5cc    0000003c     driverlib.a : udma.obj (.text:uDMAChannelControlSet)
                  2000c608    0000003a     ti.targets.arm.rtsarm.aem4 : LoggerBuf.oem4 (.text:xdc_runtime_LoggerBuf_Instance_init__E)
                  2000c642    00000002     --HOLE-- [fill = 0]
                  2000c644    00000038     simplelink.a : cc_pal.obj (.text:NwpPowerOff)
                  2000c67c    00000004     --HOLE-- [fill = 0]
                  2000c680    00000038     sysbios.aem4 : BIOS.obj (.text:ti_sysbios_family_arm_m3_Hwi_excNoIsr__I)
                  2000c6b8    00000038                  : BIOS.obj (.text:ti_sysbios_knl_Task_processVitalTaskFlag__I)
                  2000c6f0    00000038     ti.targets.arm.rtsarm.aem4 : SysMin.oem4 (.text:xdc_runtime_SysMin_putch__E)
                  2000c728    00000038                                : System.oem4 (.text:xdc_runtime_System_atexit__E)
                  2000c760    00000036     driverlib.a : gpio.obj (.text:GPIODirModeSet)
                  2000c796    00000002     --HOLE-- [fill = 0]
                  2000c798    00000034                 : prcm.obj (.text:PRCMPeripheralStatusGet)
                  2000c7cc    00000034                 : spi.obj (.text:SPIFIFOLevelSet)
                  2000c800    00000034     sysbios.aem4 : BIOS.obj (.text:ti_sysbios_family_arm_m3_Hwi_Instance_finalize__E)
                  2000c834    00000004     --HOLE-- [fill = 0]
                  2000c838    00000034                  : BIOS.obj (.text:ti_sysbios_family_arm_m3_Hwi_excNmi__I)
                  2000c86c    00000004     --HOLE-- [fill = 0]
                  2000c870    00000034                  : BIOS.obj (.text:ti_sysbios_family_arm_m3_Timer_periodicStub__I)
                  2000c8a4    00000004     --HOLE-- [fill = 0]
                  2000c8a8    00000034                  : BIOS.obj (.text:ti_sysbios_hal_Hwi_checkStack)
                  2000c8dc    00000034     app_pem4.oem4 (.text:ti_sysbios_knl_Semaphore_create)
                  2000c910    00000034     ti.targets.arm.rtsarm.aem4 : Core-label.oem4 (.text:xdc_runtime_Core_assignLabel__I)
                  2000c944    00000033                                : Text.oem4 (.text:xdc_runtime_Text_printVisFxn__I)
                  2000c977    00000001     --HOLE-- [fill = 0]
                  2000c978    00000032     sysbios.aem4 : BIOS.obj (.text:ti_sysbios_hal_Hwi_initStack)
                  2000c9aa    00000006     driverlib.a : utils.obj (.text:UtilsDelay)
                  2000c9b0    00000032     sysbios.aem4 : BIOS.obj (.text:ti_sysbios_knl_Semaphore_pendTimeout__I)
                  2000c9e2    00000030     driverlib.a : pin.obj (.text:PinTypeGPIO)
                  2000ca12    00000002     --HOLE-- [fill = 0]
                  2000ca14    00000030     app_pem4.oem4 (.text:ti_sysbios_BIOS_atExitFunc__I)
                  2000ca44    00000004     --HOLE-- [fill = 0]
                  2000ca48    00000030     sysbios.aem4 : BIOS.obj (.text:ti_sysbios_family_arm_m3_TaskSupport_start__E)
                  2000ca78    00000030     app_pem4.oem4 (.text:ti_sysbios_gates_GateHwi_Object__create__S)
                  2000caa8    00000030     app_pem4.oem4 (.text:ti_sysbios_gates_GateMutex_Object__create__S)
                  2000cad8    00000030     app_pem4.oem4 (.text:ti_sysbios_heaps_HeapMem_Object__create__S)
                  2000cb08    00000030     app_pem4.oem4 (.text:ti_sysbios_knl_Semaphore_construct)
                  2000cb38    00000030     ti.targets.arm.rtsarm.aem4 : SysMin.oem4 (.text:xdc_runtime_SysMin_abort__E)
                  2000cb68    00000030                                : System.oem4 (.text:xdc_runtime_System_processAtExit__E)
                  2000cb98    0000002e     app_pem4.oem4 (.text:malloc)
                  2000cbc6    00000002     --HOLE-- [fill = 0]
                  2000cbc8    0000002c     simplelink.a : cc_pal.obj (.text:DmaSpiSwIntHandler)
                  2000cbf4    0000002c     app_pem4.oem4 (.text:ti_sysbios_knl_Clock_doTick__I)
                  2000cc20    0000002c     app_pem4.oem4 (.text:ti_sysbios_knl_Queue_construct)
                  2000cc4c    00000004     --HOLE-- [fill = 0]
                  2000cc50    0000002c     sysbios.aem4 : BIOS.obj (.text:ti_sysbios_knl_Task_restore__E)
                  2000cc7c    0000002c     ti.targets.arm.rtsarm.aem4 : Text.oem4 (.text:xdc_runtime_Text_cordText__E)
                  2000cca8    0000002a                                : System.oem4 (.text:xdc_runtime_System_putchar__I)
                  2000ccd2    00000002     --HOLE-- [fill = 0]
                  2000ccd4    00000028     driverlib.a : prcm.obj (.text:PRCMPeripheralClkDisable)
                  2000ccfc    00000028     simplelink.a : driver.obj (.text:_SlDrvObjGlobalLockWaitForever)
                  2000cd24    00000028                  : driver.obj (.text:_SlDrvProtectionObjLockWaitForever)
                  2000cd4c    00000004     --HOLE-- [fill = 0]
                  2000cd50    00000028     sysbios.aem4 : BIOS.obj (.text:ti_sysbios_knl_Swi_Module_startup__E)
                  2000cd78    00000028     ti.targets.arm.rtsarm.aem4 : LoggerBuf.oem4 (.text:xdc_runtime_LoggerBuf_Module_startup__E)
                  2000cda0    00000026     simplelink.a : cc_pal.obj (.text:NwpRegisterInterruptHandler)
                  2000cdc6    00000026     network_common.obj (.text)
                  2000cdec    00000026     ti.targets.arm.rtsarm.aem4 : System.oem4 (.text:xdc_runtime_System_avprintf__E)
                  2000ce12    00000002     --HOLE-- [fill = 0]
                  2000ce14    00000024     simplelink.a : driver.obj (.text:_SlDrvGlobalObjUnLock)
                  2000ce38    00000024                  : driver.obj (.text:_SlDrvProtectionObjUnLock)
                  2000ce5c    00000024                  : driver.obj (.text:_SlDrvSyncObjWaitForever)
                  2000ce80    00000024     app_pem4.oem4 (.text:ti_sysbios_BIOS_errorRaiseHook__I)
                  2000cea4    00000024     app_pem4.oem4 (.text:ti_sysbios_BIOS_registerRTSLock__I)
                  2000cec8    00000024     app_pem4.oem4 (.text:ti_sysbios_BIOS_removeRTSLock__I)
                  2000ceec    00000024     app_pem4.oem4 (.text:ti_sysbios_BIOS_startFunc__I)
                  2000cf10    00000024     sysbios.aem4 : BIOS.obj (.text:ti_sysbios_family_arm_m3_Hwi_doTaskRestore__I)
                  2000cf34    00000004     --HOLE-- [fill = 0]
                  2000cf38    00000024                  : BIOS.obj (.text:ti_sysbios_family_arm_m3_Timer_startup__E)
                  2000cf5c    00000024     app_pem4.oem4 (.text:ti_sysbios_gates_GateMutex_Object__delete__S)
                  2000cf80    00000024     sysbios.aem4 : BIOS.obj (.text:ti_sysbios_knl_Clock_Module_startup__E)
                  2000cfa4    00000024     app_pem4.oem4 (.text:ti_sysbios_knl_Semaphore_Object__delete__S)
                  2000cfc8    00000024     ti.targets.arm.rtsarm.aem4 : System.oem4 (.text:xdc_runtime_System_vprintf__E)
                  2000cfec    00000022     driverlib.a : spi.obj (.text:SPIReset)
                  2000d00e    00000022                 : spi.obj (.text:SPIWordCountSet)
                  2000d030    00000022     app_pem4.oem4 (.text:xdc_runtime_SysMin_output__I)
                  2000d052    00000002     --HOLE-- [fill = 0]
                  2000d054    00000020     simplelink.a : cc_pal.obj (.text:NwpPowerOn)
                  2000d074    00000020     app_pem4.oem4 (.text:ti_sysbios_BIOS_rtsLock__I)
                  2000d094    00000020     app_pem4.oem4 (.text:ti_sysbios_family_arm_m3_Hwi_Object__delete__S)
                  2000d0b4    00000020     sysbios.aem4 : m3_Hwi_asm.obj (.text:ti_sysbios_family_arm_m3_Hwi_excHandlerAsm__I)
                  2000d0d4    00000004     --HOLE-- [fill = 0]
                  2000d0d8    00000020                  : BIOS.obj (.text:ti_sysbios_family_arm_m3_Hwi_excHandler__I)
                  2000d0f8    00000020                  : BIOS.obj (.text:ti_sysbios_family_arm_m3_TimestampProvider_Module_startup__E)
                  2000d118    00000020     app_pem4.oem4 (.text:ti_sysbios_gates_GateHwi_Object__delete__S)
                  2000d138    00000020     app_pem4.oem4 (.text:ti_sysbios_heaps_HeapMem_Object__delete__S)
                  2000d158    00000020     sysbios.aem4 : BIOS.obj (.text:ti_sysbios_knl_Idle_run__E)
                  2000d178    00000020     app_pem4.oem4 (.text:ti_sysbios_knl_Mailbox_Object__delete__S)
                  2000d198    00000020     app_pem4.oem4 (.text:ti_sysbios_knl_Semaphore_Object__destruct__S)
                  2000d1b8    00000020     app_pem4.oem4 (.text:ti_sysbios_knl_Task_Object__delete__S)
                  2000d1d8    00000020     app_pem4.oem4 (.text:xdc_runtime_LoggerBuf_Object__delete__S)
                  2000d1f8    00000020     ti.targets.arm.rtsarm.aem4 : LoggerBuf.oem4 (.text:xdc_runtime_LoggerBuf_reset__E)
                  2000d218    00000020                                : Registry.oem4 (.text:xdc_runtime_Registry_findById__E)
                  2000d238    00000020                                : SysMin.oem4 (.text:xdc_runtime_SysMin_Module_startup__E)
                  2000d258    0000001e     simplelink.a : driver.obj (.text:_SlDrvSyncObjSignal)
                  2000d276    0000001e                  : cc_pal.obj (.text:cc_UDMAChannelSelect)
                  2000d294    0000001e     sysbios.aem4 : m3_Hwi_asm_switch.obj (.text:ti_sysbios_family_xxx_Hwi_switchAndRunFunc)
                  2000d2b2    00000006     ti.targets.arm.rtsarm.aem4 : xdc_noinit.oem4 (.text:__xdc__init)
                  2000d2b8    0000001c     sysbios.aem4 : BIOS.obj (.text:ti_sysbios_family_arm_m3_Hwi_setPriority__E)
                  2000d2d4    00000004     --HOLE-- [fill = 0]
                  2000d2d8    0000001c                  : BIOS.obj (.text:ti_sysbios_gates_GateMutex_Instance_init__E)
                  2000d2f4    0000001c     app_pem4.oem4 (.text:ti_sysbios_knl_Queue_Object__destruct__S)
                  2000d310    0000001c     sysbios.aem4 : BIOS.obj (.text:ti_sysbios_knl_Task_enter__I)
                  2000d32c    0000001c     driverlib.a : udma.obj (.text:uDMAChannelEnable)
                  2000d348    0000001c     ti.targets.arm.rtsarm.aem4 : Error.oem4 (.text:xdc_runtime_Error_raiseX__E)
                  2000d364    0000001c                                : Memory.oem4 (.text:xdc_runtime_Memory_valloc__E)
                  2000d380    0000001c                                : SysMin.oem4 (.text:xdc_runtime_SysMin_exit__E)
                  2000d39c    0000001c                                : System.oem4 (.text:xdc_runtime_System_abort__E)
                  2000d3b8    0000001a     driverlib.a : pin.obj (.text:PinTypeUART)
                  2000d3d2    0000001a                 : spi.obj (.text:SPIDmaDisable)
                  2000d3ec    0000001a                 : spi.obj (.text:SPIDmaEnable)
                  2000d406    0000001a                 : spi.obj (.text:SPIFIFODisable)
                  2000d420    0000001a                 : spi.obj (.text:SPIFIFOEnable)
                  2000d43a    0000001a     app_pem4.oem4 (.text:ti_sysbios_family_arm_m3_Hwi_Handle__label__S)
                  2000d454    0000001a     sysbios.aem4 : m3_Hwi_asm.obj (.text:ti_sysbios_family_arm_m3_Hwi_pendSV__I)
                  2000d46e    0000001a     app_pem4.oem4 (.text:ti_sysbios_gates_GateHwi_Handle__label__S)
                  2000d488    0000001a     app_pem4.oem4 (.text:ti_sysbios_gates_GateMutex_Handle__label__S)
                  2000d4a2    0000001a     app_pem4.oem4 (.text:ti_sysbios_heaps_HeapMem_Handle__label__S)
                  2000d4bc    0000001a     app_pem4.oem4 (.text:ti_sysbios_knl_Swi_Handle__label__S)
                  2000d4d6    0000001a     app_pem4.oem4 (.text:ti_sysbios_knl_Task_Handle__label__S)
                  2000d4f0    0000001a     sysbios.aem4 : BIOS.obj (.text:ti_sysbios_knl_Task_sleepTimeout__I)
                  2000d50a    0000001a     app_pem4.oem4 (.text:xdc_runtime_LoggerBuf_Handle__label__S)
                  2000d524    0000001a     app_pem4.oem4 (.text:xdc_runtime_System_aprintf__E)
                  2000d53e    0000001a     app_pem4.oem4 (.text:xdc_runtime_System_printf__E)
                  2000d558    00000018     driverlib.a : spi.obj (.text:SPICSDisable)
                  2000d570    00000018                 : spi.obj (.text:SPICSEnable)
                  2000d588    00000018                 : spi.obj (.text:SPIDisable)
                  2000d5a0    00000018                 : spi.obj (.text:SPIEnable)
                  2000d5b8    00000018     simplelink.a : device.obj (.text:_sl_GetStartResponseConvert)
                  2000d5d0    00000018     app_pem4.oem4 (.text:free)
                  2000d5e8    00000018     rtsv7M4_T_le_eabi.lib : args_main.obj (.text)
                  2000d600    00000018     app_pem4.oem4 (.text:ti_sysbios_BIOS_rtsUnlock__I)
                  2000d618    00000018     app_pem4.oem4 (.text:ti_sysbios_family_arm_m3_Hwi_Module__startupDone__F)
                  2000d630    00000018     app_pem4.oem4 (.text:ti_sysbios_family_arm_m3_Timer_Module__startupDone__F)
                  2000d648    00000018     sysbios.aem4 : BIOS.obj (.text:ti_sysbios_gates_GateMutex_leave__E)
                  2000d660    00000018     ti.targets.arm.rtsarm.aem4 : Error.oem4 (.text:xdc_runtime_Error_check__E)
                  2000d678    00000018                                : System.oem4 (.text:xdc_runtime_System_exit__E)
                  2000d690    00000018                                : Text.oem4 (.text:xdc_runtime_Text_ropeText__E)
                  2000d6a8    00000016     simplelink.a : driver.obj (.text:_SlDrvMemZero)
                  2000d6be    00000016     app_pem4.oem4 (.text:ti_sysbios_BIOS_exitFunc__I)
                  2000d6d4    00000014     rtsv7M4_T_le_eabi.lib : _lock.obj (.text)
                  2000d6e8    00000014                           : strcpy.obj (.text)
                  2000d6fc    00000014                           : strlen.obj (.text)
                  2000d710    00000014     app_pem4.oem4 (.text:ti_sysbios_family_arm_m3_Hwi_Object__get__S)
                  2000d724    00000004     --HOLE-- [fill = 0]
                  2000d728    00000014     sysbios.aem4 : BIOS.obj (.text:ti_sysbios_family_arm_m3_Hwi_switchFromBootStack__E)
                  2000d73c    00000014     app_pem4.oem4 (.text:ti_sysbios_heaps_HeapMem_Object__get__S)
                  2000d750    00000014     app_pem4.oem4 (.text:ti_sysbios_knl_Swi_Object__get__S)
                  2000d764    00000014     app_pem4.oem4 (.text:xdc_runtime_LoggerBuf_Object__get__S)
                  2000d778    00000012     sysbios.aem4 : BIOS.obj (.text:ti_sysbios_hal_Hwi_Module_startup__E)
                  2000d78a    00000006     rtsv7M4_T_le_eabi.lib : copy_decompress_rle.obj (.text:decompress:rle24)
                  2000d790    00000012     sysbios.aem4 : BIOS.obj (.text:ti_sysbios_hal_Timer_Module_startup__E)
                  2000d7a2    00000012     ti.targets.arm.rtsarm.aem4 : LoggerBuf.oem4 (.text:xdc_runtime_LoggerBuf_Instance_finalize__E)
                  2000d7b4    00000012                                : LoggerBuf.oem4 (.text:xdc_runtime_LoggerBuf_write1__E)
                  2000d7c6    00000012                                : LoggerBuf.oem4 (.text:xdc_runtime_LoggerBuf_write2__E)
                  2000d7d8    00000012     app_pem4.oem4 (.text:xdc_runtime_Startup_exec__I)
                  2000d7ea    00000010     simplelink.a : driver.obj (.text:_SlDrvDispatchHttpServerEvents)
                  2000d7fa    00000006     ti.targets.arm.rtsarm.aem4 : System.oem4 (.text:xdc_runtime_System_Module_startup__E)
                  2000d800    00000010     sysbios.aem4 : BIOS.obj (.text:ti_sysbios_BIOS_setThreadType__E)
                  2000d810    00000010                  : BIOS.obj (.text:ti_sysbios_BIOS_start__E)
                  2000d820    00000010                  : BIOS.obj (.text:ti_sysbios_family_arm_m3_Hwi_getHandle__E)
                  2000d830    00000010                  : m3_TaskSupport_asm.obj (.text:ti_sysbios_family_arm_m3_TaskSupport_glue)
                  2000d840    00000010                  : m3_TaskSupport_asm.obj (.text:ti_sysbios_family_arm_m3_TaskSupport_swap__E)
                  2000d850    00000010                  : BIOS.obj (.text:ti_sysbios_gates_GateMutex_Instance_finalize__E)
                  2000d860    00000010     app_pem4.oem4 (.text:ti_sysbios_knl_Mailbox_Object__get__S)
                  2000d870    00000010     sysbios.aem4 : BIOS.obj (.text:ti_sysbios_knl_Semaphore_Instance_finalize__E)
                  2000d880    00000010                  : BIOS.obj (.text:ti_sysbios_knl_Swi_disable__E)
                  2000d890    00000010     app_pem4.oem4 (.text:ti_sysbios_knl_Task_Object__get__S)
                  2000d8a0    00000010     sysbios.aem4 : BIOS.obj (.text:ti_sysbios_knl_Task_disable__E)
                  2000d8b0    00000010     ti.targets.arm.rtsarm.aem4 : Gate.oem4 (.text:xdc_runtime_Gate_leaveSystem__E)
                  2000d8c0    00000010                                : LoggerBuf.oem4 (.text:xdc_runtime_LoggerBuf_write0__E)
                  2000d8d0    00000010                                : Memory.oem4 (.text:xdc_runtime_Memory_free__E)
                  2000d8e0    00000010                                : SysMin.oem4 (.text:xdc_runtime_SysMin_ready__E)
                  2000d8f0    00000010                                : System.oem4 (.text:xdc_runtime_System_vsnprintf__E)
                  2000d900    00000010     app_pem4.oem4 (.text:xdc_runtime_Text_visitRope__I)
                  2000d910    0000000e     simplelink.a : driver.obj (.text:_SlDrvResetCmdExt)
                  2000d91e    0000000e     rtsv7M4_T_le_eabi.lib : copy_decompress_none.obj (.text:decompress:none)
                  2000d92c    00000004     --HOLE-- [fill = 0]
                  2000d930    0000000e     sysbios.aem4 : BIOS.obj (.text:ti_sysbios_knl_Idle_loop__E)
                  2000d93e    00000002     --HOLE-- [fill = 0]
                  2000d940    0000000e                  : BIOS.obj (.text:ti_sysbios_knl_Queue_empty__E)
                  2000d94e    00000002     --HOLE-- [fill = 0]
                  2000d950    0000000c     simplelink.a : cc_pal.obj (.text:NwpMaskInterrupt)
                  2000d95c    0000000c                  : cc_pal.obj (.text:NwpUnMaskInterrupt)
                  2000d968    0000000c     rtsv7M4_T_le_eabi.lib : copy_zero_init.obj (.text:decompress:ZI)
                  2000d974    0000000c     app_pem4.oem4 (.text:ti_sysbios_family_arm_m3_Hwi_Params__init__S)
                  2000d980    0000000c     sysbios.aem4 : BIOS.obj (.text:ti_sysbios_family_arm_m3_Hwi_disableFxn__E)
                  2000d98c    00000004     --HOLE-- [fill = 0]
                  2000d990    0000000c                  : BIOS.obj (.text:ti_sysbios_family_arm_m3_TaskSupport_checkStack__E)
                  2000d99c    00000004     --HOLE-- [fill = 0]
                  2000d9a0    0000000c                  : BIOS.obj (.text:ti_sysbios_family_arm_m3_TaskSupport_getStackAlignment__E)
                  2000d9ac    00000004     --HOLE-- [fill = 0]
                  2000d9b0    0000000c                  : BIOS.obj (.text:ti_sysbios_gates_GateHwi_enter__E)
                  2000d9bc    0000000c     app_pem4.oem4 (.text:ti_sysbios_knl_Queue_Object__get__S)
                  2000d9c8    0000000c     app_pem4.oem4 (.text:ti_sysbios_knl_Semaphore_Params__init__S)
                  2000d9d4    0000000c     app_pem4.oem4 (.text:ti_sysbios_knl_Task_Params__init__S)
                  2000d9e0    0000000c     ti.targets.arm.rtsarm.aem4 : Error.oem4 (.text:xdc_runtime_Error_init__E)
                  2000d9ec    0000000c                                : Gate.oem4 (.text:xdc_runtime_Gate_enterSystem__E)
                  2000d9f8    0000000c                                : Memory.oem4 (.text:xdc_runtime_Memory_calloc__E)
                  2000da04    0000000c                                : Memory.oem4 (.text:xdc_runtime_Memory_getMaxDefaultTypeAlign__E)
                  2000da10    0000000a     app_pem4.oem4 (.text:xdc_runtime_IHeap_alloc)
                  2000da1a    0000000a     app_pem4.oem4 (.text:xdc_runtime_IHeap_free)
                  2000da24    0000000a     ti.targets.arm.rtsarm.aem4 : LoggerBuf.oem4 (.text:xdc_runtime_LoggerBuf_disable__E)
                  2000da2e    0000000a                                : LoggerBuf.oem4 (.text:xdc_runtime_LoggerBuf_enable__E)
                  2000da38    00000008     sysbios.aem4 : BIOS.obj (.text:ti_sysbios_family_arm_m3_Hwi_doSwiRestore__I)
                  2000da40    00000008                  : BIOS.obj (.text:ti_sysbios_family_arm_m3_Hwi_startup__E)
                  2000da48    00000006                  : BIOS.obj (.text:ti_sysbios_family_arm_m3_Hwi_restoreFxn__E)
                  2000da4e    00000002     --HOLE-- [fill = 0]
                  2000da50    00000006                  : BIOS.obj (.text:ti_sysbios_gates_GateHwi_leave__E)
                  2000da56    00000002     --HOLE-- [fill = 0]
                  2000da58    00000006                  : BIOS.obj (.text:ti_sysbios_heaps_HeapMem_isBlocking__E)
                  2000da5e    00000002     --HOLE-- [fill = 0]
                  2000da60    00000006                  : BIOS.obj (.text:ti_sysbios_knl_Queue_Instance_init__E)
                  2000da66    00000002     --HOLE-- [fill = 0]
                  2000da68    00000004                  : BIOS.obj (.text:ti_sysbios_family_arm_m3_Timer_getMaxTicks__E)
                  2000da6c    00000004     --HOLE-- [fill = 0]
                  2000da70    00000004                  : BIOS.obj (.text:ti_sysbios_gates_GateHwi_query__E)
                  2000da74    00000004     --HOLE-- [fill = 0]
                  2000da78    00000004                  : BIOS.obj (.text:ti_sysbios_gates_GateMutex_query__E)
                  2000da7c    00000004     --HOLE-- [fill = 0]
                  2000da80    00000004                  : BIOS.obj (.text:ti_sysbios_knl_Task_startup__E)
                  2000da84    00000004     --HOLE-- [fill = 0]
                  2000da88    00000002                  : BIOS.obj (.text:ti_sysbios_gates_GateHwi_Instance_init__E)

.const     0    2000da8c    00002376     
                  2000da8c    000018cb     app_pem4.oem4 (.const:xdc_runtime_Text_charTab__A)
                  2000f357    00000001     app_pem4.oem4 (.const:xdc_runtime_Error_policy__C)
                  2000f358    00000100     driverlib.a : pin.obj (.const:g_ulPinToPadMap)
                  2000f458    000000b8     app_pem4.oem4 (.const:xdc_runtime_Text_nodeTab__A)
                  2000f510    000000a8     driverlib.a : prcm.obj (.const:PRCM_PeriphRegsList)
                  2000f5b8    00000080                 : interrupt.obj (.const)
                  2000f638    00000048     app_pem4.oem4 (.const:.string)
                  2000f680    0000003c     simplelink.a : driver.obj (.const:OpcodeTranslateTable)
                  2000f6bc    0000003c                  : wlan.obj (.const)
                  2000f6f8    0000003c     app_pem4.oem4 (.const:ti_sysbios_knl_Task_Object__PARAMS__C)
                  2000f734    0000003c     app_pem4.oem4 (.const:xdc_runtime_LoggerBuf_Module__FXNS__C)
                  2000f770    00000038     simplelink.a : driver.obj (.const:_SlActionLookupTable)
                  2000f7a8    00000038                  : driver.obj (.const)
                  2000f7e0    00000034     app_pem4.oem4 (.const:ti_sysbios_knl_Mailbox_Object__PARAMS__C)
                  2000f814    00000030     app_pem4.oem4 (.const:ti_sysbios_family_arm_m3_Hwi_Object__PARAMS__C)
                  2000f844    00000030     app_pem4.oem4 (.const:xdc_runtime_Startup_sfxnTab__A)
                  2000f874    00000028     simplelink.a : netapp.obj (.const)
                  2000f89c    00000028     app_pem4.oem4 (.const:ti_sysbios_heaps_HeapMem_Module__FXNS__C)
                  2000f8c4    00000024     app_pem4.oem4 (.const:ti_sysbios_gates_GateHwi_Module__FXNS__C)
                  2000f8e8    00000024     app_pem4.oem4 (.const:ti_sysbios_gates_GateMutex_Module__FXNS__C)
                  2000f90c    00000024     app_pem4.oem4 (.const:ti_sysbios_heaps_HeapMem_Object__PARAMS__C)
                  2000f930    00000024     app_pem4.oem4 (.const:ti_sysbios_knl_Semaphore_Object__PARAMS__C)
                  2000f954    00000024     app_pem4.oem4 (.const:xdc_runtime_LoggerBuf_Object__PARAMS__C)
                  2000f978    00000020     app_pem4.oem4 (.const:ti_sysbios_family_arm_m3_Hwi_Object__DESC__C)
                  2000f998    00000020     app_pem4.oem4 (.const:ti_sysbios_gates_GateHwi_Object__DESC__C)
                  2000f9b8    00000020     app_pem4.oem4 (.const:ti_sysbios_gates_GateMutex_Object__DESC__C)
                  2000f9d8    00000020     app_pem4.oem4 (.const:ti_sysbios_heaps_HeapMem_Object__DESC__C)
                  2000f9f8    00000020     app_pem4.oem4 (.const:ti_sysbios_knl_Mailbox_Object__DESC__C)
                  2000fa18    00000020     app_pem4.oem4 (.const:ti_sysbios_knl_Queue_Object__DESC__C)
                  2000fa38    00000020     app_pem4.oem4 (.const:ti_sysbios_knl_Semaphore_Object__DESC__C)
                  2000fa58    00000020     app_pem4.oem4 (.const:ti_sysbios_knl_Task_Object__DESC__C)
                  2000fa78    00000020     app_pem4.oem4 (.const:xdc_runtime_LoggerBuf_Object__DESC__C)
                  2000fa98    0000001c     simplelink.a : device.obj (.const)
                  2000fab4    00000018     driverlib.a : spi.obj (.const)
                  2000facc    00000018     app_pem4.oem4 (.const:ti_sysbios_gates_GateHwi_Object__PARAMS__C)
                  2000fae4    00000018     app_pem4.oem4 (.const:ti_sysbios_gates_GateMutex_Object__PARAMS__C)
                  2000fafc    00000018     app_pem4.oem4 (.const:ti_sysbios_knl_Queue_Object__PARAMS__C)
                  2000fb14    00000018     app_pem4.oem4 (.const:xdc_runtime_Startup_sfxnRts__A)
                  2000fb2c    0000000c     app_pem4.oem4 (.const:xdc_runtime_Startup_firstFxns__A)
                  2000fb38    00000008     app_pem4.oem4 (.const:ti_sysbios_family_arm_m3_Hwi_excHookFuncs__A)
                  2000fb40    00000008     app_pem4.oem4 (.const:ti_sysbios_knl_Idle_funcList__C)
                  2000fb48    00000008     app_pem4.oem4 (.const:xdc_runtime_Startup_firstFxns__C)
                  2000fb50    00000008     app_pem4.oem4 (.const:xdc_runtime_Startup_lastFxns__C)
                  2000fb58    00000004     app_pem4.oem4 (.const:ti_sysbios_family_arm_m3_Hwi_E_NMI__C)
                  2000fb5c    00000004     app_pem4.oem4 (.const:ti_sysbios_family_arm_m3_Hwi_E_alreadyDefined__C)
                  2000fb60    00000004     app_pem4.oem4 (.const:ti_sysbios_family_arm_m3_Hwi_E_busFault__C)
                  2000fb64    00000004     app_pem4.oem4 (.const:ti_sysbios_family_arm_m3_Hwi_E_debugMon__C)
                  2000fb68    00000004     app_pem4.oem4 (.const:ti_sysbios_family_arm_m3_Hwi_E_hardFault__C)
                  2000fb6c    00000004     app_pem4.oem4 (.const:ti_sysbios_family_arm_m3_Hwi_E_memFault__C)
                  2000fb70    00000004     app_pem4.oem4 (.const:ti_sysbios_family_arm_m3_Hwi_E_noIsr__C)
                  2000fb74    00000004     app_pem4.oem4 (.const:ti_sysbios_family_arm_m3_Hwi_E_reserved__C)
                  2000fb78    00000004     app_pem4.oem4 (.const:ti_sysbios_family_arm_m3_Hwi_E_svCall__C)
                  2000fb7c    00000004     app_pem4.oem4 (.const:ti_sysbios_family_arm_m3_Hwi_E_usageFault__C)
                  2000fb80    00000004     app_pem4.oem4 (.const:ti_sysbios_family_arm_m3_Hwi_LD_end__C)
                  2000fb84    00000004     app_pem4.oem4 (.const:ti_sysbios_family_arm_m3_Hwi_LM_begin__C)
                  2000fb88    00000004     app_pem4.oem4 (.const:ti_sysbios_family_arm_m3_Hwi_Module__diagsEnabled__C)
                  2000fb8c    00000004     app_pem4.oem4 (.const:ti_sysbios_family_arm_m3_Hwi_Module__diagsIncluded__C)
                  2000fb90    00000004     app_pem4.oem4 (.const:ti_sysbios_family_arm_m3_Hwi_Module__diagsMask__C)
                  2000fb94    00000004     app_pem4.oem4 (.const:ti_sysbios_family_arm_m3_Hwi_Module__loggerFxn1__C)
                  2000fb98    00000004     app_pem4.oem4 (.const:ti_sysbios_family_arm_m3_Hwi_Module__loggerFxn8__C)
                  2000fb9c    00000004     app_pem4.oem4 (.const:ti_sysbios_family_arm_m3_Hwi_Module__loggerObj__C)
                  2000fba0    00000004     app_pem4.oem4 (.const:ti_sysbios_family_arm_m3_Hwi_NUM_INTERRUPTS__C)
                  2000fba4    00000004     app_pem4.oem4 (.const:ti_sysbios_family_arm_m3_Hwi_Object__count__C)
                  2000fba8    00000004     app_pem4.oem4 (.const:ti_sysbios_family_arm_m3_Hwi_ccr__C)
                  2000fbac    00000004     app_pem4.oem4 (.const:ti_sysbios_family_arm_m3_Hwi_excHandlerFunc__C)
                  2000fbb0    00000004     app_pem4.oem4 (.const:ti_sysbios_family_arm_m3_Hwi_excHookFuncs__C)
                  2000fbb4    00000004     app_pem4.oem4 (.const:ti_sysbios_family_arm_m3_Hwi_nullIsrFunc__C)
                  2000fbb8    00000004     app_pem4.oem4 (.const:ti_sysbios_family_arm_m3_Hwi_priGroup__C)
                  2000fbbc    00000004     app_pem4.oem4 (.const:ti_sysbios_family_arm_m3_TaskSupport_stackAlignment__C)
                  2000fbc0    00000004     app_pem4.oem4 (.const:ti_sysbios_family_arm_m3_Timer_E_cannotSupport__C)
                  2000fbc4    00000004     app_pem4.oem4 (.const:ti_sysbios_family_arm_m3_Timer_startupNeeded__C)
                  2000fbc8    00000004     app_pem4.oem4 (.const:ti_sysbios_gates_GateMutex_A_badContext__C)
                  2000fbcc    00000004     app_pem4.oem4 (.const:ti_sysbios_gates_GateMutex_Instance_State_sem__O)
                  2000fbd0    00000004     app_pem4.oem4 (.const:ti_sysbios_gates_GateMutex_Module__diagsEnabled__C)
                  2000fbd4    00000004     app_pem4.oem4 (.const:ti_sysbios_gates_GateMutex_Module__diagsIncluded__C)
                  2000fbd8    00000004     app_pem4.oem4 (.const:ti_sysbios_gates_GateMutex_Module__diagsMask__C)
                  2000fbdc    00000004     app_pem4.oem4 (.const:ti_sysbios_hal_Hwi_E_stackOverflow__C)
                  2000fbe0    00000004     app_pem4.oem4 (.const:ti_sysbios_heaps_HeapMem_A_align__C)
                  2000fbe4    00000004     app_pem4.oem4 (.const:ti_sysbios_heaps_HeapMem_A_heapSize__C)
                  2000fbe8    00000004     app_pem4.oem4 (.const:ti_sysbios_heaps_HeapMem_A_invalidFree__C)
                  2000fbec    00000004     app_pem4.oem4 (.const:ti_sysbios_heaps_HeapMem_A_zeroBlock__C)
                  2000fbf0    00000004     app_pem4.oem4 (.const:ti_sysbios_heaps_HeapMem_E_memory__C)
                  2000fbf4    00000004     app_pem4.oem4 (.const:ti_sysbios_heaps_HeapMem_Module__diagsEnabled__C)
                  2000fbf8    00000004     app_pem4.oem4 (.const:ti_sysbios_heaps_HeapMem_Module__diagsIncluded__C)
                  2000fbfc    00000004     app_pem4.oem4 (.const:ti_sysbios_heaps_HeapMem_Module__diagsMask__C)
                  2000fc00    00000004     app_pem4.oem4 (.const:ti_sysbios_heaps_HeapMem_Module__gateObj__C)
                  2000fc04    00000004     app_pem4.oem4 (.const:ti_sysbios_heaps_HeapMem_Object__count__C)
                  2000fc08    00000004     app_pem4.oem4 (.const:ti_sysbios_heaps_HeapMem_reqAlign__C)
                  2000fc0c    00000004     app_pem4.oem4 (.const:ti_sysbios_knl_Clock_LM_begin__C)
                  2000fc10    00000004     app_pem4.oem4 (.const:ti_sysbios_knl_Clock_LM_tick__C)
                  2000fc14    00000004     app_pem4.oem4 (.const:ti_sysbios_knl_Clock_LW_delayed__C)
                  2000fc18    00000004     app_pem4.oem4 (.const:ti_sysbios_knl_Clock_Module_State_clockQ__O)
                  2000fc1c    00000004     app_pem4.oem4 (.const:ti_sysbios_knl_Clock_Module__diagsEnabled__C)
                  2000fc20    00000004     app_pem4.oem4 (.const:ti_sysbios_knl_Clock_Module__diagsIncluded__C)
                  2000fc24    00000004     app_pem4.oem4 (.const:ti_sysbios_knl_Clock_Module__diagsMask__C)
                  2000fc28    00000004     app_pem4.oem4 (.const:ti_sysbios_knl_Clock_Module__loggerFxn1__C)
                  2000fc2c    00000004     app_pem4.oem4 (.const:ti_sysbios_knl_Clock_Module__loggerFxn2__C)
                  2000fc30    00000004     app_pem4.oem4 (.const:ti_sysbios_knl_Clock_Module__loggerObj__C)
                  2000fc34    00000004     app_pem4.oem4 (.const:ti_sysbios_knl_Clock_tickPeriod__C)
                  2000fc38    00000004     app_pem4.oem4 (.const:ti_sysbios_knl_Idle_funcList__A)
                  2000fc3c    00000004     app_pem4.oem4 (.const:ti_sysbios_knl_Mailbox_A_invalidBufSize__C)
                  2000fc40    00000004     app_pem4.oem4 (.const:ti_sysbios_knl_Mailbox_Instance_State_dataQue__O)
                  2000fc44    00000004     app_pem4.oem4 (.const:ti_sysbios_knl_Mailbox_Instance_State_dataSem__O)
                  2000fc48    00000004     app_pem4.oem4 (.const:ti_sysbios_knl_Mailbox_Instance_State_freeQue__O)
                  2000fc4c    00000004     app_pem4.oem4 (.const:ti_sysbios_knl_Mailbox_Instance_State_freeSem__O)
                  2000fc50    00000004     app_pem4.oem4 (.const:ti_sysbios_knl_Mailbox_Module__diagsEnabled__C)
                  2000fc54    00000004     app_pem4.oem4 (.const:ti_sysbios_knl_Mailbox_Module__diagsIncluded__C)
                  2000fc58    00000004     app_pem4.oem4 (.const:ti_sysbios_knl_Mailbox_Module__diagsMask__C)
                  2000fc5c    00000004     app_pem4.oem4 (.const:ti_sysbios_knl_Mailbox_Object__count__C)
                  2000fc60    00000004     app_pem4.oem4 (.const:ti_sysbios_knl_Mailbox_maxTypeAlign__C)
                  2000fc64    00000004     app_pem4.oem4 (.const:ti_sysbios_knl_Semaphore_A_badContext__C)
                  2000fc68    00000004     app_pem4.oem4 (.const:ti_sysbios_knl_Semaphore_A_noEvents__C)
                  2000fc6c    00000004     app_pem4.oem4 (.const:ti_sysbios_knl_Semaphore_A_overflow__C)
                  2000fc70    00000004     app_pem4.oem4 (.const:ti_sysbios_knl_Semaphore_A_pendTaskDisabled__C)
                  2000fc74    00000004     app_pem4.oem4 (.const:ti_sysbios_knl_Semaphore_Instance_State_pendQ__O)
                  2000fc78    00000004     app_pem4.oem4 (.const:ti_sysbios_knl_Semaphore_LM_pend__C)
                  2000fc7c    00000004     app_pem4.oem4 (.const:ti_sysbios_knl_Semaphore_LM_post__C)
                  2000fc80    00000004     app_pem4.oem4 (.const:ti_sysbios_knl_Semaphore_Module__diagsEnabled__C)
                  2000fc84    00000004     app_pem4.oem4 (.const:ti_sysbios_knl_Semaphore_Module__diagsIncluded__C)
                  2000fc88    00000004     app_pem4.oem4 (.const:ti_sysbios_knl_Semaphore_Module__diagsMask__C)
                  2000fc8c    00000004     app_pem4.oem4 (.const:ti_sysbios_knl_Semaphore_Module__loggerFxn2__C)
                  2000fc90    00000004     app_pem4.oem4 (.const:ti_sysbios_knl_Semaphore_Module__loggerFxn4__C)
                  2000fc94    00000004     app_pem4.oem4 (.const:ti_sysbios_knl_Semaphore_Module__loggerObj__C)
                  2000fc98    00000004     app_pem4.oem4 (.const:ti_sysbios_knl_Swi_LD_end__C)
                  2000fc9c    00000004     app_pem4.oem4 (.const:ti_sysbios_knl_Swi_LM_begin__C)
                  2000fca0    00000004     app_pem4.oem4 (.const:ti_sysbios_knl_Swi_LM_post__C)
                  2000fca4    00000004     app_pem4.oem4 (.const:ti_sysbios_knl_Swi_Module__diagsEnabled__C)
                  2000fca8    00000004     app_pem4.oem4 (.const:ti_sysbios_knl_Swi_Module__diagsIncluded__C)
                  2000fcac    00000004     app_pem4.oem4 (.const:ti_sysbios_knl_Swi_Module__diagsMask__C)
                  2000fcb0    00000004     app_pem4.oem4 (.const:ti_sysbios_knl_Swi_Module__loggerFxn1__C)
                  2000fcb4    00000004     app_pem4.oem4 (.const:ti_sysbios_knl_Swi_Module__loggerFxn4__C)
                  2000fcb8    00000004     app_pem4.oem4 (.const:ti_sysbios_knl_Swi_Module__loggerObj__C)
                  2000fcbc    00000004     app_pem4.oem4 (.const:ti_sysbios_knl_Swi_Object__count__C)
                  2000fcc0    00000004     app_pem4.oem4 (.const:ti_sysbios_knl_Task_A_badPriority__C)
                  2000fcc4    00000004     app_pem4.oem4 (.const:ti_sysbios_knl_Task_A_badTaskState__C)
                  2000fcc8    00000004     app_pem4.oem4 (.const:ti_sysbios_knl_Task_A_badThreadType__C)
                  2000fccc    00000004     app_pem4.oem4 (.const:ti_sysbios_knl_Task_A_badTimeout__C)
                  2000fcd0    00000004     app_pem4.oem4 (.const:ti_sysbios_knl_Task_A_noPendElem__C)
                  2000fcd4    00000004     app_pem4.oem4 (.const:ti_sysbios_knl_Task_A_sleepTaskDisabled__C)
                  2000fcd8    00000004     app_pem4.oem4 (.const:ti_sysbios_knl_Task_E_spOutOfBounds__C)
                  2000fcdc    00000004     app_pem4.oem4 (.const:ti_sysbios_knl_Task_E_stackOverflow__C)
                  2000fce0    00000004     app_pem4.oem4 (.const:ti_sysbios_knl_Task_LD_block__C)
                  2000fce4    00000004     app_pem4.oem4 (.const:ti_sysbios_knl_Task_LD_exit__C)
                  2000fce8    00000004     app_pem4.oem4 (.const:ti_sysbios_knl_Task_LD_ready__C)
                  2000fcec    00000004     app_pem4.oem4 (.const:ti_sysbios_knl_Task_LM_sleep__C)
                  2000fcf0    00000004     app_pem4.oem4 (.const:ti_sysbios_knl_Task_LM_switch__C)
                  2000fcf4    00000004     app_pem4.oem4 (.const:ti_sysbios_knl_Task_LM_yield__C)
                  2000fcf8    00000004     app_pem4.oem4 (.const:ti_sysbios_knl_Task_Module_State_inactiveQ__O)
                  2000fcfc    00000004     app_pem4.oem4 (.const:ti_sysbios_knl_Task_Module__diagsEnabled__C)
                  2000fd00    00000004     app_pem4.oem4 (.const:ti_sysbios_knl_Task_Module__diagsIncluded__C)
                  2000fd04    00000004     app_pem4.oem4 (.const:ti_sysbios_knl_Task_Module__diagsMask__C)
                  2000fd08    00000004     app_pem4.oem4 (.const:ti_sysbios_knl_Task_Module__loggerFxn2__C)
                  2000fd0c    00000004     app_pem4.oem4 (.const:ti_sysbios_knl_Task_Module__loggerFxn4__C)
                  2000fd10    00000004     app_pem4.oem4 (.const:ti_sysbios_knl_Task_Module__loggerObj__C)
                  2000fd14    00000004     app_pem4.oem4 (.const:ti_sysbios_knl_Task_Object__count__C)
                  2000fd18    00000004     app_pem4.oem4 (.const:ti_sysbios_knl_Task_allBlockedFunc__C)
                  2000fd1c    00000004     app_pem4.oem4 (.const:ti_sysbios_knl_Task_defaultStackHeap__C)
                  2000fd20    00000004     app_pem4.oem4 (.const:ti_sysbios_knl_Task_defaultStackSize__C)
                  2000fd24    00000004     app_pem4.oem4 (.const:ti_sysbios_knl_Task_numConstructedTasks__C)
                  2000fd28    00000004     app_pem4.oem4 (.const:xdc_runtime_Assert_E_assertFailed__C)
                  2000fd2c    00000004     app_pem4.oem4 (.const:xdc_runtime_Core_A_initializedParams__C)
                  2000fd30    00000004     app_pem4.oem4 (.const:xdc_runtime_Core_Module__diagsEnabled__C)
                  2000fd34    00000004     app_pem4.oem4 (.const:xdc_runtime_Core_Module__diagsIncluded__C)
                  2000fd38    00000004     app_pem4.oem4 (.const:xdc_runtime_Core_Module__diagsMask__C)
                  2000fd3c    00000004     app_pem4.oem4 (.const:xdc_runtime_Error_E_memory__C)
                  2000fd40    00000004     app_pem4.oem4 (.const:xdc_runtime_Error_Module__diagsEnabled__C)
                  2000fd44    00000004     app_pem4.oem4 (.const:xdc_runtime_Error_Module__diagsIncluded__C)
                  2000fd48    00000004     app_pem4.oem4 (.const:xdc_runtime_Error_Module__diagsMask__C)
                  2000fd4c    00000004     app_pem4.oem4 (.const:xdc_runtime_Error_Module__loggerFxn8__C)
                  2000fd50    00000004     app_pem4.oem4 (.const:xdc_runtime_Error_Module__loggerObj__C)
                  2000fd54    00000004     app_pem4.oem4 (.const:xdc_runtime_Error_policyFxn__C)
                  2000fd58    00000004     app_pem4.oem4 (.const:xdc_runtime_Error_raiseHook__C)
                  2000fd5c    00000004     app_pem4.oem4 (.const:xdc_runtime_IFilterLogger_Interface__BASE__C)
                  2000fd60    00000004     app_pem4.oem4 (.const:xdc_runtime_IGateProvider_Interface__BASE__C)
                  2000fd64    00000004     app_pem4.oem4 (.const:xdc_runtime_IHeap_Interface__BASE__C)
                  2000fd68    00000004     app_pem4.oem4 (.const:xdc_runtime_ILogger_Interface__BASE__C)
                  2000fd6c    00000004     app_pem4.oem4 (.const:xdc_runtime_IModule_Interface__BASE__C)
                  2000fd70    00000004     app_pem4.oem4 (.const:xdc_runtime_Log_L_error__C)
                  2000fd74    00000004     app_pem4.oem4 (.const:xdc_runtime_LoggerBuf_E_badLevel__C)
                  2000fd78    00000004     app_pem4.oem4 (.const:xdc_runtime_LoggerBuf_Module__gateObj__C)
                  2000fd7c    00000004     app_pem4.oem4 (.const:xdc_runtime_LoggerBuf_Object__count__C)
                  2000fd80    00000004     app_pem4.oem4 (.const:xdc_runtime_LoggerBuf_statusLogger__C)
                  2000fd84    00000004     app_pem4.oem4 (.const:xdc_runtime_Memory_defaultHeapInstance__C)
                  2000fd88    00000004     app_pem4.oem4 (.const:xdc_runtime_Startup_execImpl__C)
                  2000fd8c    00000004     app_pem4.oem4 (.const:xdc_runtime_Startup_maxPasses__C)
                  2000fd90    00000004     app_pem4.oem4 (.const:xdc_runtime_Startup_sfxnRts__C)
                  2000fd94    00000004     app_pem4.oem4 (.const:xdc_runtime_Startup_sfxnTab__C)
                  2000fd98    00000004     app_pem4.oem4 (.const:xdc_runtime_SysMin_bufSize__C)
                  2000fd9c    00000004     app_pem4.oem4 (.const:xdc_runtime_SysMin_outputFunc__C)
                  2000fda0    00000004     app_pem4.oem4 (.const:xdc_runtime_System_Module__gateObj__C)
                  2000fda4    00000004     app_pem4.oem4 (.const:xdc_runtime_System_abortFxn__C)
                  2000fda8    00000004     app_pem4.oem4 (.const:xdc_runtime_System_exitFxn__C)
                  2000fdac    00000004     app_pem4.oem4 (.const:xdc_runtime_System_extendFxn__C)
                  2000fdb0    00000004     app_pem4.oem4 (.const:xdc_runtime_System_maxAtexitHandlers__C)
                  2000fdb4    00000004     app_pem4.oem4 (.const:xdc_runtime_Text_charTab__C)
                  2000fdb8    00000004     app_pem4.oem4 (.const:xdc_runtime_Text_nameEmpty__C)
                  2000fdbc    00000004     app_pem4.oem4 (.const:xdc_runtime_Text_nameStatic__C)
                  2000fdc0    00000004     app_pem4.oem4 (.const:xdc_runtime_Text_nameUnknown__C)
                  2000fdc4    00000004     app_pem4.oem4 (.const:xdc_runtime_Text_nodeTab__C)
                  2000fdc8    00000004     app_pem4.oem4 (.const:xdc_runtime_Text_visitRopeFxn__C)
                  2000fdcc    00000002     app_pem4.oem4 (.const:ti_sysbios_family_arm_m3_Hwi_Module__id__C)
                  2000fdce    00000002     app_pem4.oem4 (.const:ti_sysbios_family_arm_m3_Hwi_Module__loggerDefined__C)
                  2000fdd0    00000002     app_pem4.oem4 (.const:ti_sysbios_family_arm_m3_Timer_Module__id__C)
                  2000fdd2    00000002     app_pem4.oem4 (.const:ti_sysbios_family_arm_m3_TimestampProvider_configTimer__C)
                  2000fdd4    00000002     app_pem4.oem4 (.const:ti_sysbios_gates_GateMutex_Module__id__C)
                  2000fdd6    00000002     app_pem4.oem4 (.const:ti_sysbios_hal_Hwi_Module__id__C)
                  2000fdd8    00000002     app_pem4.oem4 (.const:ti_sysbios_heaps_HeapMem_Module__id__C)
                  2000fdda    00000002     app_pem4.oem4 (.const:ti_sysbios_knl_Clock_Module__id__C)
                  2000fddc    00000002     app_pem4.oem4 (.const:ti_sysbios_knl_Clock_Module__loggerDefined__C)
                  2000fdde    00000002     app_pem4.oem4 (.const:ti_sysbios_knl_Mailbox_Module__id__C)
                  2000fde0    00000002     app_pem4.oem4 (.const:ti_sysbios_knl_Semaphore_Module__id__C)
                  2000fde2    00000002     app_pem4.oem4 (.const:ti_sysbios_knl_Semaphore_Module__loggerDefined__C)
                  2000fde4    00000002     app_pem4.oem4 (.const:ti_sysbios_knl_Swi_Module__id__C)
                  2000fde6    00000002     app_pem4.oem4 (.const:ti_sysbios_knl_Swi_Module__loggerDefined__C)
                  2000fde8    00000002     app_pem4.oem4 (.const:ti_sysbios_knl_Task_Module__id__C)
                  2000fdea    00000002     app_pem4.oem4 (.const:ti_sysbios_knl_Task_Module__loggerDefined__C)
                  2000fdec    00000002     app_pem4.oem4 (.const:xdc_runtime_Core_Module__id__C)
                  2000fdee    00000002     app_pem4.oem4 (.const:xdc_runtime_Error_Module__loggerDefined__C)
                  2000fdf0    00000002     app_pem4.oem4 (.const:xdc_runtime_Error_maxDepth__C)
                  2000fdf2    00000002     app_pem4.oem4 (.const:xdc_runtime_LoggerBuf_Module__id__C)
                  2000fdf4    00000002     app_pem4.oem4 (.const:xdc_runtime_LoggerBuf_filterByLevel__C)
                  2000fdf6    00000002     app_pem4.oem4 (.const:xdc_runtime_Memory_Module__id__C)
                  2000fdf8    00000002     app_pem4.oem4 (.const:xdc_runtime_SysMin_flushAtExit__C)
                  2000fdfa    00000002     app_pem4.oem4 (.const:xdc_runtime_Text_charCnt__C)
                  2000fdfc    00000002     app_pem4.oem4 (.const:xdc_runtime_Text_isLoaded__C)
                  2000fdfe    00000002     app_pem4.oem4 (.const:xdc_runtime_Text_registryModsLastId__C)
                  2000fe00    00000002     app_pem4.oem4 (.const:xdc_runtime_Text_unnamedModsLastId__C)

.cinit     0    2000fe08    00000358     
                  2000fe08    0000032e     (.cinit..data.load) [load image, compression = rle]
                  20010136    00000002     --HOLE-- [fill = 0]
                  20010138    0000000c     (__TI_handler_table)
                  20010144    00000004     --HOLE-- [fill = 0]
                  20010148    00000008     (.cinit..bss.load) [load image, compression = zero_init]
                  20010150    00000010     (__TI_cinit_table)

.bss       0    20017000    00009612     UNINITIALIZED
                  20017000    00008000     app_pem4.oem4 (.bss:ti_sysbios_heaps_HeapMem_Instance_State_0_buf__A)
                  2001f000    00000800     app_pem4.oem4 (.bss:taskStackSection)
                  2001f800    00000400     app_pem4.oem4 (.bss:xdc_runtime_LoggerBuf_Instance_State_0_entryArr__A)
                  2001fc00    00000400     app_pem4.oem4 (.bss:xdc_runtime_SysMin_Module_State_0_outbuf__A)
                  20020000    0000030c     app_pem4.oem4 (.bss:ti_sysbios_family_arm_m3_Hwi_dispatchTable)
                  2002030c    00000178     simplelink.a : driver.obj (.bss:g_StatMem)
                  20020484    00000120     rtsv7M4_T_le_eabi.lib : trgmsg.obj (.bss:__CIOBUF_)
                  200205a4    00000050     simplelink.a : cc_pal.obj (.bss:g_ucDinDout)
                  200205f4    00000008     (.common:parmbuf)
                  200205fc    00000004     (.common:DMAMsgQ)
                  20020600    00000004     (.common:SimpleLinkSpawnTaskHndl)
                  20020604    00000004     (.common:g_cDummy)
                  20020608    00000004     (.common:i)
                  2002060c    00000004     (.common:simpleLink_mailbox)
                  20020610    00000001     (.common:RxIrqCnt)
                  20020611    00000001     (.common:g_bDeviceRestartIsRequired)

.data      0    20020614    00000438     UNINITIALIZED
                  20020614    00000138     app_pem4.oem4 (.data)
                  2002074c    00000080     app_pem4.oem4 (.data:ti_sysbios_knl_Swi_Module_State_0_readyQ__A)
                  200207cc    00000080     app_pem4.oem4 (.data:ti_sysbios_knl_Task_Module_State_0_readyQ__A)
                  2002084c    0000004c     app_pem4.oem4 (.data:ti_sysbios_knl_Task_Object__table__V)
                  20020898    00000044     app_pem4.oem4 (.data:ti_sysbios_knl_Task_Module__state__V)
                  200208dc    00000038     app_pem4.oem4 (.data:ti_sysbios_gates_GateMutex_Object__table__V)
                  20020914    00000034     app_pem4.oem4 (.data:ti_sysbios_family_arm_m3_Hwi_Module__state__V)
                  20020948    00000030     app_pem4.oem4 (.data:ti_sysbios_family_arm_m3_Timer_Object__table__V)
                  20020978    00000030     app_pem4.oem4 (.data:ti_sysbios_knl_Swi_Object__table__V)
                  200209a8    0000002c     app_pem4.oem4 (.data:ti_sysbios_knl_Clock_Module__state__V)
                  200209d4    00000024     app_pem4.oem4 (.data:ti_sysbios_BIOS_Module__state__V)
                  200209f8    00000024     app_pem4.oem4 (.data:xdc_runtime_LoggerBuf_Object__table__V)
                  20020a1c    0000000d     simplelink.a : driver.obj (.data)
                  20020a29    00000003     --HOLE--
                  20020a2c    00000009                  : cc_pal.obj (.data)
                  20020a35    00000003     --HOLE--
                  20020a38    00000008     rtsv7M4_T_le_eabi.lib : _lock.obj (.data)
                  20020a40    00000008                           : exit.obj (.data)
                  20020a48    00000004                           : stkdepth_vars.obj (.data)

.stack     0    2002e000    00002000     UNINITIALIZED
                  2002e000    00002000     --HOLE--

.bootVecs 
*          0    00000000    00000008     DSECT
                  00000000    00000008     boot.aem4 : boot.oem4 (.bootVecs)

.vecs      0    20004000    00000000     DSECT

xdc.meta   0    00000000    000000f8     COPY SECTION
                  00000000    000000f8     app_pem4.oem4 (xdc.meta)

.TI.noinit 
*          0    20017000    00000000     UNINITIALIZED

.TI.persistent 
*          0    20020614    00000000     UNINITIALIZED


LINKER GENERATED COPY TABLES

__TI_cinit_table @ 20010150 records: 2, size/record: 8, table size: 16
	.data: load addr=2000fe08, load size=0000032e bytes, run addr=20020614, run size=00000438 bytes, compression=rle
	.bss: load addr=20010148, load size=00000008 bytes, run addr=20017000, run size=00009612 bytes, compression=zero_init


LINKER GENERATED HANDLER TABLE

__TI_handler_table @ 20010138 records: 3, size/record: 4, table size: 12
	index: 0, handler: __TI_decompress_rle24
	index: 1, handler: __TI_decompress_none
	index: 2, handler: __TI_zero_init


GLOBAL SYMBOLS: SORTED ALPHABETICALLY BY Name 

address   name                                                        
-------   ----                                                        
2000c0b1  C$$EXIT                                                     
2000b3e7  C$$IO$$                                                     
200205fc  DMAMsgQ                                                     
2000cbc9  DmaSpiSwIntHandler                                          
2000c761  GPIODirModeSet                                              
20005b09  HOSTclock                                                   
20005ad1  HOSTclose                                                   
20005a93  HOSTgetenv                                                  
20005a37  HOSTlseek                                                   
200059e5  HOSTopen                                                    
20005999  HOSTread                                                    
2000593b  HOSTrename                                                  
20005901  HOSTtime                                                    
200058c9  HOSTunlink                                                  
2000587d  HOSTwrite                                                   
2000b851  IntPendClear                                                
2000d1f9  LoggerBuf_instanceStartup                                   
2000d951  NwpMaskInterrupt                                            
2000c645  NwpPowerOff                                                 
2000d055  NwpPowerOn                                                  
2000cda1  NwpRegisterInterruptHandler                                 
2000d95d  NwpUnMaskInterrupt                                          
2000f680  OpcodeTranslateTable                                        
2000ccd5  PRCMPeripheralClkDisable                                    
2000c4d5  PRCMPeripheralClkEnable                                     
2000a3b1  PRCMPeripheralClockGet                                      
2000c799  PRCMPeripheralStatusGet                                     
2000a95d  PinConfigSet                                                
2000c2d5  PinModeSet                                                  
200084ed  PinMuxConfig                                                
2000c9e3  PinTypeGPIO                                                 
2000d3b9  PinTypeUART                                                 
20020610  RxIrqCnt                                                    
UNDEFED   SHT$$INIT_ARRAY$$Base                                       
UNDEFED   SHT$$INIT_ARRAY$$Limit                                      
2000d559  SPICSDisable                                                
2000d571  SPICSEnable                                                 
20009ce9  SPIConfigSetExpClk                                          
2000d589  SPIDisable                                                  
2000d3d3  SPIDmaDisable                                               
2000d3ed  SPIDmaEnable                                                
2000d5a1  SPIEnable                                                   
2000d407  SPIFIFODisable                                              
2000d421  SPIFIFOEnable                                               
2000c7cd  SPIFIFOLevelSet                                             
2000bda9  SPIIntClear                                                 
2000bb41  SPIIntEnable                                                
2000cfed  SPIReset                                                    
2000d00f  SPIWordCountSet                                             
20009f39  SimpleLinkGeneralEventHandler                               
20009f43  SimpleLinkHttpServerCallback                                
20009f4f  SimpleLinkNetAppEventHandler                                
20009f59  SimpleLinkSockEventHandler                                  
20020600  SimpleLinkSpawnTaskHndl                                     
20009f27  SimpleLinkWlanEventHandler                                  
2000c9ab  UtilsDelay                                                  
20004c0b  VDeleteSimpleLinkSpawnTask                                  
20004bb1  VStartSimpleLinkSpawnTask                                   
2000f770  _SlActionLookupTable                                        
20009d89  _SlDriverHandleError                                        
200095bd  _SlDrvCmdOp                                                 
2000b0c1  _SlDrvCmdSend                                               
2000a1e1  _SlDrvDeviceEventHandler                                    
2000d7eb  _SlDrvDispatchHttpServerEvents                              
200082bd  _SlDrvDriverCBDeinit                                        
20006ef5  _SlDrvDriverCBInit                                          
2000ce15  _SlDrvGlobalObjUnLock                                       
2000bfe5  _SlDrvHandleHttpServerEvents                                
2000c315  _SlDrvHandleNetAppEvents                                    
2000c355  _SlDrvHandleWlanEvents                                      
2000d6a9  _SlDrvMemZero                                               
20008f49  _SlDrvMsgReadSpawnCtx                                       
20008601  _SlDrvNetAppEventHandler                                    
2000bb8d  _SlDrvProtectAsyncRespSetting                               
2000cd25  _SlDrvProtectionObjLockWaitForever                          
2000ce39  _SlDrvProtectionObjUnLock                                   
2000681d  _SlDrvReleasePoolObj                                        
[...]
2000f9f8  ti_sysbios_knl_Mailbox_Object__DESC__C                      
2000fa18  ti_sysbios_knl_Queue_Object__DESC__C                        
2000fa38  ti_sysbios_knl_Semaphore_Object__DESC__C                    
2000fa58  ti_sysbios_knl_Task_Object__DESC__C                         
2000fa78  xdc_runtime_LoggerBuf_Object__DESC__C                       
2000facc  ti_sysbios_gates_GateHwi_Object__PARAMS__C                  
2000fae4  ti_sysbios_gates_GateMutex_Object__PARAMS__C                
2000fafc  ti_sysbios_knl_Queue_Object__PARAMS__C                      
2000fb14  xdc_runtime_Startup_sfxnRts__A                              
2000fb2c  xdc_runtime_Startup_firstFxns__A                            
2000fb38  ti_sysbios_family_arm_m3_Hwi_excHookFuncs__A                
2000fb40  ti_sysbios_knl_Idle_funcList__C                             
2000fb48  xdc_runtime_Startup_firstFxns__C                            
2000fb50  xdc_runtime_Startup_lastFxns__C                             
2000fb58  ti_sysbios_family_arm_m3_Hwi_E_NMI__C                       
2000fb5c  ti_sysbios_family_arm_m3_Hwi_E_alreadyDefined__C            
2000fb60  ti_sysbios_family_arm_m3_Hwi_E_busFault__C                  
2000fb64  ti_sysbios_family_arm_m3_Hwi_E_debugMon__C                  
2000fb68  ti_sysbios_family_arm_m3_Hwi_E_hardFault__C                 
2000fb6c  ti_sysbios_family_arm_m3_Hwi_E_memFault__C                  
2000fb70  ti_sysbios_family_arm_m3_Hwi_E_noIsr__C                     
2000fb74  ti_sysbios_family_arm_m3_Hwi_E_reserved__C                  
2000fb78  ti_sysbios_family_arm_m3_Hwi_E_svCall__C                    
2000fb7c  ti_sysbios_family_arm_m3_Hwi_E_usageFault__C                
2000fb80  ti_sysbios_family_arm_m3_Hwi_LD_end__C                      
2000fb84  ti_sysbios_family_arm_m3_Hwi_LM_begin__C                    
2000fb88  ti_sysbios_family_arm_m3_Hwi_Module__diagsEnabled__C        
2000fb8c  ti_sysbios_family_arm_m3_Hwi_Module__diagsIncluded__C       
2000fb90  ti_sysbios_family_arm_m3_Hwi_Module__diagsMask__C           
2000fb94  ti_sysbios_family_arm_m3_Hwi_Module__loggerFxn1__C          
2000fb98  ti_sysbios_family_arm_m3_Hwi_Module__loggerFxn8__C          
2000fb9c  ti_sysbios_family_arm_m3_Hwi_Module__loggerObj__C           
2000fba0  ti_sysbios_family_arm_m3_Hwi_NUM_INTERRUPTS__C              
2000fba4  ti_sysbios_family_arm_m3_Hwi_Object__count__C               
2000fba8  ti_sysbios_family_arm_m3_Hwi_ccr__C                         
2000fbac  ti_sysbios_family_arm_m3_Hwi_excHandlerFunc__C              
2000fbb0  ti_sysbios_family_arm_m3_Hwi_excHookFuncs__C                
2000fbb4  ti_sysbios_family_arm_m3_Hwi_nullIsrFunc__C                 
2000fbb8  ti_sysbios_family_arm_m3_Hwi_priGroup__C                    
2000fbbc  ti_sysbios_family_arm_m3_TaskSupport_stackAlignment__C      
2000fbc0  ti_sysbios_family_arm_m3_Timer_E_cannotSupport__C           
2000fbc4  ti_sysbios_family_arm_m3_Timer_startupNeeded__C             
2000fbc8  ti_sysbios_gates_GateMutex_A_badContext__C                  
2000fbcc  ti_sysbios_gates_GateMutex_Instance_State_sem__O            
2000fbd0  ti_sysbios_gates_GateMutex_Module__diagsEnabled__C          
2000fbd4  ti_sysbios_gates_GateMutex_Module__diagsIncluded__C         
2000fbd8  ti_sysbios_gates_GateMutex_Module__diagsMask__C             
2000fbdc  ti_sysbios_hal_Hwi_E_stackOverflow__C                       
2000fbe0  ti_sysbios_heaps_HeapMem_A_align__C                         
2000fbe4  ti_sysbios_heaps_HeapMem_A_heapSize__C                      
2000fbe8  ti_sysbios_heaps_HeapMem_A_invalidFree__C                   
2000fbec  ti_sysbios_heaps_HeapMem_A_zeroBlock__C                     
2000fbf0  ti_sysbios_heaps_HeapMem_E_memory__C                        
2000fbf4  ti_sysbios_heaps_HeapMem_Module__diagsEnabled__C            
2000fbf8  ti_sysbios_heaps_HeapMem_Module__diagsIncluded__C           
2000fbfc  ti_sysbios_heaps_HeapMem_Module__diagsMask__C               
2000fc00  ti_sysbios_heaps_HeapMem_Module__gateObj__C                 
2000fc04  ti_sysbios_heaps_HeapMem_Object__count__C                   
2000fc08  ti_sysbios_heaps_HeapMem_reqAlign__C                        
2000fc0c  ti_sysbios_knl_Clock_LM_begin__C                            
2000fc10  ti_sysbios_knl_Clock_LM_tick__C                             
2000fc14  ti_sysbios_knl_Clock_LW_delayed__C                          
2000fc18  ti_sysbios_knl_Clock_Module_State_clockQ__O                 
2000fc1c  ti_sysbios_knl_Clock_Module__diagsEnabled__C                
2000fc20  ti_sysbios_knl_Clock_Module__diagsIncluded__C               
2000fc24  ti_sysbios_knl_Clock_Module__diagsMask__C                   
2000fc28  ti_sysbios_knl_Clock_Module__loggerFxn1__C                  
2000fc2c  ti_sysbios_knl_Clock_Module__loggerFxn2__C                  
2000fc30  ti_sysbios_knl_Clock_Module__loggerObj__C                   
2000fc34  ti_sysbios_knl_Clock_tickPeriod__C                          
2000fc38  ti_sysbios_knl_Idle_funcList__A                             
2000fc3c  ti_sysbios_knl_Mailbox_A_invalidBufSize__C                  
2000fc40  ti_sysbios_knl_Mailbox_Instance_State_dataQue__O            
2000fc44  ti_sysbios_knl_Mailbox_Instance_State_dataSem__O            
2000fc48  ti_sysbios_knl_Mailbox_Instance_State_freeQue__O            
2000fc4c  ti_sysbios_knl_Mailbox_Instance_State_freeSem__O            
2000fc50  ti_sysbios_knl_Mailbox_Module__diagsEnabled__C              
2000fc54  ti_sysbios_knl_Mailbox_Module__diagsIncluded__C             
2000fc58  ti_sysbios_knl_Mailbox_Module__diagsMask__C                 
2000fc5c  ti_sysbios_knl_Mailbox_Object__count__C                     
2000fc60  ti_sysbios_knl_Mailbox_maxTypeAlign__C                      
2000fc64  ti_sysbios_knl_Semaphore_A_badContext__C                    
2000fc68  ti_sysbios_knl_Semaphore_A_noEvents__C                      
2000fc6c  ti_sysbios_knl_Semaphore_A_overflow__C                      
2000fc70  ti_sysbios_knl_Semaphore_A_pendTaskDisabled__C              
2000fc74  ti_sysbios_knl_Semaphore_Instance_State_pendQ__O            
2000fc78  ti_sysbios_knl_Semaphore_LM_pend__C                         
2000fc7c  ti_sysbios_knl_Semaphore_LM_post__C                         
2000fc80  ti_sysbios_knl_Semaphore_Module__diagsEnabled__C            
2000fc84  ti_sysbios_knl_Semaphore_Module__diagsIncluded__C           
2000fc88  ti_sysbios_knl_Semaphore_Module__diagsMask__C               
2000fc8c  ti_sysbios_knl_Semaphore_Module__loggerFxn2__C              
2000fc90  ti_sysbios_knl_Semaphore_Module__loggerFxn4__C              
2000fc94  ti_sysbios_knl_Semaphore_Module__loggerObj__C               
2000fc98  ti_sysbios_knl_Swi_LD_end__C                                
2000fc9c  ti_sysbios_knl_Swi_LM_begin__C                              
2000fca0  ti_sysbios_knl_Swi_LM_post__C                               
2000fca4  ti_sysbios_knl_Swi_Module__diagsEnabled__C                  
2000fca8  ti_sysbios_knl_Swi_Module__diagsIncluded__C                 
2000fcac  ti_sysbios_knl_Swi_Module__diagsMask__C                     
2000fcb0  ti_sysbios_knl_Swi_Module__loggerFxn1__C                    
2000fcb4  ti_sysbios_knl_Swi_Module__loggerFxn4__C                    
2000fcb8  ti_sysbios_knl_Swi_Module__loggerObj__C                     
2000fcbc  ti_sysbios_knl_Swi_Object__count__C                         
2000fcc0  ti_sysbios_knl_Task_A_badPriority__C                        
2000fcc4  ti_sysbios_knl_Task_A_badTaskState__C                       
2000fcc8  ti_sysbios_knl_Task_A_badThreadType__C                      
2000fccc  ti_sysbios_knl_Task_A_badTimeout__C                         
2000fcd0  ti_sysbios_knl_Task_A_noPendElem__C                         
2000fcd4  ti_sysbios_knl_Task_A_sleepTaskDisabled__C                  
2000fcd8  ti_sysbios_knl_Task_E_spOutOfBounds__C                      
2000fcdc  ti_sysbios_knl_Task_E_stackOverflow__C                      
2000fce0  ti_sysbios_knl_Task_LD_block__C                             
2000fce4  ti_sysbios_knl_Task_LD_exit__C                              
2000fce8  ti_sysbios_knl_Task_LD_ready__C                             
2000fcec  ti_sysbios_knl_Task_LM_sleep__C                             
2000fcf0  ti_sysbios_knl_Task_LM_switch__C                            
2000fcf4  ti_sysbios_knl_Task_LM_yield__C                             
2000fcf8  ti_sysbios_knl_Task_Module_State_inactiveQ__O               
2000fcfc  ti_sysbios_knl_Task_Module__diagsEnabled__C                 
2000fd00  ti_sysbios_knl_Task_Module__diagsIncluded__C                
2000fd04  ti_sysbios_knl_Task_Module__diagsMask__C                    
2000fd08  ti_sysbios_knl_Task_Module__loggerFxn2__C                   
2000fd0c  ti_sysbios_knl_Task_Module__loggerFxn4__C                   
2000fd10  ti_sysbios_knl_Task_Module__loggerObj__C                    
2000fd14  ti_sysbios_knl_Task_Object__count__C                        
2000fd18  ti_sysbios_knl_Task_allBlockedFunc__C                       
2000fd1c  ti_sysbios_knl_Task_defaultStackHeap__C                     
2000fd20  ti_sysbios_knl_Task_defaultStackSize__C                     
2000fd24  ti_sysbios_knl_Task_numConstructedTasks__C                  
2000fd28  xdc_runtime_Assert_E_assertFailed__C                        
2000fd2c  xdc_runtime_Core_A_initializedParams__C                     
2000fd30  xdc_runtime_Core_Module__diagsEnabled__C                    
2000fd34  xdc_runtime_Core_Module__diagsIncluded__C                   
2000fd38  xdc_runtime_Core_Module__diagsMask__C                       
2000fd3c  xdc_runtime_Error_E_memory__C                               
2000fd40  xdc_runtime_Error_Module__diagsEnabled__C                   
2000fd44  xdc_runtime_Error_Module__diagsIncluded__C                  
2000fd48  xdc_runtime_Error_Module__diagsMask__C                      
2000fd4c  xdc_runtime_Error_Module__loggerFxn8__C                     
2000fd50  xdc_runtime_Error_Module__loggerObj__C                      
2000fd54  xdc_runtime_Error_policyFxn__C                              
2000fd58  xdc_runtime_Error_raiseHook__C                              
2000fd5c  xdc_runtime_IFilterLogger_Interface__BASE__C                
2000fd60  xdc_runtime_IGateProvider_Interface__BASE__C                
2000fd64  xdc_runtime_IHeap_Interface__BASE__C                        
2000fd68  xdc_runtime_ILogger_Interface__BASE__C                      
2000fd6c  xdc_runtime_IModule_Interface__BASE__C                      
2000fd70  xdc_runtime_Log_L_error__C                                  
2000fd74  xdc_runtime_LoggerBuf_E_badLevel__C                         
2000fd78  xdc_runtime_LoggerBuf_Module__gateObj__C                    
2000fd7c  xdc_runtime_LoggerBuf_Object__count__C                      
2000fd80  xdc_runtime_LoggerBuf_statusLogger__C                       
2000fd84  xdc_runtime_Memory_defaultHeapInstance__C                   
2000fd88  xdc_runtime_Startup_execImpl__C                             
2000fd8c  xdc_runtime_Startup_maxPasses__C                            
2000fd90  xdc_runtime_Startup_sfxnRts__C                              
2000fd94  xdc_runtime_Startup_sfxnTab__C                              
2000fd98  xdc_runtime_SysMin_bufSize__C                               
2000fd9c  xdc_runtime_SysMin_outputFunc__C                            
2000fda0  xdc_runtime_System_Module__gateObj__C                       
2000fda4  xdc_runtime_System_abortFxn__C                              
2000fda8  xdc_runtime_System_exitFxn__C                               
2000fdac  xdc_runtime_System_extendFxn__C                             
2000fdb0  xdc_runtime_System_maxAtexitHandlers__C                     
2000fdb4  xdc_runtime_Text_charTab__C                                 
2000fdb8  xdc_runtime_Text_nameEmpty__C                               
2000fdbc  xdc_runtime_Text_nameStatic__C                              
2000fdc0  xdc_runtime_Text_nameUnknown__C                             
2000fdc4  xdc_runtime_Text_nodeTab__C                                 
2000fdc8  xdc_runtime_Text_visitRopeFxn__C                            
2000fdcc  ti_sysbios_family_arm_m3_Hwi_Module__id__C                  
2000fdce  ti_sysbios_family_arm_m3_Hwi_Module__loggerDefined__C       
2000fdd0  ti_sysbios_family_arm_m3_Timer_Module__id__C                
2000fdd2  ti_sysbios_family_arm_m3_TimestampProvider_configTimer__C   
2000fdd4  ti_sysbios_gates_GateMutex_Module__id__C                    
2000fdd6  ti_sysbios_hal_Hwi_Module__id__C                            
2000fdd8  ti_sysbios_heaps_HeapMem_Module__id__C                      
2000fdda  ti_sysbios_knl_Clock_Module__id__C                          
2000fddc  ti_sysbios_knl_Clock_Module__loggerDefined__C               
2000fdde  ti_sysbios_knl_Mailbox_Module__id__C                        
2000fde0  ti_sysbios_knl_Semaphore_Module__id__C                      
2000fde2  ti_sysbios_knl_Semaphore_Module__loggerDefined__C           
2000fde4  ti_sysbios_knl_Swi_Module__id__C                            
2000fde6  ti_sysbios_knl_Swi_Module__loggerDefined__C                 
2000fde8  ti_sysbios_knl_Task_Module__id__C                           
2000fdea  ti_sysbios_knl_Task_Module__loggerDefined__C                
2000fdec  xdc_runtime_Core_Module__id__C                              
2000fdee  xdc_runtime_Error_Module__loggerDefined__C                  
2000fdf0  xdc_runtime_Error_maxDepth__C                               
2000fdf2  xdc_runtime_LoggerBuf_Module__id__C                         
2000fdf4  xdc_runtime_LoggerBuf_filterByLevel__C                      
2000fdf6  xdc_runtime_Memory_Module__id__C                            
2000fdf8  xdc_runtime_SysMin_flushAtExit__C                           
2000fdfa  xdc_runtime_Text_charCnt__C                                 
2000fdfc  xdc_runtime_Text_isLoaded__C                                
2000fdfe  xdc_runtime_Text_registryModsLastId__C                      
2000fe00  xdc_runtime_Text_unnamedModsLastId__C                       
2000fe08  __TI_static_base__                                          
20010138  __TI_Handler_Table_Base                                     
20010144  __TI_Handler_Table_Limit                                    
20010150  __TI_CINIT_Base                                             
20010160  __TI_CINIT_Limit                                            
20017000  ti_sysbios_heaps_HeapMem_Instance_State_0_buf__A            
2001f000  ti_sysbios_knl_Task_Instance_State_0_stack__A               
2001f800  xdc_runtime_LoggerBuf_Instance_State_0_entryArr__A          
2001fc00  xdc_runtime_SysMin_Module_State_0_outbuf__A                 
20020000  ti_sysbios_family_arm_m3_Hwi_dispatchTable                  
20020484  __CIOBUF_                                                   
200205a4  g_ucDinDout                                                 
200205fc  DMAMsgQ                                                     
20020600  SimpleLinkSpawnTaskHndl                                     
20020604  g_cDummy                                                    
20020608  i                                                           
2002060c  simpleLink_mailbox                                          
20020610  RxIrqCnt                                                    
20020611  g_bDeviceRestartIsRequired                                  
20020614  ti_sysbios_family_arm_m3_Hwi_Module__root__V                
2002061c  ti_sysbios_family_arm_m3_Hwi_Object__table__V               
20020634  ti_sysbios_family_arm_m3_Hwi_Module_State_0_excActive__A    
20020638  ti_sysbios_family_arm_m3_Hwi_Module_State_0_excContext__A   
2002063c  ti_sysbios_family_arm_m3_Hwi_Module_State_0_excStack__A     
20020640  ti_sysbios_family_arm_m3_Timer_Module__root__V              
20020648  ti_sysbios_family_arm_m3_Timer_Module__state__V             
20020654  ti_sysbios_family_arm_m3_TimestampProvider_Module__state__V 
20020658  ti_sysbios_gates_GateHwi_Module__root__V                    
20020660  ti_sysbios_gates_GateHwi_Object__table__V                   
20020664  ti_sysbios_gates_GateMutex_Module__root__V                  
2002066c  ti_sysbios_hal_Hwi_Module__root__V                          
20020674  ti_sysbios_hal_Timer_Module__root__V                        
2002067c  ti_sysbios_heaps_HeapMem_Module__root__V                    
20020684  ti_sysbios_heaps_HeapMem_Object__table__V                   
2002069c  ti_sysbios_knl_Clock_Module__root__V                        
200206a4  ti_sysbios_knl_Event_Module__root__V                        
200206ac  ti_sysbios_knl_Mailbox_Module__root__V                      
200206b4  ti_sysbios_knl_Queue_Module__root__V                        
200206bc  ti_sysbios_knl_Semaphore_Module__root__V                    
200206c4  ti_sysbios_knl_Swi_Module__root__V                          
200206cc  ti_sysbios_knl_Swi_Module__state__V                         
200206e8  ti_sysbios_knl_Task_Module__root__V                         
200206f0  ti_sysbios_knl_Task_Module_State_0_idleTask__A              
200206f4  xdc_runtime_Error_Module__state__V                          
200206f8  xdc_runtime_LoggerBuf_Module__root__V                       
20020700  xdc_runtime_LoggerBuf_Module__state__V                      
20020708  xdc_runtime_Memory_Module__state__V                         
2002070c  xdc_runtime_Registry_Module__state__V                       
20020714  xdc_runtime_Startup_Module__state__V                        
2002071c  xdc_runtime_SysMin_Module__state__V                         
20020728  xdc_runtime_System_Module_State_0_atexitHandlers__A         
20020738  xdc_runtime_System_Module__state__V                         
20020740  xdc_runtime_Text_Module__state__V                           
20020748  __xdc__init__addr                                           
2002074c  ti_sysbios_knl_Swi_Module_State_0_readyQ__A                 
200207cc  ti_sysbios_knl_Task_Module_State_0_readyQ__A                
2002084c  ti_sysbios_knl_Task_Object__table__V                        
20020898  ti_sysbios_knl_Task_Module__state__V                        
200208dc  ti_sysbios_gates_GateMutex_Object__table__V                 
20020914  ti_sysbios_family_arm_m3_Hwi_Module__state__V               
20020948  ti_sysbios_family_arm_m3_Timer_Object__table__V             
20020978  ti_sysbios_knl_Swi_Object__table__V                         
200209a8  ti_sysbios_knl_Clock_Module__state__V                       
200209d4  ti_sysbios_BIOS_Module__state__V                            
200209f8  xdc_runtime_LoggerBuf_Object__table__V                      
20020a20  g_pCB                                                       
20020a24  pPingCallBackFunc                                           
20020a2c  g_SpiFd                                                     
20020a30  g_pHostIntHdl                                               
20020a34  g_ucDMAEnabled                                              
20020a38  _lock                                                       
20020a3c  _unlock                                                     
20020a40  __TI_cleanup_ptr                                            
20020a44  __TI_dtors_ptr                                              
20020a48  main_func_sp                                                
2002e000  __stack                                                     
20030000  __STACK_END                                                 
e000e000  ti_sysbios_family_arm_m3_Hwi_nvic                           
ffffffff  __binit__                                                   
ffffffff  __c_args__                                                  
ffffffff  binit                                                       
UNDEFED   SHT$$INIT_ARRAY$$Base                                       
UNDEFED   SHT$$INIT_ARRAY$$Limit                                      

[784 symbols]
